product-sale-prediction-AI/data/prepared_daily_sales.csv
seller_id,product_id,date,sale_price,original_price,quantity,is_holiday,is_weekend,day_of_week,day_of_month,month,lag_1,lag_7,lag_30
seller_1,p100,2024-03-14,766.2996525096524,799.0,555,0,0,3,14,3,518.0,512.0,791.0
seller_1,p100,2024-03-15,762.2489788732394,799.0,599,0,0,4,15,3,555.0,571.0,746.0
seller_1,p100,2024-03-16,720.4337743190662,799.0,605,0,1,5,16,3,599.0,627.0,730.0
seller_1,p100,2024-03-17,718.4177130044843,799.0,564,0,1,6,17,3,605.0,701.0,538.0
seller_1,p100,2024-03-18,762.0772164948454,799.0,575,0,0,0,18,3,564.0,479.0,657.0
seller_1,p100,2024-03-19,765.2737931034483,799.0,576,0,0,1,19,3,575.0,545.0,537.0
seller_1,p100,2024-03-20,762.3153846153846,799.0,497,0,0,2,20,3,576.0,518.0,529.0
seller_1,p100,2024-03-21,762.9310714285715,799.0,523,0,0,3,21,3,497.0,555.0,498.0
seller_1,p100,2024-03-22,763.1513924050633,799.0,479,0,0,4,22,3,523.0,599.0,555.0
seller_1,p100,2024-03-23,717.45625,799.0,600,0,1,5,23,3,479.0,605.0,580.0
seller_1,p100,2024-03-24,718.991899641577,799.0,693,0,1,6,24,3,600.0,564.0,592.0
seller_1,p100,2024-03-25,726.4426978417266,799.0,589,0,0,0,25,3,693.0,575.0,617.0
seller_1,p100,2024-03-26,727.0298233215548,799.0,664,0,0,1,26,3,589.0,576.0,664.0
seller_1,p100,2024-03-27,725.3350996015936,799.0,577,0,0,2,27,3,664.0,497.0,545.0
seller_1,p100,2024-03-28,724.0021088435374,799.0,688,0,0,3,28,3,577.0,523.0,563.0
seller_1,p100,2024-03-29,723.9384337349398,799.0,563,0,0,4,29,3,688.0,479.0,619.0
seller_1,p100,2024-03-30,682.7062903225807,799.0,652,0,1,5,30,3,563.0,600.0,642.0
seller_1,p100,2024-03-31,678.2181224489796,799.0,640,0,1,6,31,3,652.0,693.0,566.0
seller_1,p100,2024-04-01,765.3968292682927,799.0,558,0,0,0,1,4,640.0,589.0,606.0
seller_1,p100,2024-04-02,761.6387951807229,799.0,556,0,0,1,2,4,558.0,664.0,550.0
seller_1,p100,2024-04-03,764.8106896551724,799.0,567,0,0,2,3,4,556.0,577.0,570.0
seller_1,p100,2024-04-04,761.2307326007326,799.0,609,0,0,3,4,4,567.0,688.0,541.0
seller_1,p100,2024-04-05,761.6803690036901,799.0,575,0,0,4,5,4,609.0,563.0,536.0
seller_1,p100,2024-04-06,718.9592125984252,799.0,576,0,1,5,6,4,575.0,652.0,512.0
seller_1,p100,2024-04-07,719.4288888888889,799.0,547,0,1,6,7,4,576.0,640.0,571.0
seller_1,p100,2024-04-08,760.59392,799.0,531,0,0,0,8,4,547.0,558.0,627.0
seller_1,p100,2024-04-09,763.7902641509435,799.0,532,0,0,1,9,4,531.0,556.0,701.0
seller_1,p100,2024-04-10,762.0790601503759,799.0,544,0,0,2,10,4,532.0,567.0,479.0
seller_1,p100,2024-04-11,761.4653556485356,799.0,502,0,0,3,11,4,544.0,609.0,545.0
seller_1,p100,2024-04-12,762.4032773109244,799.0,487,0,0,4,12,4,502.0,575.0,518.0
seller_1,p100,2024-04-13,720.9157196969697,799.0,631,0,1,5,13,4,487.0,576.0,555.0
seller_1,p100,2024-04-14,721.243510638298,799.0,673,0,1,6,14,4,631.0,547.0,599.0
seller_1,p100,2024-04-15,762.8050413223141,799.0,511,0,0,0,15,4,673.0,531.0,605.0
seller_1,p100,2024-04-16,762.6926612903226,799.0,504,0,0,1,16,4,511.0,532.0,564.0
seller_1,p100,2024-04-17,764.2346212121212,799.0,557,0,0,2,17,4,504.0,544.0,575.0
seller_1,p100,2024-04-18,763.6424603174603,799.0,483,0,0,3,18,4,557.0,502.0,576.0
seller_1,p100,2024-04-19,764.4187072243346,799.0,554,0,0,4,19,4,483.0,487.0,497.0
seller_1,p100,2024-04-20,717.4541240875913,799.0,659,0,1,5,20,4,554.0,631.0,523.0
seller_1,p100,2024-04-21,720.2372950819672,799.0,549,0,1,6,21,4,659.0,673.0,479.0
seller_1,p100,2024-04-22,763.7730483271376,799.0,575,0,0,0,22,4,549.0,511.0,600.0
seller_1,p100,2024-04-23,761.8025384615385,799.0,560,0,0,1,23,4,575.0,504.0,693.0
seller_1,p100,2024-04-24,763.6948872180451,799.0,544,0,0,2,24,4,560.0,557.0,589.0
seller_1,p100,2024-04-25,725.4697142857143,799.0,649,0,0,3,25,4,544.0,483.0,664.0
seller_1,p100,2024-04-26,723.6165447154472,799.0,574,0,0,4,26,4,649.0,554.0,577.0
seller_1,p100,2024-04-27,680.0721484375,799.0,602,0,1,5,27,4,574.0,659.0,688.0
seller_1,p100,2024-04-28,679.3308088235294,799.0,745,0,1,6,28,4,602.0,549.0,563.0
seller_1,p100,2024-04-29,725.9848943661972,799.0,618,0,0,0,29,4,745.0,575.0,652.0
seller_1,p100,2024-04-30,727.4346263345196,799.0,634,0,0,1,30,4,618.0,560.0,640.0
seller_1,p100,2024-05-01,761.6969649805447,799.0,538,0,0,2,1,5,634.0,544.0,558.0
seller_1,p100,2024-05-02,763.1964135021096,799.0,487,0,0,3,2,5,538.0,649.0,556.0
seller_1,p100,2024-05-03,763.0333064516129,799.0,529,0,0,4,3,5,487.0,574.0,567.0
seller_1,p100,2024-05-04,721.0747843137256,799.0,636,0,1,5,4,5,529.0,602.0,609.0
seller_1,p100,2024-05-05,717.653171641791,799.0,667,0,1,6,5,5,636.0,745.0,575.0
seller_1,p100,2024-05-06,762.8578455284553,799.0,502,0,0,0,6,5,667.0,618.0,576.0
seller_1,p100,2024-05-07,763.8988070175438,799.0,570,0,0,1,7,5,502.0,634.0,547.0
seller_1,p100,2024-05-08,765.7487946428572,799.0,491,0,0,2,8,5,570.0,538.0,531.0
seller_1,p100,2024-05-09,765.5470085470085,799.0,448,0,0,3,9,5,491.0,487.0,532.0
seller_1,p100,2024-05-10,765.0288235294117,799.0,495,0,0,4,10,5,448.0,529.0,544.0
seller_1,p100,2024-05-11,718.119022556391,799.0,592,0,1,5,11,5,495.0,636.0,502.0
seller_1,p100,2024-05-12,718.8094023904382,799.0,624,0,1,6,12,5,592.0,667.0,487.0
seller_1,p100,2024-05-13,764.0439925373134,799.0,538,0,0,0,13,5,624.0,502.0,631.0
seller_1,p100,2024-05-14,764.648943089431,799.0,528,0,0,1,14,5,538.0,570.0,673.0
seller_1,p100,2024-05-15,765.1840540540541,799.0,532,0,0,2,15,5,528.0,491.0,511.0
seller_1,p100,2024-05-16,763.5067248908297,799.0,455,0,0,3,16,5,532.0,448.0,504.0
seller_1,p100,2024-05-17,765.7532669322709,799.0,542,0,0,4,17,5,455.0,495.0,557.0
seller_1,p100,2024-05-18,720.4036162361624,799.0,603,0,1,5,18,5,542.0,592.0,483.0
seller_1,p100,2024-05-19,719.646,799.0,621,0,1,6,19,5,603.0,624.0,554.0
seller_1,p100,2024-05-20,762.4167300380228,799.0,559,0,0,0,20,5,621.0,538.0,659.0
seller_1,p100,2024-05-21,764.9165145228216,799.0,509,0,0,1,21,5,559.0,528.0,549.0
seller_1,p100,2024-05-22,763.6827651515151,799.0,530,0,0,2,22,5,509.0,532.0,575.0
seller_1,p100,2024-05-23,763.6749212598424,799.0,506,0,0,3,23,5,530.0,455.0,560.0
seller_1,p100,2024-05-24,765.8382868525897,799.0,525,0,0,4,24,5,506.0,542.0,544.0
seller_1,p100,2024-05-25,677.1255648535565,799.0,633,0,1,5,25,5,525.0,603.0,649.0
seller_1,p100,2024-05-26,680.9814440433213,799.0,680,0,1,6,26,5,633.0,621.0,574.0
seller_1,p100,2024-05-27,725.4184025559105,799.0,688,1,0,0,27,5,680.0,559.0,602.0
seller_1,p100,2024-05-28,727.116,799.0,587,0,0,1,28,5,688.0,509.0,745.0
seller_1,p100,2024-05-29,722.9063272727273,799.0,599,0,0,2,29,5,587.0,530.0,618.0
seller_1,p100,2024-05-30,725.4589399293286,799.0,674,0,0,3,30,5,599.0,506.0,634.0
seller_1,p100,2024-05-31,727.2157575757575,799.0,564,0,0,4,31,5,674.0,525.0,538.0
seller_1,p100,2024-06-01,716.0295564516128,799.0,668,0,1,5,1,6,564.0,633.0,487.0
seller_1,p100,2024-06-02,719.3891836734695,799.0,583,0,1,6,2,6,668.0,680.0,529.0
seller_1,p100,2024-06-03,764.681673306773,799.0,509,0,0,0,3,6,583.0,688.0,636.0
seller_1,p100,2024-06-04,761.5240830449827,799.0,623,0,0,1,4,6,509.0,587.0,667.0
seller_1,p100,2024-06-05,763.0987867647059,799.0,554,0,0,2,5,6,623.0,599.0,502.0
seller_1,p100,2024-06-06,762.7807843137255,799.0,512,0,0,3,6,6,554.0,674.0,570.0
seller_1,p100,2024-06-07,764.5218431372549,799.0,510,0,0,4,7,6,512.0,564.0,491.0
seller_1,p100,2024-06-08,719.8930416666666,799.0,594,0,1,5,8,6,510.0,668.0,448.0
seller_1,p100,2024-06-09,717.0654646840148,799.0,674,0,1,6,9,6,594.0,583.0,495.0
seller_1,p100,2024-06-10,759.8071721311476,799.0,502,0,0,0,10,6,674.0,509.0,592.0
seller_1,p100,2024-06-11,765.4128571428571,799.0,616,0,0,1,11,6,502.0,623.0,624.0
seller_1,p100,2024-06-12,762.9439043824701,799.0,503,0,0,2,12,6,616.0,554.0,538.0
seller_1,p100,2024-06-13,764.5305859375,799.0,543,0,0,3,13,6,503.0,512.0,528.0
seller_1,p100,2024-06-14,764.3203422053232,799.0,546,0,0,4,14,6,543.0,510.0,532.0
seller_1,p100,2024-06-15,719.6795019157088,799.0,611,0,1,5,15,6,546.0,594.0,455.0
seller_1,p100,2024-06-16,721.5224496644296,799.0,687,0,1,6,16,6,611.0,674.0,542.0
seller_1,p100,2024-06-17,765.9546274509804,799.0,523,0,0,0,17,6,687.0,502.0,603.0
seller_1,p100,2024-06-18,763.1483458646617,799.0,551,0,0,1,18,6,523.0,616.0,621.0
seller_1,p100,2024-06-19,762.1243373493976,799.0,539,1,0,2,19,6,551.0,503.0,559.0
seller_1,p100,2024-06-20,761.6889078498293,799.0,580,0,0,3,20,6,539.0,543.0,509.0
seller_1,p100,2024-06-21,764.1751698113208,799.0,566,0,0,4,21,6,580.0,546.0,530.0
seller_1,p100,2024-06-22,720.0487984496124,799.0,637,0,1,5,22,6,566.0,611.0,506.0
seller_1,p100,2024-06-23,720.8179918032787,799.0,584,0,1,6,23,6,637.0,687.0,525.0
seller_1,p100,2024-06-24,761.6929389312977,799.0,561,0,0,0,24,6,584.0,523.0,633.0
seller_1,p100,2024-06-25,725.6667391304347,799.0,611,0,0,1,25,6,561.0,551.0,680.0
seller_1,p100,2024-06-26,725.5513438735178,799.0,582,0,0,2,26,6,611.0,539.0,688.0
seller_1,p100,2024-06-27,724.58,799.0,596,0,0,3,27,6,582.0,580.0,587.0
seller_1,p100,2024-06-28,728.4964591439689,799.0,560,0,0,4,28,6,596.0,566.0,599.0
seller_1,p100,2024-06-29,680.8930451127819,799.0,714,0,1,5,29,6,560.0,637.0,674.0
seller_1,p100,2024-06-30,681.3010861423221,799.0,707,0,1,6,30,6,714.0,584.0,564.0
seller_1,p100,2024-07-01,763.0677559055118,799.0,560,0,0,0,1,7,707.0,561.0,668.0
seller_1,p100,2024-07-02,763.1286988847584,799.0,608,0,0,1,2,7,560.0,611.0,583.0
seller_1,p100,2024-07-03,676.0590391459075,799.0,785,0,0,2,3,7,608.0,582.0,509.0
seller_1,p100,2024-07-04,676.8052307692308,799.0,748,1,0,3,4,7,785.0,596.0,623.0
seller_1,p100,2024-07-05,680.4978066914498,799.0,779,0,0,4,5,7,748.0,560.0,554.0
seller_1,p100,2024-07-06,717.6067669172932,799.0,625,0,1,5,6,7,779.0,714.0,512.0
seller_1,p100,2024-07-07,716.9718146718147,799.0,615,0,1,6,7,7,625.0,707.0,510.0
seller_1,p100,2024-07-08,763.5688541666666,799.0,577,0,0,0,8,7,615.0,560.0,594.0
seller_1,p100,2024-07-09,762.787380952381,799.0,551,0,0,1,9,7,577.0,608.0,674.0
seller_1,p100,2024-07-10,763.6669454545455,799.0,549,0,0,2,10,7,551.0,785.0,502.0
seller_1,p100,2024-07-11,766.9280859375,799.0,502,0,0,3,11,7,549.0,748.0,616.0
seller_1,p100,2024-07-12,764.5616974169742,799.0,577,0,0,4,12,7,502.0,779.0,503.0
seller_1,p100,2024-07-13,718.5152416356877,799.0,628,0,1,5,13,7,577.0,625.0,543.0
seller_1,p100,2024-07-14,717.4082771535581,799.0,641,0,1,6,14,7,628.0,615.0,546.0
seller_1,p100,2024-07-15,764.9979530201342,799.0,590,0,0,0,15,7,641.0,577.0,611.0
seller_1,p100,2024-07-16,761.2204255319149,799.0,498,0,0,1,16,7,590.0,551.0,687.0
seller_1,p100,2024-07-17,766.6627199999999,799.0,508,0,0,2,17,7,498.0,549.0,523.0
seller_1,p100,2024-07-18,762.5249003984064,799.0,529,0,0,3,18,7,508.0,502.0,551.0
seller_1,p100,2024-07-19,760.3298689956332,799.0,482,0,0,4,19,7,529.0,577.0,539.0
seller_1,p100,2024-07-20,721.5938314176245,799.0,640,0,1,5,20,7,482.0,628.0,580.0
seller_1,p100,2024-07-21,722.7159126984127,799.0,578,0,1,6,21,7,640.0,641.0,566.0
seller_1,p100,2024-07-22,764.1139552238807,799.0,503,0,0,0,22,7,578.0,590.0,637.0
seller_1,p100,2024-07-23,762.6540167364017,799.0,481,0,0,1,23,7,503.0,498.0,584.0
seller_1,p100,2024-07-24,764.8050632911392,799.0,472,0,0,2,24,7,481.0,508.0,561.0
seller_1,p100,2024-07-25,728.2112037037036,799.0,476,0,0,3,25,7,472.0,529.0,611.0
seller_1,p100,2024-07-26,724.368671875,799.0,569,0,0,4,26,7,476.0,482.0,582.0
seller_1,p100,2024-07-27,681.8528,799.0,726,0,1,5,27,7,569.0,640.0,596.0
seller_1,p100,2024-07-28,682.7473234200744,799.0,694,0,1,6,28,7,726.0,578.0,560.0
seller_1,p100,2024-07-29,727.0088188976378,799.0,586,0,0,0,29,7,694.0,503.0,714.0
seller_1,p100,2024-07-30,728.1659999999999,799.0,633,0,0,1,30,7,586.0,481.0,707.0
seller_1,p100,2024-07-31,725.4578571428572,799.0,516,0,0,2,31,7,633.0,472.0,560.0
seller_1,p100,2024-08-01,763.9618518518519,799.0,568,0,0,3,1,8,516.0,476.0,608.0
seller_1,p100,2024-08-02,763.0164528301887,799.0,572,0,0,4,2,8,568.0,569.0,785.0
seller_1,p100,2024-08-03,718.1236298932384,799.0,698,0,1,5,3,8,572.0,726.0,748.0
seller_1,p100,2024-08-04,720.3066666666667,799.0,579,0,1,6,4,8,698.0,694.0,779.0
seller_1,p100,2024-08-05,765.9098951048951,799.0,619,0,0,0,5,8,579.0,586.0,625.0
seller_1,p100,2024-08-06,763.6922264150943,799.0,544,0,0,1,6,8,619.0,633.0,615.0
seller_1,p100,2024-08-07,766.0548351648351,799.0,577,0,0,2,7,8,544.0,516.0,577.0
seller_1,p100,2024-08-08,764.8172972972973,799.0,558,0,0,3,8,8,577.0,568.0,551.0
seller_1,p100,2024-08-09,761.5391570881226,799.0,533,0,0,4,9,8,558.0,572.0,549.0
seller_1,p100,2024-08-10,723.3955319148937,799.0,557,0,1,5,10,8,533.0,698.0,502.0
seller_1,p100,2024-08-11,719.9053877551021,799.0,602,0,1,6,11,8,557.0,579.0,577.0
seller_1,p100,2024-08-12,763.9610416666667,799.0,587,0,0,0,12,8,602.0,619.0,628.0
seller_1,p100,2024-08-13,764.1603174603174,799.0,534,0,0,1,13,8,587.0,544.0,641.0
seller_1,p100,2024-08-14,763.5470411985019,799.0,547,0,0,2,14,8,534.0,577.0,590.0
seller_1,p100,2024-08-15,766.7889494163425,799.0,521,0,0,3,15,8,547.0,558.0,498.0
seller_1,p100,2024-08-16,768.3512903225807,799.0,485,0,0,4,16,8,521.0,533.0,508.0
seller_1,p100,2024-08-17,722.4580155642024,799.0,609,0,1,5,17,8,485.0,557.0,529.0
seller_1,p100,2024-08-18,719.001274131274,799.0,624,0,1,6,18,8,609.0,602.0,482.0
seller_1,p100,2024-08-19,762.0854661016949,799.0,475,0,0,0,19,8,624.0,587.0,640.0
seller_1,p100,2024-08-20,764.3577946768061,799.0,528,0,0,1,20,8,475.0,534.0,578.0
seller_1,p100,2024-08-21,766.7507968127491,799.0,516,0,0,2,21,8,528.0,547.0,503.0
seller_1,p100,2024-08-22,766.8602991452991,799.0,454,0,0,3,22,8,516.0,521.0,481.0
seller_1,p100,2024-08-23,763.6306153846153,799.0,548,0,0,4,23,8,454.0,485.0,472.0
seller_1,p100,2024-08-24,720.7850950570343,799.0,625,0,1,5,24,8,548.0,609.0,476.0
seller_1,p100,2024-08-25,680.6210460251045,799.0,602,0,1,6,25,8,625.0,624.0,569.0
seller_1,p100,2024-08-26,728.3934375,799.0,534,0,0,0,26,8,602.0,475.0,726.0
seller_1,p100,2024-08-27,724.1447280334728,799.0,558,0,0,1,27,8,534.0,528.0,694.0
seller_1,p100,2024-08-28,724.441,799.0,591,0,0,2,28,8,558.0,516.0,586.0
seller_1,p100,2024-08-29,728.0810196078431,799.0,543,0,0,3,29,8,591.0,454.0,633.0
seller_1,p100,2024-08-30,726.9011328125,799.0,545,0,0,4,30,8,543.0,548.0,516.0
seller_1,p100,2024-08-31,680.9080161943319,799.0,637,0,1,5,31,8,545.0,625.0,568.0
seller_1,p100,2024-09-01,720.7895849056604,799.0,668,0,1,6,1,9,637.0,602.0,572.0
seller_1,p100,2024-09-02,763.2649462365592,799.0,615,1,0,0,2,9,668.0,534.0,698.0
seller_1,p100,2024-09-03,765.7988389513109,799.0,536,0,0,1,3,9,615.0,558.0,579.0
seller_1,p100,2024-09-04,763.5896774193548,799.0,535,0,0,2,4,9,536.0,591.0,619.0
seller_1,p100,2024-09-05,763.3989959839357,799.0,549,0,0,3,5,9,535.0,543.0,544.0
seller_1,p100,2024-09-06,765.6411320754717,799.0,589,0,0,4,6,9,549.0,545.0,577.0
seller_1,p100,2024-09-07,717.1551792828685,799.0,586,0,1,5,7,9,589.0,637.0,558.0
seller_1,p100,2024-09-08,716.0164655172414,799.0,579,0,1,6,8,9,586.0,668.0,533.0
seller_1,p100,2024-09-09,763.8372900763359,799.0,559,0,0,0,9,9,579.0,615.0,557.0
seller_1,p100,2024-09-10,764.3202692307692,799.0,550,0,0,1,10,9,559.0,536.0,602.0
seller_1,p100,2024-09-11,762.7252127659575,799.0,541,0,0,2,11,9,550.0,535.0,587.0
seller_1,p100,2024-09-12,763.4556826568265,799.0,581,0,0,3,12,9,541.0,549.0,534.0
seller_1,p100,2024-09-13,764.1574181818182,799.0,552,0,0,4,13,9,581.0,589.0,547.0
seller_1,p100,2024-09-14,719.924104477612,799.0,615,0,1,5,14,9,552.0,586.0,521.0
seller_1,p100,2024-09-15,719.5205747126437,799.0,640,0,1,6,15,9,615.0,579.0,485.0
seller_1,p100,2024-09-16,761.4293636363636,799.0,477,0,0,0,16,9,640.0,559.0,609.0
seller_1,p100,2024-09-17,765.1275590551181,799.0,528,0,0,1,17,9,477.0,550.0,624.0
seller_1,p100,2024-09-18,763.4109489051095,799.0,588,0,0,2,18,9,528.0,541.0,475.0
seller_1,p100,2024-09-19,763.9718775510204,799.0,502,0,0,3,19,9,588.0,581.0,528.0
seller_1,p100,2024-09-20,764.613515625,799.0,538,0,0,4,20,9,502.0,552.0,516.0
seller_1,p100,2024-09-21,719.5327737226278,799.0,646,0,1,5,21,9,538.0,615.0,454.0
seller_1,p100,2024-09-22,718.9258450704225,799.0,674,0,1,6,22,9,646.0,640.0,548.0
seller_1,p100,2024-09-23,764.7763424124513,799.0,528,0,0,0,23,9,674.0,477.0,625.0
seller_1,p100,2024-09-24,764.4431092436974,799.0,459,0,0,1,24,9,528.0,528.0,602.0
seller_1,p100,2024-09-25,724.0654873646209,799.0,640,0,0,2,25,9,459.0,588.0,534.0
seller_1,p100,2024-09-26,725.2283064516129,799.0,561,0,0,3,26,9,640.0,502.0,558.0
seller_1,p100,2024-09-27,724.8346441947566,799.0,592,0,0,4,27,9,561.0,538.0,591.0
seller_1,p100,2024-09-28,682.0235019455254,799.0,672,0,1,5,28,9,592.0,646.0,543.0
seller_1,p100,2024-09-29,679.4232295719844,799.0,670,0,1,6,29,9,672.0,674.0,545.0
seller_1,p100,2024-09-30,726.3984645669291,799.0,606,0,0,0,30,9,670.0,528.0,637.0
seller_1,p100,2024-10-01,765.414037037037,799.0,579,0,0,1,1,10,606.0,459.0,668.0
seller_1,p100,2024-10-02,764.7312260536398,799.0,575,0,0,2,2,10,579.0,640.0,615.0
seller_1,p100,2024-10-03,763.5347666666667,799.0,664,0,0,3,3,10,575.0,561.0,536.0
seller_1,p100,2024-10-04,763.3455743243244,799.0,645,0,0,4,4,10,664.0,592.0,535.0
seller_1,p100,2024-10-05,722.4360236220473,799.0,642,0,1,5,5,10,645.0,672.0,549.0
seller_1,p100,2024-10-06,721.5554615384616,799.0,623,0,1,6,6,10,642.0,670.0,589.0
seller_1,p100,2024-10-07,762.4878731343283,799.0,525,0,0,0,7,10,623.0,606.0,586.0
seller_1,p100,2024-10-08,762.199014084507,799.0,586,0,0,1,8,10,525.0,579.0,579.0
seller_1,p100,2024-10-09,763.1661538461539,799.0,555,0,0,2,9,10,586.0,575.0,559.0
seller_1,p100,2024-10-10,763.5013011152416,799.0,568,0,0,3,10,10,555.0,664.0,550.0
seller_1,p100,2024-10-11,764.6097752808988,799.0,593,0,0,4,11,10,568.0,645.0,541.0
seller_1,p100,2024-10-12,722.1984251968504,799.0,607,0,1,5,12,10,593.0,642.0,581.0
seller_1,p100,2024-10-13,720.0122868217055,799.0,631,0,1,6,13,10,607.0,623.0,552.0
seller_1,p100,2024-10-14,763.7843775100401,799.0,539,1,0,0,14,10,631.0,525.0,615.0
seller_1,p100,2024-10-15,765.833306122449,799.0,500,0,0,1,15,10,539.0,586.0,640.0
seller_1,p100,2024-10-16,763.0707251908397,799.0,545,0,0,2,16,10,500.0,555.0,477.0
seller_1,p100,2024-10-17,765.1235059760957,799.0,532,0,0,3,17,10,545.0,568.0,528.0
seller_1,p100,2024-10-18,760.9191153846153,799.0,521,0,0,4,18,10,532.0,593.0,588.0
