product-sale-prediction-AI/data/prepared_daily_sales.csv
seller_id,product_id,date,sale_price,original_price,quantity,is_holiday,is_weekend,day_of_week,day_of_month,month,lag_1,lag_7,lag_30
seller_1,p100,2024-10-19,720.7202307692309,799.0,642,0,1,5,19,10,521.0,607.0,502.0
seller_1,p100,2024-10-20,718.9211870503597,799.0,642,0,1,6,20,10,642.0,631.0,538.0
seller_1,p100,2024-10-21,762.5861153846155,799.0,559,0,0,0,21,10,642.0,539.0,646.0
seller_1,p100,2024-10-22,764.9863385826771,799.0,530,0,0,1,22,10,559.0,500.0,674.0
seller_1,p100,2024-10-23,761.7656470588234,799.0,528,0,0,2,23,10,530.0,545.0,528.0
seller_1,p100,2024-10-24,762.1243369175627,799.0,556,0,0,3,24,10,528.0,532.0,459.0
seller_1,p100,2024-10-25,725.0163529411765,799.0,590,0,0,4,25,10,556.0,521.0,640.0
seller_1,p100,2024-10-26,678.1124175824176,799.0,712,0,1,5,26,10,590.0,642.0,561.0
seller_1,p100,2024-10-27,682.8791489361703,799.0,709,0,1,6,27,10,712.0,642.0,592.0
seller_1,p100,2024-10-28,724.5046666666667,799.0,626,0,0,0,28,10,709.0,559.0,672.0
seller_1,p100,2024-10-29,730.122947761194,799.0,620,0,0,1,29,10,626.0,530.0,670.0
seller_1,p100,2024-10-30,650.7270355731225,799.0,732,0,0,2,30,10,620.0,528.0,606.0
seller_1,p100,2024-10-31,652.5683524904215,799.0,786,0,0,3,31,10,732.0,556.0,579.0
seller_1,p100,2024-11-01,677.935569105691,799.0,794,0,0,4,1,11,786.0,590.0,575.0
seller_1,p100,2024-11-02,718.1400803212852,799.0,676,0,1,5,2,11,794.0,712.0,664.0
seller_1,p100,2024-11-03,720.3515267175572,799.0,743,0,1,6,3,11,676.0,709.0,645.0
seller_1,p100,2024-11-04,762.1545000000001,799.0,651,0,0,0,4,11,743.0,626.0,642.0
seller_1,p100,2024-11-05,765.2136328125,799.0,628,0,0,1,5,11,651.0,620.0,623.0
seller_1,p100,2024-11-06,762.4207905138339,799.0,582,0,0,2,6,11,628.0,732.0,525.0
seller_1,p100,2024-11-07,761.5598084291187,799.0,583,0,0,3,7,11,582.0,786.0,586.0
seller_1,p100,2024-11-08,763.7910040160642,799.0,576,0,0,4,8,11,583.0,794.0,555.0
seller_1,p100,2024-11-09,719.8563559322034,799.0,603,0,1,5,9,11,576.0,676.0,568.0
seller_1,p100,2024-11-10,720.4413025210084,799.0,634,0,1,6,10,11,603.0,743.0,593.0
seller_1,p100,2024-11-11,764.888037037037,799.0,589,1,0,0,11,11,634.0,651.0,607.0
seller_1,p100,2024-11-12,766.5679432624114,799.0,677,0,0,1,12,11,589.0,628.0,631.0
seller_1,p100,2024-11-13,765.2116541353383,799.0,684,0,0,2,13,11,677.0,582.0,539.0
seller_1,p100,2024-11-14,764.8160076045626,799.0,597,0,0,3,14,11,684.0,583.0,500.0
seller_1,p100,2024-11-15,763.868256227758,799.0,632,0,0,4,15,11,597.0,576.0,545.0
seller_1,p100,2024-11-16,719.7073221757322,799.0,605,0,1,5,16,11,632.0,603.0,532.0
seller_1,p100,2024-11-17,716.8971910112359,799.0,733,0,1,6,17,11,605.0,634.0,521.0
seller_1,p100,2024-11-18,763.0714285714286,799.0,679,0,0,0,18,11,733.0,589.0,642.0
seller_1,p100,2024-11-19,765.6198880597016,799.0,617,0,0,1,19,11,679.0,677.0,642.0
seller_1,p100,2024-11-20,762.7868874172186,799.0,664,0,0,2,20,11,617.0,684.0,559.0
seller_1,p100,2024-11-21,762.19,799.0,529,0,0,3,21,11,664.0,597.0,530.0
seller_1,p100,2024-11-22,679.4018367346939,799.0,766,0,0,4,22,11,529.0,632.0,528.0
seller_1,p100,2024-11-23,677.2385818181818,799.0,877,0,1,5,23,11,766.0,605.0,556.0
seller_1,p100,2024-11-24,679.1686008230453,799.0,769,0,1,6,24,11,877.0,733.0,590.0
seller_1,p100,2024-11-25,723.5321774193549,799.0,624,0,0,0,25,11,769.0,679.0,712.0
seller_1,p100,2024-11-26,722.6296715328467,799.0,668,0,0,1,26,11,624.0,617.0,709.0
seller_1,p100,2024-11-27,728.7575933609958,799.0,614,0,0,2,27,11,668.0,664.0,626.0
seller_1,p100,2024-11-28,724.0177049180328,799.0,614,1,0,3,28,11,614.0,529.0,620.0
seller_1,p100,2024-11-29,726.2108461538462,799.0,633,0,0,4,29,11,614.0,766.0,732.0
seller_1,p100,2024-11-30,678.9496603773586,799.0,787,0,1,5,30,11,633.0,877.0,786.0
seller_1,p100,2024-12-01,717.8500740740741,799.0,779,0,1,6,1,12,787.0,769.0,794.0
seller_1,p100,2024-12-02,763.2752173913043,799.0,664,0,0,0,2,12,779.0,624.0,676.0
seller_1,p100,2024-12-03,763.0535443037975,799.0,578,0,0,1,3,12,664.0,668.0,743.0
seller_1,p100,2024-12-04,764.6373626373627,799.0,644,0,0,2,4,12,578.0,614.0,651.0
seller_1,p100,2024-12-05,766.1364092664093,799.0,578,0,0,3,5,12,644.0,614.0,628.0
seller_1,p100,2024-12-06,765.0199578059072,799.0,546,0,0,4,6,12,578.0,633.0,582.0
seller_1,p100,2024-12-07,721.899140625,799.0,677,0,1,5,7,12,546.0,787.0,583.0
seller_1,p100,2024-12-08,717.5667489711934,799.0,645,0,1,6,8,12,677.0,779.0,576.0
seller_1,p100,2024-12-09,764.3975655430711,799.0,618,0,0,0,9,12,645.0,664.0,603.0
seller_1,p100,2024-12-10,764.9910588235294,799.0,583,0,0,1,10,12,618.0,578.0,634.0
seller_1,p100,2024-12-11,763.6893506493506,799.0,531,0,0,2,11,12,583.0,644.0,589.0
seller_1,p100,2024-12-12,763.9831687242798,799.0,546,0,0,3,12,12,531.0,578.0,677.0
seller_1,p100,2024-12-13,762.944761904762,799.0,616,0,0,4,13,12,546.0,546.0,684.0
seller_1,p100,2024-12-14,718.1142352941176,799.0,665,0,1,5,14,12,616.0,677.0,597.0
seller_1,p100,2024-12-15,722.0352416356877,799.0,745,0,1,6,15,12,665.0,645.0,632.0
seller_1,p100,2024-12-16,765.6845247148289,799.0,637,0,0,0,16,12,745.0,618.0,605.0
seller_1,p100,2024-12-17,765.4802517985612,799.0,623,0,0,1,17,12,637.0,583.0,733.0
seller_1,p100,2024-12-18,761.6230566037735,799.0,642,0,0,2,18,12,623.0,531.0,679.0
seller_1,p100,2024-12-19,761.3305263157895,799.0,592,0,0,3,19,12,642.0,546.0,617.0
seller_1,p100,2024-12-20,760.3729545454545,799.0,608,0,0,4,20,12,592.0,616.0,664.0
seller_1,p100,2024-12-21,720.0149011857707,799.0,657,0,1,5,21,12,608.0,665.0,529.0
seller_1,p100,2024-12-22,719.9824150943396,799.0,706,0,1,6,22,12,657.0,745.0,766.0
seller_1,p100,2024-12-23,764.5888663967612,799.0,569,0,0,0,23,12,706.0,637.0,877.0
seller_1,p100,2024-12-24,679.7103448275861,799.0,820,0,0,1,24,12,569.0,623.0,769.0
seller_1,p100,2024-12-25,651.3816911764707,799.0,869,1,0,2,25,12,820.0,642.0,624.0
seller_1,p100,2024-12-26,651.3522261484098,799.0,906,0,0,3,26,12,869.0,592.0,668.0
seller_1,p100,2024-12-27,721.1360384615384,799.0,697,0,0,4,27,12,906.0,608.0,614.0
seller_1,p100,2024-12-28,681.9284697508897,799.0,831,0,1,5,28,12,697.0,657.0,614.0
seller_1,p100,2024-12-29,679.9711278195489,799.0,766,0,1,6,29,12,831.0,706.0,633.0
seller_1,p100,2024-12-30,723.9452734375,799.0,642,0,0,0,30,12,766.0,569.0,787.0
seller_1,p100,2024-12-31,649.4805371900827,799.0,804,0,0,1,31,12,642.0,820.0,779.0
seller_1,p100,2025-01-01,681.0859328358209,799.0,773,1,0,2,1,1,804.0,869.0,664.0
seller_1,p100,2025-01-02,679.9329454545455,799.0,782,0,0,3,2,1,773.0,906.0,578.0
seller_1,p100,2025-01-03,765.6707664233577,799.0,581,0,0,4,3,1,782.0,697.0,644.0
seller_1,p100,2025-01-04,719.3113545816733,799.0,630,0,1,5,4,1,581.0,831.0,578.0
seller_1,p100,2025-01-05,719.6263698630137,799.0,696,0,1,6,5,1,630.0,766.0,546.0
seller_1,p100,2025-01-06,761.7079591836736,799.0,487,0,0,0,6,1,696.0,642.0,677.0
seller_1,p100,2025-01-07,764.8185877862595,799.0,505,0,0,1,7,1,487.0,804.0,645.0
seller_1,p100,2025-01-08,762.3737671232877,799.0,603,0,0,2,8,1,505.0,773.0,618.0
seller_1,p100,2025-01-09,764.1577292576419,799.0,475,0,0,3,9,1,603.0,782.0,583.0
seller_1,p100,2025-01-10,762.9546692607004,799.0,516,0,0,4,10,1,475.0,581.0,531.0
seller_1,p100,2025-01-11,721.250703125,799.0,590,0,1,5,11,1,516.0,630.0,546.0
seller_1,p100,2025-01-12,716.8284121621622,799.0,705,0,1,6,12,1,590.0,696.0,616.0
seller_1,p100,2025-01-13,765.1757370517928,799.0,510,0,0,0,13,1,705.0,487.0,665.0
seller_1,p100,2025-01-14,761.7155118110236,799.0,498,0,0,1,14,1,510.0,505.0,745.0
seller_1,p100,2025-01-15,763.7801639344261,799.0,528,0,0,2,15,1,498.0,603.0,637.0
seller_1,p100,2025-01-16,765.362030651341,799.0,541,0,0,3,16,1,528.0,475.0,623.0
seller_1,p100,2025-01-17,766.2836046511628,799.0,550,0,0,4,17,1,541.0,516.0,642.0
seller_1,p100,2025-01-18,719.153984962406,799.0,653,0,1,5,18,1,550.0,590.0,592.0
seller_1,p100,2025-01-19,718.0858518518518,799.0,657,0,1,6,19,1,653.0,705.0,608.0
seller_1,p100,2025-01-20,762.6363928571428,799.0,597,1,0,0,20,1,657.0,510.0,657.0
seller_1,p100,2025-01-21,763.1540909090909,799.0,471,0,0,1,21,1,597.0,498.0,706.0
seller_1,p100,2025-01-22,763.3549789029536,799.0,450,0,0,2,22,1,471.0,528.0,569.0
seller_1,p100,2025-01-23,761.8102973977695,799.0,608,0,0,3,23,1,450.0,541.0,820.0
seller_1,p100,2025-01-24,763.5484420289855,799.0,567,0,0,4,24,1,608.0,550.0,869.0
seller_1,p100,2025-01-25,680.4374089068826,799.0,674,0,1,5,25,1,567.0,653.0,906.0
seller_1,p100,2025-01-26,679.2700352112677,799.0,703,0,1,6,26,1,674.0,657.0,697.0
seller_1,p100,2025-01-27,724.6238528138527,799.0,530,0,0,0,27,1,703.0,597.0,831.0
seller_1,p100,2025-01-28,724.7001754385965,799.0,652,0,0,1,28,1,530.0,471.0,766.0
seller_1,p100,2025-01-29,727.8492105263158,799.0,531,0,0,2,29,1,652.0,450.0,642.0
seller_1,p100,2025-01-30,725.5099604743083,799.0,581,0,0,3,30,1,531.0,608.0,804.0
seller_1,p100,2025-01-31,724.621958041958,799.0,630,0,0,4,31,1,581.0,567.0,773.0
seller_1,p100,2025-02-01,719.05875,799.0,676,0,1,5,1,2,630.0,674.0,782.0
seller_1,p100,2025-02-02,719.7981081081081,799.0,656,0,1,6,2,2,676.0,703.0,581.0
seller_1,p100,2025-02-03,759.9144528301887,799.0,598,0,0,0,3,2,656.0,530.0,630.0
seller_1,p100,2025-02-04,764.5782720588236,799.0,627,0,0,1,4,2,598.0,652.0,696.0
seller_1,p100,2025-02-05,761.4897500000001,799.0,537,0,0,2,5,2,627.0,531.0,487.0
seller_1,p100,2025-02-06,762.3150869565218,799.0,493,0,0,3,6,2,537.0,581.0,505.0
seller_1,p100,2025-02-07,762.4020494699647,799.0,573,0,0,4,7,2,493.0,630.0,603.0
seller_1,p100,2025-02-08,718.7655555555556,799.0,736,0,1,5,8,2,573.0,676.0,475.0
seller_1,p100,2025-02-09,721.120615942029,799.0,674,0,1,6,9,2,736.0,656.0,516.0
seller_1,p100,2025-02-10,765.8896946564886,799.0,587,0,0,0,10,2,674.0,598.0,590.0
seller_1,p100,2025-02-11,763.982,799.0,526,0,0,1,11,2,587.0,627.0,705.0
seller_1,p100,2025-02-12,762.27,799.0,540,0,0,2,12,2,526.0,537.0,510.0
seller_1,p100,2025-02-13,679.5620202020202,799.0,864,0,0,3,13,2,540.0,493.0,498.0
seller_1,p100,2025-02-14,680.8469696969697,799.0,725,0,0,4,14,2,864.0,573.0,528.0
seller_1,p100,2025-02-15,677.6774615384616,799.0,770,0,1,5,15,2,725.0,736.0,541.0
seller_1,p100,2025-02-16,718.758277153558,799.0,650,0,1,6,16,2,770.0,674.0,550.0
seller_1,p100,2025-02-17,761.3361943319838,799.0,510,1,0,0,17,2,650.0,587.0,653.0
seller_1,p100,2025-02-18,762.9829893238434,799.0,609,0,0,1,18,2,510.0,526.0,657.0
seller_1,p100,2025-02-19,762.534435483871,799.0,522,0,0,2,19,2,609.0,540.0,597.0
seller_1,p100,2025-02-20,765.1429562043796,799.0,565,0,0,3,20,2,522.0,864.0,471.0
seller_1,p100,2025-02-21,763.997923076923,799.0,534,0,0,4,21,2,565.0,725.0,450.0
seller_1,p100,2025-02-22,718.0848927038627,799.0,596,0,1,5,22,2,534.0,770.0,608.0
seller_1,p100,2025-02-23,719.660716981132,799.0,647,0,1,6,23,2,596.0,650.0,567.0
seller_1,p100,2025-02-24,763.4595402298851,799.0,507,0,0,0,24,2,647.0,510.0,674.0
seller_1,p100,2025-02-25,724.4140077821012,799.0,551,0,0,1,25,2,507.0,609.0,703.0
seller_1,p100,2025-02-26,728.2096197718631,799.0,601,0,0,2,26,2,551.0,522.0,530.0
seller_1,p100,2025-02-27,727.9441111111112,799.0,652,0,0,3,27,2,601.0,565.0,652.0
seller_1,p100,2025-02-28,727.324280155642,799.0,565,0,0,4,28,2,652.0,534.0,531.0
seller_1,p100,2025-03-01,719.2005660377358,799.0,631,0,1,5,1,3,565.0,596.0,581.0
seller_1,p100,2025-03-02,717.943187250996,799.0,671,0,1,6,2,3,631.0,647.0,630.0
seller_1,p100,2025-03-03,763.7233828996283,799.0,585,0,0,0,3,3,671.0,507.0,676.0
seller_1,p100,2025-03-04,760.439387755102,799.0,520,0,0,1,4,3,585.0,551.0,656.0
seller_1,p100,2025-03-05,764.1945000000001,799.0,681,0,0,2,5,3,520.0,601.0,598.0
seller_1,p100,2025-03-06,761.2037358490566,799.0,536,0,0,3,6,3,681.0,652.0,627.0
seller_1,p100,2025-03-07,764.3912890625,799.0,500,0,0,4,7,3,536.0,565.0,537.0
seller_1,p100,2025-03-08,718.2267527675277,799.0,650,0,1,5,8,3,500.0,631.0,493.0
seller_1,p100,2025-03-09,717.3448161764707,799.0,651,0,1,6,9,3,650.0,671.0,573.0
seller_1,p100,2025-03-10,762.5421505376345,799.0,607,0,0,0,10,3,651.0,585.0,736.0
seller_1,p100,2025-03-11,762.6820564516129,799.0,539,0,0,1,11,3,607.0,520.0,674.0
seller_1,p100,2025-03-12,762.07852,799.0,535,0,0,2,12,3,539.0,681.0,587.0
seller_1,p100,2025-03-13,763.763358490566,799.0,521,0,0,3,13,3,535.0,536.0,526.0
seller_1,p100,2025-03-14,762.7716236162361,799.0,543,0,0,4,14,3,521.0,500.0,540.0
seller_1,p100,2025-03-15,718.6136752136753,799.0,586,0,1,5,15,3,543.0,650.0,864.0
seller_1,p100,2025-03-16,718.6559448818897,799.0,632,0,1,6,16,3,586.0,651.0,725.0
seller_1,p100,2025-03-17,764.1771777003485,799.0,577,0,0,0,17,3,632.0,607.0,770.0
seller_1,p100,2025-03-18,763.2014539007092,799.0,578,0,0,1,18,3,577.0,539.0,650.0
seller_1,p100,2025-03-19,761.0525185185185,799.0,589,0,0,2,19,3,578.0,535.0,510.0
seller_1,p100,2025-03-20,764.8186175115208,799.0,415,0,0,3,20,3,589.0,521.0,609.0
seller_1,p100,2025-03-21,767.0687951807229,799.0,483,0,0,4,21,3,415.0,543.0,522.0
seller_1,p100,2025-03-22,719.5278625954198,799.0,620,0,1,5,22,3,483.0,586.0,565.0
seller_1,p100,2025-03-23,721.2041538461538,799.0,643,0,1,6,23,3,620.0,632.0,534.0
seller_1,p100,2025-03-24,762.3438247011952,799.0,513,0,0,0,24,3,643.0,577.0,596.0
seller_1,p100,2025-03-25,728.6647601476014,799.0,641,0,0,1,25,3,513.0,578.0,647.0
seller_1,p100,2025-03-26,728.2421875,799.0,575,0,0,2,26,3,641.0,589.0,507.0
seller_1,p100,2025-03-27,725.287662835249,799.0,583,0,0,3,27,3,575.0,415.0,551.0
seller_1,p100,2025-03-28,725.639358490566,799.0,595,0,0,4,28,3,583.0,483.0,601.0
seller_1,p100,2025-03-29,677.9014960629921,799.0,638,0,1,5,29,3,595.0,620.0,652.0
seller_1,p100,2025-03-30,678.69463878327,799.0,707,0,1,6,30,3,638.0,643.0,565.0
seller_1,p100,2025-03-31,723.0283399209486,799.0,555,0,0,0,31,3,707.0,513.0,631.0
seller_1,p100,2025-04-01,765.6201718213058,799.0,633,0,0,1,1,4,555.0,641.0,671.0
seller_1,p100,2025-04-02,765.3367153284672,799.0,574,0,0,2,2,4,633.0,575.0,585.0
seller_1,p100,2025-04-03,762.4062172284644,799.0,557,0,0,3,3,4,574.0,583.0,520.0
seller_1,p100,2025-04-04,762.4619434628976,799.0,611,0,0,4,4,4,557.0,595.0,681.0
seller_1,p100,2025-04-05,718.6659302325581,799.0,616,0,1,5,5,4,611.0,638.0,536.0
seller_1,p100,2025-04-06,717.1612455516014,799.0,717,0,1,6,6,4,616.0,707.0,500.0
seller_1,p100,2025-04-07,762.4081850533809,799.0,595,0,0,0,7,4,717.0,555.0,650.0
seller_1,p100,2025-04-08,763.286923076923,799.0,584,0,0,1,8,4,595.0,633.0,651.0
seller_1,p100,2025-04-09,764.5357142857143,799.0,520,0,0,2,9,4,584.0,574.0,607.0
seller_1,p100,2025-04-10,760.7161600000001,799.0,525,0,0,3,10,4,520.0,557.0,539.0
seller_1,p100,2025-04-11,764.8807352941176,799.0,598,0,0,4,11,4,525.0,611.0,535.0
seller_1,p100,2025-04-12,718.4025088339223,799.0,680,0,1,5,12,4,598.0,616.0,521.0
seller_1,p100,2025-04-13,716.9506360424028,799.0,688,0,1,6,13,4,680.0,717.0,543.0
seller_1,p100,2025-04-14,762.5277819548871,799.0,542,0,0,0,14,4,688.0,595.0,586.0
seller_1,p100,2025-04-15,766.0397794117647,799.0,576,0,0,1,15,4,542.0,584.0,632.0
seller_1,p100,2025-04-16,764.0726639344263,799.0,492,0,0,2,16,4,576.0,520.0,577.0
seller_1,p100,2025-04-17,763.1529838709678,799.0,539,0,0,3,17,4,492.0,525.0,578.0
seller_1,p100,2025-04-18,761.7932669322709,799.0,525,0,0,4,18,4,539.0,598.0,589.0
seller_1,p100,2025-04-19,719.6390106007067,799.0,670,0,1,5,19,4,525.0,680.0,415.0
seller_1,p100,2025-04-20,718.91609375,799.0,633,0,1,6,20,4,670.0,688.0,483.0
seller_1,p100,2025-04-21,765.3359489051095,799.0,570,0,0,0,21,4,633.0,542.0,620.0
seller_1,p100,2025-04-22,763.015688405797,799.0,588,0,0,1,22,4,570.0,576.0,643.0
seller_1,p100,2025-04-23,763.3219277108434,799.0,527,0,0,2,23,4,588.0,492.0,513.0
seller_1,p100,2025-04-24,762.463515625,799.0,574,0,0,3,24,4,527.0,539.0,641.0
seller_1,p100,2025-04-25,725.6623214285714,799.0,610,0,0,4,25,4,574.0,525.0,575.0
seller_1,p100,2025-04-26,679.7625868725869,799.0,642,0,1,5,26,4,610.0,670.0,583.0
seller_1,p100,2025-04-27,682.6545353159852,799.0,686,0,1,6,27,4,642.0,633.0,595.0
seller_1,p100,2025-04-28,728.5365625000001,799.0,510,0,0,0,28,4,686.0,570.0,638.0
seller_1,p100,2025-04-29,727.183373015873,799.0,568,0,0,1,29,4,510.0,588.0,707.0
seller_1,p100,2025-04-30,727.1152651515151,799.0,590,0,0,2,30,4,568.0,527.0,555.0
seller_1,p100,2025-05-01,766.9651327433628,799.0,466,0,0,3,1,5,590.0,574.0,633.0
seller_1,p100,2025-05-02,764.8582936507937,799.0,545,0,0,4,2,5,466.0,610.0,574.0
seller_1,p100,2025-05-03,720.082096069869,799.0,579,0,1,5,3,5,545.0,642.0,557.0
seller_1,p100,2025-05-04,718.3626180257511,799.0,604,0,1,6,4,5,579.0,686.0,611.0
seller_1,p100,2025-05-05,764.1894676806083,799.0,562,0,0,0,5,5,604.0,510.0,616.0
seller_1,p100,2025-05-06,762.8945344129555,799.0,497,0,0,1,6,5,562.0,568.0,717.0
seller_1,p100,2025-05-07,762.8371641791044,799.0,560,0,0,2,7,5,497.0,590.0,595.0
seller_1,p100,2025-05-08,763.0403125,799.0,549,0,0,3,8,5,560.0,466.0,584.0
seller_1,p100,2025-05-09,763.0633720930233,799.0,542,0,0,4,9,5,549.0,545.0,520.0
seller_1,p100,2025-05-10,718.2840873015873,799.0,587,0,1,5,10,5,542.0,579.0,525.0
seller_1,p100,2025-05-11,719.6555357142856,799.0,677,0,1,6,11,5,587.0,604.0,598.0
seller_1,p100,2025-05-12,760.4925524475524,799.0,588,0,0,0,12,5,677.0,562.0,680.0
seller_1,p100,2025-05-13,764.1352014652015,799.0,575,0,0,1,13,5,588.0,497.0,688.0
seller_1,p100,2025-05-14,763.6188549618321,799.0,551,0,0,2,14,5,575.0,560.0,542.0
seller_1,p100,2025-05-15,762.6929218106997,799.0,510,0,0,3,15,5,551.0,549.0,576.0
seller_1,p100,2025-05-16,763.464509090909,799.0,565,0,0,4,16,5,510.0,542.0,492.0
seller_1,p100,2025-05-17,723.2737596899225,799.0,636,0,1,5,17,5,565.0,587.0,539.0
seller_1,p100,2025-05-18,720.0202702702703,799.0,605,0,1,6,18,5,636.0,677.0,525.0
seller_1,p100,2025-05-19,762.434037037037,799.0,555,0,0,0,19,5,605.0,588.0,670.0
seller_1,p100,2025-05-20,764.5172064777328,799.0,522,0,0,1,20,5,555.0,575.0,633.0
seller_1,p100,2025-05-21,761.1201171875,799.0,522,0,0,2,21,5,522.0,551.0,570.0
seller_1,p100,2025-05-22,761.9104905660378,799.0,586,0,0,3,22,5,522.0,510.0,588.0
seller_1,p100,2025-05-23,765.0761151079137,799.0,565,0,0,4,23,5,586.0,565.0,527.0
seller_1,p100,2025-05-24,719.1383516483517,799.0,654,0,1,5,24,5,565.0,636.0,574.0
