product-sale-prediction-AI/data/prepared_daily_sales.csv
seller_id,product_id,date,sale_price,original_price,quantity,is_holiday,is_weekend,day_of_week,day_of_month,month,lag_1,lag_7,lag_30
seller_1,p101,2023-01-01,936.6504609929078,1099.0,896,0,1,6,1,1,0.0,0.0,0.0
seller_1,p101,2023-01-02,934.0833864541833,1099.0,718,1,0,0,2,1,896.0,0.0,0.0
seller_1,p101,2023-01-03,1050.3962277580072,1099.0,621,0,0,1,3,1,718.0,0.0,0.0
seller_1,p101,2023-01-04,1050.6680859375,1099.0,539,0,0,2,4,1,621.0,0.0,0.0
seller_1,p101,2023-01-05,1057.724336283186,1099.0,462,0,0,3,5,1,539.0,0.0,0.0
seller_1,p101,2023-01-06,1049.6046014492754,1099.0,557,0,0,4,6,1,462.0,0.0,0.0
seller_1,p101,2023-01-07,985.9786090225564,1099.0,607,0,1,5,7,1,557.0,0.0,0.0
seller_1,p101,2023-01-08,989.5246303501945,1099.0,609,0,1,6,8,1,607.0,896.0,0.0
seller_1,p101,2023-01-09,1047.6188095238094,1099.0,531,0,0,0,9,1,609.0,718.0,0.0
seller_1,p101,2023-01-10,1046.816452991453,1099.0,479,0,0,1,10,1,531.0,621.0,0.0
seller_1,p101,2023-01-11,1047.5502857142858,1099.0,532,0,0,2,11,1,479.0,539.0,0.0
seller_1,p101,2023-01-12,1053.0623616236164,1099.0,550,0,0,3,12,1,532.0,462.0,0.0
seller_1,p101,2023-01-13,1049.8840650406505,1099.0,517,0,0,4,13,1,550.0,557.0,0.0
seller_1,p101,2023-01-14,990.4366541353385,1099.0,640,0,1,5,14,1,517.0,607.0,0.0
seller_1,p101,2023-01-15,986.9715384615384,1099.0,678,0,1,6,15,1,640.0,609.0,0.0
seller_1,p101,2023-01-16,1051.0385774058577,1099.0,518,1,0,0,16,1,678.0,531.0,0.0
seller_1,p101,2023-01-17,1047.6919771863118,1099.0,579,0,0,1,17,1,518.0,479.0,0.0
seller_1,p101,2023-01-18,1048.2162737642586,1099.0,547,0,0,2,18,1,579.0,532.0,0.0
seller_1,p101,2023-01-19,1049.1521933085503,1099.0,572,0,0,3,19,1,547.0,550.0,0.0
seller_1,p101,2023-01-20,1047.6822222222222,1099.0,518,0,0,4,20,1,572.0,517.0,0.0
seller_1,p101,2023-01-21,988.0983122362869,1099.0,534,0,1,5,21,1,518.0,640.0,0.0
seller_1,p101,2023-01-22,989.3370955882353,1099.0,658,0,1,6,22,1,534.0,678.0,0.0
seller_1,p101,2023-01-23,1054.5675087719299,1099.0,612,0,0,0,23,1,658.0,518.0,0.0
seller_1,p101,2023-01-24,1051.2015770609319,1099.0,573,0,0,1,24,1,612.0,579.0,0.0
seller_1,p101,2023-01-25,995.3029718875503,1099.0,575,0,0,2,25,1,573.0,547.0,0.0
seller_1,p101,2023-01-26,998.6009665427508,1099.0,603,0,0,3,26,1,575.0,572.0,0.0
seller_1,p101,2023-01-27,996.6537984496124,1099.0,553,0,0,4,27,1,603.0,518.0,0.0
seller_1,p101,2023-01-28,938.7141152263374,1099.0,674,0,1,5,28,1,553.0,534.0,0.0
seller_1,p101,2023-01-29,938.1548091603054,1099.0,687,0,1,6,29,1,674.0,658.0,0.0
seller_1,p101,2023-01-30,998.8796734693877,1099.0,535,0,0,0,30,1,687.0,612.0,0.0
seller_1,p101,2023-01-31,994.4162127659574,1099.0,556,0,0,1,31,1,535.0,573.0,896.0
seller_1,p101,2023-02-01,1052.783275862069,1099.0,612,0,0,2,1,2,556.0,575.0,718.0
seller_1,p101,2023-02-02,1045.569704797048,1099.0,600,0,0,3,2,2,612.0,603.0,621.0
seller_1,p101,2023-02-03,1047.7548188405797,1099.0,586,0,0,4,3,2,600.0,553.0,539.0
seller_1,p101,2023-02-04,988.2711764705882,1099.0,675,0,1,5,4,2,586.0,674.0,462.0
seller_1,p101,2023-02-05,987.9457034220533,1099.0,649,0,1,6,5,2,675.0,687.0,557.0
seller_1,p101,2023-02-06,1049.2489669421489,1099.0,534,0,0,0,6,2,649.0,535.0,607.0
seller_1,p101,2023-02-07,1049.0962903225807,1099.0,502,0,0,1,7,2,534.0,556.0,609.0
seller_1,p101,2023-02-08,1049.0917488789237,1099.0,413,0,0,2,8,2,502.0,612.0,531.0
seller_1,p101,2023-02-09,1040.9390225563911,1099.0,578,0,0,3,9,2,413.0,600.0,479.0
seller_1,p101,2023-02-10,1049.238032128514,1099.0,533,0,0,4,10,2,578.0,586.0,532.0
seller_1,p101,2023-02-11,986.8150574712644,1099.0,611,0,1,5,11,2,533.0,675.0,550.0
seller_1,p101,2023-02-12,987.8982591093118,1099.0,586,0,1,6,12,2,611.0,649.0,517.0
seller_1,p101,2023-02-13,935.1654615384615,1099.0,739,0,0,0,13,2,586.0,534.0,640.0
seller_1,p101,2023-02-14,936.0834343434344,1099.0,813,0,0,1,14,2,739.0,502.0,678.0
seller_1,p101,2023-02-15,933.067793594306,1099.0,811,0,0,2,15,2,813.0,413.0,518.0
seller_1,p101,2023-02-16,1050.1501265822785,1099.0,505,0,0,3,16,2,811.0,578.0,579.0
seller_1,p101,2023-02-17,1050.604785478548,1099.0,641,0,0,4,17,2,505.0,533.0,547.0
seller_1,p101,2023-02-18,991.7235537190082,1099.0,573,0,1,5,18,2,641.0,611.0,572.0
seller_1,p101,2023-02-19,989.3523484848484,1099.0,616,0,1,6,19,2,573.0,586.0,518.0
seller_1,p101,2023-02-20,1043.446827309237,1099.0,533,1,0,0,20,2,616.0,739.0,534.0
seller_1,p101,2023-02-21,1051.5339855072464,1099.0,560,0,0,1,21,2,533.0,813.0,658.0
seller_1,p101,2023-02-22,1055.3446666666666,1099.0,555,0,0,2,22,2,560.0,811.0,612.0
seller_1,p101,2023-02-23,1054.222775510204,1099.0,530,0,0,3,23,2,555.0,505.0,573.0
seller_1,p101,2023-02-24,1049.4441240875913,1099.0,563,0,0,4,24,2,530.0,641.0,575.0
seller_1,p101,2023-02-25,936.6223949579833,1099.0,591,0,1,5,25,2,563.0,573.0,603.0
seller_1,p101,2023-02-26,935.2383846153847,1099.0,702,0,1,6,26,2,591.0,616.0,553.0
seller_1,p101,2023-02-27,997.7049145299146,1099.0,492,0,0,0,27,2,702.0,533.0,674.0
seller_1,p101,2023-02-28,999.6587804878048,1099.0,510,0,0,1,28,2,492.0,560.0,687.0
seller_1,p101,2023-03-01,1050.664659090909,1099.0,561,0,0,2,1,3,510.0,555.0,535.0
seller_1,p101,2023-03-02,1050.6761864406778,1099.0,536,0,0,3,2,3,561.0,530.0,556.0
seller_1,p101,2023-03-03,1048.9473563218392,1099.0,580,0,0,4,3,3,536.0,563.0,612.0
seller_1,p101,2023-03-04,989.529496124031,1099.0,641,0,1,5,4,3,580.0,591.0,600.0
seller_1,p101,2023-03-05,992.0573571428571,1099.0,646,0,1,6,5,3,641.0,702.0,586.0
seller_1,p101,2023-03-06,1049.8704545454545,1099.0,520,0,0,0,6,3,646.0,492.0,675.0
seller_1,p101,2023-03-07,1047.0967844522968,1099.0,583,0,0,1,7,3,520.0,510.0,649.0
seller_1,p101,2023-03-08,1051.348,1099.0,554,0,0,2,8,3,583.0,561.0,534.0
seller_1,p101,2023-03-09,1052.6939208633094,1099.0,566,0,0,3,9,3,554.0,536.0,502.0
seller_1,p101,2023-03-10,1053.0783193277312,1099.0,489,0,0,4,10,3,566.0,580.0,413.0
seller_1,p101,2023-03-11,989.6404895104895,1099.0,645,0,1,5,11,3,489.0,641.0,578.0
seller_1,p101,2023-03-12,989.1011583011583,1099.0,637,0,1,6,12,3,645.0,646.0,533.0
seller_1,p101,2023-03-13,1049.3724774774776,1099.0,469,0,0,0,13,3,637.0,520.0,611.0
seller_1,p101,2023-03-14,1054.4919557195572,1099.0,588,0,0,1,14,3,469.0,583.0,586.0
seller_1,p101,2023-03-15,1051.7766932270918,1099.0,505,0,0,2,15,3,588.0,554.0,739.0
seller_1,p101,2023-03-16,1050.0041114982578,1099.0,610,0,0,3,16,3,505.0,566.0,813.0
seller_1,p101,2023-03-17,1051.7204897959184,1099.0,520,0,0,4,17,3,610.0,489.0,811.0
seller_1,p101,2023-03-18,988.6943673469387,1099.0,597,0,1,5,18,3,520.0,645.0,505.0
seller_1,p101,2023-03-19,988.9292561983472,1099.0,614,0,1,6,19,3,597.0,637.0,641.0
seller_1,p101,2023-03-20,1053.4266420664208,1099.0,549,0,0,0,20,3,614.0,469.0,573.0
seller_1,p101,2023-03-21,1047.3206374501992,1099.0,521,0,0,1,21,3,549.0,588.0,616.0
seller_1,p101,2023-03-22,1050.4275925925926,1099.0,572,0,0,2,22,3,521.0,505.0,533.0
seller_1,p101,2023-03-23,1054.130781893004,1099.0,494,0,0,3,23,3,572.0,610.0,560.0
seller_1,p101,2023-03-24,1047.7403968253968,1099.0,554,0,0,4,24,3,494.0,520.0,555.0
seller_1,p101,2023-03-25,935.991825095057,1099.0,685,0,1,5,25,3,554.0,597.0,530.0
seller_1,p101,2023-03-26,936.50024,1099.0,642,0,1,6,26,3,685.0,614.0,563.0
seller_1,p101,2023-03-27,996.4995217391305,1099.0,519,0,0,0,27,3,642.0,549.0,591.0
seller_1,p101,2023-03-28,999.3002380952381,1099.0,551,0,0,1,28,3,519.0,521.0,702.0
seller_1,p101,2023-03-29,997.5593362831859,1099.0,493,0,0,2,29,3,551.0,572.0,492.0
seller_1,p101,2023-03-30,994.0842410714286,1099.0,532,0,0,3,30,3,493.0,494.0,510.0
seller_1,p101,2023-03-31,996.5370967741935,1099.0,609,0,0,4,31,3,532.0,554.0,561.0
seller_1,p101,2023-04-01,993.5068217054264,1099.0,653,0,1,5,1,4,609.0,685.0,536.0
seller_1,p101,2023-04-02,991.7160231660232,1099.0,611,0,1,6,2,4,653.0,642.0,580.0
seller_1,p101,2023-04-03,1052.0952040816326,1099.0,646,0,0,0,3,4,611.0,519.0,641.0
seller_1,p101,2023-04-04,1051.184318181818,1099.0,560,0,0,1,4,4,646.0,551.0,646.0
seller_1,p101,2023-04-05,1047.7688076923077,1099.0,554,0,0,2,5,4,560.0,493.0,520.0
seller_1,p101,2023-04-06,1052.400651340996,1099.0,551,0,0,3,6,4,554.0,532.0,583.0
seller_1,p101,2023-04-07,1048.3981609195403,1099.0,573,0,0,4,7,4,551.0,609.0,554.0
seller_1,p101,2023-04-08,988.7720074349442,1099.0,628,0,1,5,8,4,573.0,653.0,566.0
seller_1,p101,2023-04-09,988.5092436974791,1099.0,584,0,1,6,9,4,628.0,611.0,489.0
seller_1,p101,2023-04-10,1047.8221484375,1099.0,555,0,0,0,10,4,584.0,646.0,645.0
seller_1,p101,2023-04-11,1049.6265789473684,1099.0,514,0,0,1,11,4,555.0,560.0,637.0
seller_1,p101,2023-04-12,1050.548947368421,1099.0,594,0,0,2,12,4,514.0,554.0,469.0
seller_1,p101,2023-04-13,1049.35692,1099.0,525,0,0,3,13,4,594.0,551.0,588.0
seller_1,p101,2023-04-14,1049.394875,1099.0,498,0,0,4,14,4,525.0,573.0,505.0
seller_1,p101,2023-04-15,988.2925095057034,1099.0,691,0,1,5,15,4,498.0,628.0,610.0
seller_1,p101,2023-04-16,989.1777992277991,1099.0,611,0,1,6,16,4,691.0,584.0,520.0
seller_1,p101,2023-04-17,1053.7406225680934,1099.0,510,0,0,0,17,4,611.0,555.0,597.0
seller_1,p101,2023-04-18,1049.156,1099.0,533,0,0,1,18,4,510.0,514.0,614.0
seller_1,p101,2023-04-19,1049.3110317460319,1099.0,508,0,0,2,19,4,533.0,594.0,549.0
seller_1,p101,2023-04-20,1052.550451388889,1099.0,619,0,0,3,20,4,508.0,525.0,521.0
seller_1,p101,2023-04-21,1052.4653639846745,1099.0,495,0,0,4,21,4,619.0,498.0,572.0
seller_1,p101,2023-04-22,988.182131147541,1099.0,557,0,1,5,22,4,495.0,691.0,494.0
seller_1,p101,2023-04-23,987.3887713310579,1099.0,703,0,1,6,23,4,557.0,611.0,554.0
seller_1,p101,2023-04-24,1054.495234375,1099.0,541,0,0,0,24,4,703.0,510.0,685.0
seller_1,p101,2023-04-25,999.7170403587444,1099.0,491,0,0,1,25,4,541.0,533.0,642.0
seller_1,p101,2023-04-26,1001.0852,1099.0,609,0,0,2,26,4,491.0,508.0,519.0
seller_1,p101,2023-04-27,996.6759143968872,1099.0,537,0,0,3,27,4,609.0,619.0,551.0
seller_1,p101,2023-04-28,996.8081376518218,1099.0,558,0,0,4,28,4,537.0,495.0,493.0
seller_1,p101,2023-04-29,939.3654732510288,1099.0,637,0,1,5,29,4,558.0,557.0,532.0
seller_1,p101,2023-04-30,932.4944398340249,1099.0,605,0,1,6,30,4,637.0,703.0,609.0
seller_1,p101,2023-05-01,1045.7937454545456,1099.0,598,0,0,0,1,5,605.0,541.0,653.0
seller_1,p101,2023-05-02,1047.08223880597,1099.0,584,0,0,1,2,5,598.0,491.0,611.0
seller_1,p101,2023-05-03,1051.4332635983262,1099.0,540,0,0,2,3,5,584.0,609.0,646.0
seller_1,p101,2023-05-04,1050.5762781954886,1099.0,590,0,0,3,4,5,540.0,537.0,560.0
seller_1,p101,2023-05-05,1050.5180658436213,1099.0,507,0,0,4,5,5,590.0,558.0,554.0
seller_1,p101,2023-05-06,985.4011336032388,1099.0,585,0,1,5,6,5,507.0,637.0,551.0
seller_1,p101,2023-05-07,993.6593333333334,1099.0,655,0,1,6,7,5,585.0,605.0,573.0
seller_1,p101,2023-05-08,1050.1803875968992,1099.0,528,0,0,0,8,5,655.0,598.0,628.0
seller_1,p101,2023-05-09,1044.4739642857144,1099.0,582,0,0,1,9,5,528.0,584.0,584.0
seller_1,p101,2023-05-10,1049.1153113553112,1099.0,612,0,0,2,10,5,582.0,540.0,555.0
seller_1,p101,2023-05-11,1051.5174131274132,1099.0,558,0,0,3,11,5,612.0,590.0,514.0
seller_1,p101,2023-05-12,1050.238803088803,1099.0,569,0,0,4,12,5,558.0,507.0,594.0
seller_1,p101,2023-05-13,985.2487747035573,1099.0,589,0,1,5,13,5,569.0,585.0,525.0
seller_1,p101,2023-05-14,983.511725490196,1099.0,573,0,1,6,14,5,589.0,655.0,498.0
seller_1,p101,2023-05-15,1047.1787084870848,1099.0,558,0,0,0,15,5,573.0,528.0,691.0
seller_1,p101,2023-05-16,1048.3241897233202,1099.0,562,0,0,1,16,5,558.0,582.0,611.0
seller_1,p101,2023-05-17,1049.802595744681,1099.0,507,0,0,2,17,5,562.0,612.0,510.0
seller_1,p101,2023-05-18,1049.5003333333334,1099.0,566,0,0,3,18,5,507.0,558.0,533.0
seller_1,p101,2023-05-19,1043.8238157894737,1099.0,452,0,0,4,19,5,566.0,569.0,508.0
seller_1,p101,2023-05-20,987.8631914893616,1099.0,685,0,1,5,20,5,452.0,589.0,619.0
seller_1,p101,2023-05-21,986.9371020408163,1099.0,600,0,1,6,21,5,685.0,573.0,495.0
seller_1,p101,2023-05-22,1051.0485882352941,1099.0,543,0,0,0,22,5,600.0,558.0,557.0
seller_1,p101,2023-05-23,1047.1026053639848,1099.0,502,0,0,1,23,5,543.0,562.0,703.0
seller_1,p101,2023-05-24,1053.081653543307,1099.0,493,0,0,2,24,5,502.0,507.0,541.0
seller_1,p101,2023-05-25,1000.9343109540636,1099.0,630,0,0,3,25,5,493.0,566.0,491.0
seller_1,p101,2023-05-26,996.1580505415163,1099.0,623,0,0,4,26,5,630.0,452.0,609.0
seller_1,p101,2023-05-27,934.56546875,1099.0,675,0,1,5,27,5,623.0,685.0,537.0
seller_1,p101,2023-05-28,938.3923131672598,1099.0,738,0,1,6,28,5,675.0,600.0,558.0
seller_1,p101,2023-05-29,1002.0347222222222,1099.0,573,1,0,0,29,5,738.0,543.0,637.0
seller_1,p101,2023-05-30,999.0552307692308,1099.0,582,0,0,1,30,5,573.0,502.0,605.0
seller_1,p101,2023-05-31,995.3842753623188,1099.0,603,0,0,2,31,5,582.0,493.0,598.0
seller_1,p101,2023-06-01,1046.0557317073171,1099.0,550,0,0,3,1,6,603.0,630.0,584.0
seller_1,p101,2023-06-02,1048.1815444015444,1099.0,563,0,0,4,2,6,550.0,623.0,540.0
seller_1,p101,2023-06-03,985.4118253968254,1099.0,666,0,1,5,3,6,563.0,675.0,590.0
seller_1,p101,2023-06-04,984.7487857142856,1099.0,685,0,1,6,4,6,666.0,738.0,507.0
seller_1,p101,2023-06-05,1054.9477235772358,1099.0,515,0,0,0,5,6,685.0,573.0,585.0
seller_1,p101,2023-06-06,1048.5327983539094,1099.0,532,0,0,1,6,6,515.0,582.0,655.0
seller_1,p101,2023-06-07,1052.0525270758121,1099.0,564,0,0,2,7,6,532.0,603.0,528.0
seller_1,p101,2023-06-08,1049.0022891566266,1099.0,531,0,0,3,8,6,564.0,550.0,582.0
seller_1,p101,2023-06-09,1047.404763948498,1099.0,516,0,0,4,9,6,531.0,563.0,612.0
seller_1,p101,2023-06-10,987.9203524229075,1099.0,545,0,1,5,10,6,516.0,666.0,558.0
seller_1,p101,2023-06-11,992.2392605633803,1099.0,696,0,1,6,11,6,545.0,685.0,569.0
seller_1,p101,2023-06-12,1049.5793574297188,1099.0,520,0,0,0,12,6,696.0,515.0,589.0
seller_1,p101,2023-06-13,1046.743869731801,1099.0,563,0,0,1,13,6,520.0,532.0,573.0
seller_1,p101,2023-06-14,1047.6444444444444,1099.0,526,0,0,2,14,6,563.0,564.0,558.0
seller_1,p101,2023-06-15,1050.9958964143425,1099.0,520,0,0,3,15,6,526.0,531.0,562.0
seller_1,p101,2023-06-16,1050.2731428571428,1099.0,589,0,0,4,16,6,520.0,516.0,507.0
seller_1,p101,2023-06-17,989.6292490118577,1099.0,615,0,1,5,17,6,589.0,545.0,566.0
seller_1,p101,2023-06-18,986.4641592920353,1099.0,533,0,1,6,18,6,615.0,696.0,452.0
seller_1,p101,2023-06-19,1051.9486507936508,1099.0,534,1,0,0,19,6,533.0,520.0,685.0
seller_1,p101,2023-06-20,1053.3622222222223,1099.0,509,0,0,1,20,6,534.0,563.0,600.0
seller_1,p101,2023-06-21,1051.3551320754716,1099.0,537,0,0,2,21,6,509.0,526.0,543.0
seller_1,p101,2023-06-22,1051.3144635193132,1099.0,501,0,0,3,22,6,537.0,520.0,502.0
seller_1,p101,2023-06-23,1047.1668613138688,1099.0,578,0,0,4,23,6,501.0,589.0,493.0
seller_1,p101,2023-06-24,985.4781467181467,1099.0,627,0,1,5,24,6,578.0,615.0,630.0
seller_1,p101,2023-06-25,936.0398939929328,1099.0,755,0,1,6,25,6,627.0,533.0,623.0
seller_1,p101,2023-06-26,998.2245247148288,1099.0,640,0,0,0,26,6,755.0,534.0,675.0
seller_1,p101,2023-06-27,1002.4047177419354,1099.0,552,0,0,1,27,6,640.0,509.0,738.0
seller_1,p101,2023-06-28,997.5167259786477,1099.0,647,0,0,2,28,6,552.0,537.0,573.0
seller_1,p101,2023-06-29,994.8256910569105,1099.0,564,0,0,3,29,6,647.0,501.0,582.0
seller_1,p101,2023-06-30,1002.6105514705882,1099.0,658,0,0,4,30,6,564.0,578.0,603.0
seller_1,p101,2023-07-01,986.1569444444444,1099.0,645,0,1,5,1,7,658.0,627.0,550.0
seller_1,p101,2023-07-02,990.1202536231884,1099.0,679,0,1,6,2,7,645.0,755.0,563.0
seller_1,p101,2023-07-03,933.4842358078603,1099.0,703,0,0,0,3,7,679.0,640.0,666.0
seller_1,p101,2023-07-04,933.9335177865612,1099.0,741,1,0,1,4,7,703.0,552.0,685.0
seller_1,p101,2023-07-05,936.5441666666667,1099.0,738,0,0,2,5,7,741.0,647.0,515.0
seller_1,p101,2023-07-06,1049.6057915057916,1099.0,561,0,0,3,6,7,738.0,564.0,532.0
seller_1,p101,2023-07-07,1051.2466030534351,1099.0,559,0,0,4,7,7,561.0,658.0,564.0
seller_1,p101,2023-07-08,984.4208088235295,1099.0,683,0,1,5,8,7,559.0,645.0,531.0
seller_1,p101,2023-07-09,986.5477173913043,1099.0,685,0,1,6,9,7,683.0,679.0,516.0
seller_1,p101,2023-07-10,1050.4069387755103,1099.0,620,0,0,0,10,7,685.0,703.0,545.0
seller_1,p101,2023-07-11,1052.2353086419753,1099.0,527,0,0,1,11,7,620.0,741.0,696.0
seller_1,p101,2023-07-12,1052.9840384615384,1099.0,551,0,0,2,12,7,527.0,738.0,520.0
seller_1,p101,2023-07-13,1048.449040590406,1099.0,551,0,0,3,13,7,551.0,561.0,563.0
seller_1,p101,2023-07-14,1051.0979928315412,1099.0,579,0,0,4,14,7,551.0,559.0,526.0
seller_1,p101,2023-07-15,987.9691803278689,1099.0,589,0,1,5,15,7,579.0,683.0,520.0
seller_1,p101,2023-07-16,989.85752,1099.0,613,0,1,6,16,7,589.0,685.0,589.0
seller_1,p101,2023-07-17,1053.7129657794678,1099.0,536,0,0,0,17,7,613.0,620.0,615.0
seller_1,p101,2023-07-18,1051.321815181518,1099.0,629,0,0,1,18,7,536.0,527.0,533.0
seller_1,p101,2023-07-19,1050.185789473684,1099.0,540,0,0,2,19,7,629.0,551.0,534.0
seller_1,p101,2023-07-20,1053.3708633093524,1099.0,569,0,0,3,20,7,540.0,551.0,509.0
seller_1,p101,2023-07-21,1053.6889211618256,1099.0,477,0,0,4,21,7,569.0,579.0,537.0
seller_1,p101,2023-07-22,988.7449477351915,1099.0,621,0,1,5,22,7,477.0,589.0,501.0
seller_1,p101,2023-07-23,990.6310931174089,1099.0,574,0,1,6,23,7,621.0,613.0,578.0
seller_1,p101,2023-07-24,1053.4641869918698,1099.0,493,0,0,0,24,7,574.0,536.0,627.0
seller_1,p101,2023-07-25,998.5617021276596,1099.0,510,0,0,1,25,7,493.0,629.0,755.0
seller_1,p101,2023-07-26,1000.4022097378278,1099.0,625,0,0,2,26,7,510.0,540.0,640.0
seller_1,p101,2023-07-27,998.3174144486692,1099.0,554,0,0,3,27,7,625.0,569.0,552.0
seller_1,p101,2023-07-28,999.0092114695341,1099.0,618,0,0,4,28,7,554.0,477.0,647.0
seller_1,p101,2023-07-29,936.0018113207548,1099.0,707,0,1,5,29,7,618.0,621.0,564.0
seller_1,p101,2023-07-30,936.1819047619048,1099.0,716,0,1,6,30,7,707.0,574.0,658.0
seller_1,p101,2023-07-31,997.4063805970148,1099.0,656,0,0,0,31,7,716.0,493.0,645.0
seller_1,p101,2023-08-01,1048.3878244274808,1099.0,587,0,0,1,1,8,656.0,510.0,679.0
seller_1,p101,2023-08-02,1052.1987878787877,1099.0,615,0,0,2,2,8,587.0,625.0,703.0
seller_1,p101,2023-08-03,1054.0634630350194,1099.0,551,0,0,3,3,8,615.0,554.0,741.0
seller_1,p101,2023-08-04,1053.9917938931296,1099.0,532,0,0,4,4,8,551.0,618.0,738.0
