product-sale-prediction-AI/data/prepared_daily_sales.csv
seller_id,product_id,date,sale_price,original_price,quantity,is_holiday,is_weekend,day_of_week,day_of_month,month,lag_1,lag_7,lag_30
seller_1,p101,2023-08-05,990.792880794702,1099.0,759,0,1,5,5,8,532.0,707.0,561.0
seller_1,p101,2023-08-06,986.1712359550561,1099.0,653,0,1,6,6,8,759.0,716.0,559.0
seller_1,p101,2023-08-07,1046.0545967741937,1099.0,552,0,0,0,7,8,653.0,656.0,683.0
seller_1,p101,2023-08-08,1050.929766536965,1099.0,500,0,0,1,8,8,552.0,587.0,685.0
seller_1,p101,2023-08-09,1046.0327626459143,1099.0,512,0,0,2,9,8,500.0,615.0,620.0
seller_1,p101,2023-08-10,1049.1056589147288,1099.0,534,0,0,3,10,8,512.0,551.0,527.0
seller_1,p101,2023-08-11,1052.5944401544402,1099.0,568,0,0,4,11,8,534.0,532.0,551.0
seller_1,p101,2023-08-12,992.7584962406015,1099.0,620,0,1,5,12,8,568.0,759.0,551.0
seller_1,p101,2023-08-13,988.0760869565217,1099.0,667,0,1,6,13,8,620.0,653.0,579.0
seller_1,p101,2023-08-14,1046.1832142857143,1099.0,618,0,0,0,14,8,667.0,552.0,589.0
seller_1,p101,2023-08-15,1050.261958041958,1099.0,606,0,0,1,15,8,618.0,500.0,613.0
seller_1,p101,2023-08-16,1047.9580514705883,1099.0,575,0,0,2,16,8,606.0,512.0,536.0
seller_1,p101,2023-08-17,1047.769795221843,1099.0,632,0,0,3,17,8,575.0,534.0,629.0
seller_1,p101,2023-08-18,1046.8329213483146,1099.0,544,0,0,4,18,8,632.0,568.0,540.0
seller_1,p101,2023-08-19,985.9700769230769,1099.0,645,0,1,5,19,8,544.0,620.0,569.0
seller_1,p101,2023-08-20,989.3737339055793,1099.0,577,0,1,6,20,8,645.0,667.0,477.0
seller_1,p101,2023-08-21,1051.6808333333333,1099.0,496,0,0,0,21,8,577.0,618.0,621.0
seller_1,p101,2023-08-22,1052.125637065637,1099.0,561,0,0,1,22,8,496.0,606.0,574.0
seller_1,p101,2023-08-23,1049.7247857142856,1099.0,619,0,0,2,23,8,561.0,575.0,493.0
seller_1,p101,2023-08-24,1051.3391538461537,1099.0,541,0,0,3,24,8,619.0,632.0,510.0
seller_1,p101,2023-08-25,998.2649027237354,1099.0,578,0,0,4,25,8,541.0,544.0,625.0
seller_1,p101,2023-08-26,934.9665017667845,1099.0,758,0,1,5,26,8,578.0,645.0,554.0
seller_1,p101,2023-08-27,935.7625941422594,1099.0,638,0,1,6,27,8,758.0,577.0,618.0
seller_1,p101,2023-08-28,1001.4357194244604,1099.0,647,0,0,0,28,8,638.0,496.0,707.0
seller_1,p101,2023-08-29,998.1958365758754,1099.0,572,0,0,1,29,8,647.0,561.0,716.0
seller_1,p101,2023-08-30,998.073137254902,1099.0,712,0,0,2,30,8,572.0,619.0,656.0
seller_1,p101,2023-08-31,999.8954581673307,1099.0,528,0,0,3,31,8,712.0,541.0,587.0
seller_1,p101,2023-09-01,1052.9862361623616,1099.0,569,0,0,4,1,9,528.0,578.0,615.0
seller_1,p101,2023-09-02,986.2290944881889,1099.0,630,0,1,5,2,9,569.0,758.0,551.0
seller_1,p101,2023-09-03,989.2487732342007,1099.0,646,0,1,6,3,9,630.0,638.0,532.0
seller_1,p101,2023-09-04,1054.1324583333333,1099.0,494,1,0,0,4,9,646.0,647.0,759.0
seller_1,p101,2023-09-05,1052.2714772727272,1099.0,575,0,0,1,5,9,494.0,572.0,653.0
seller_1,p101,2023-09-06,1049.52873015873,1099.0,548,0,0,2,6,9,575.0,712.0,552.0
seller_1,p101,2023-09-07,1051.064126984127,1099.0,540,0,0,3,7,9,548.0,528.0,500.0
seller_1,p101,2023-09-08,1050.3677566539923,1099.0,541,0,0,4,8,9,540.0,569.0,512.0
seller_1,p101,2023-09-09,989.8588593155894,1099.0,598,0,1,5,9,9,541.0,630.0,534.0
seller_1,p101,2023-09-10,986.1896808510638,1099.0,669,0,1,6,10,9,598.0,646.0,568.0
seller_1,p101,2023-09-11,1048.1718604651164,1099.0,506,0,0,0,11,9,669.0,494.0,620.0
seller_1,p101,2023-09-12,1050.4142066420663,1099.0,567,0,0,1,12,9,506.0,575.0,667.0
seller_1,p101,2023-09-13,1051.0639784946236,1099.0,537,0,0,2,13,9,567.0,548.0,618.0
seller_1,p101,2023-09-14,1048.0563636363636,1099.0,550,0,0,3,14,9,537.0,540.0,606.0
seller_1,p101,2023-09-15,1049.477568627451,1099.0,541,0,0,4,15,9,550.0,541.0,575.0
seller_1,p101,2023-09-16,987.1329880478088,1099.0,598,0,1,5,16,9,541.0,598.0,632.0
seller_1,p101,2023-09-17,988.8259154929577,1099.0,670,0,1,6,17,9,598.0,669.0,544.0
seller_1,p101,2023-09-18,1052.265607843137,1099.0,551,0,0,0,18,9,670.0,506.0,645.0
seller_1,p101,2023-09-19,1047.9675769230769,1099.0,521,0,0,1,19,9,551.0,567.0,577.0
seller_1,p101,2023-09-20,1048.4762248995983,1099.0,529,0,0,2,20,9,521.0,537.0,496.0
seller_1,p101,2023-09-21,1047.8361960784314,1099.0,523,0,0,3,21,9,529.0,550.0,561.0
seller_1,p101,2023-09-22,1049.5177323420075,1099.0,523,0,0,4,22,9,523.0,541.0,619.0
seller_1,p101,2023-09-23,987.2091964285713,1099.0,551,0,1,5,23,9,523.0,598.0,541.0
seller_1,p101,2023-09-24,986.9814179104478,1099.0,668,0,1,6,24,9,551.0,670.0,578.0
seller_1,p101,2023-09-25,1001.273074074074,1099.0,607,0,0,0,25,9,668.0,551.0,758.0
seller_1,p101,2023-09-26,1003.0446963562754,1099.0,562,0,0,1,26,9,607.0,521.0,638.0
seller_1,p101,2023-09-27,998.0932530120482,1099.0,577,0,0,2,27,9,562.0,529.0,647.0
seller_1,p101,2023-09-28,993.8730067567567,1099.0,657,0,0,3,28,9,577.0,523.0,572.0
seller_1,p101,2023-09-29,1000.2857551020409,1099.0,561,0,0,4,29,9,657.0,523.0,712.0
seller_1,p101,2023-09-30,935.6637591240876,1099.0,686,0,1,5,30,9,561.0,551.0,528.0
seller_1,p101,2023-10-01,986.9621653543308,1099.0,627,0,1,6,1,10,686.0,668.0,569.0
seller_1,p101,2023-10-02,1050.2300729927006,1099.0,583,0,0,0,2,10,627.0,607.0,630.0
seller_1,p101,2023-10-03,1047.5057874015747,1099.0,540,0,0,1,3,10,583.0,562.0,646.0
seller_1,p101,2023-10-04,1055.6727734375,1099.0,573,0,0,2,4,10,540.0,577.0,494.0
seller_1,p101,2023-10-05,1048.7233576642336,1099.0,596,0,0,3,5,10,573.0,657.0,575.0
seller_1,p101,2023-10-06,1050.712329317269,1099.0,524,0,0,4,6,10,596.0,561.0,548.0
seller_1,p101,2023-10-07,987.8138396624473,1099.0,557,0,1,5,7,10,524.0,686.0,540.0
seller_1,p101,2023-10-08,989.7150763358779,1099.0,632,0,1,6,8,10,557.0,627.0,541.0
seller_1,p101,2023-10-09,1050.2757875457876,1099.0,585,1,0,0,9,10,632.0,583.0,598.0
seller_1,p101,2023-10-10,1046.7971673819743,1099.0,461,0,0,1,10,10,585.0,540.0,669.0
seller_1,p101,2023-10-11,1052.1767346938775,1099.0,515,0,0,2,11,10,461.0,573.0,506.0
seller_1,p101,2023-10-12,1049.2264788732396,1099.0,590,0,0,3,12,10,515.0,596.0,567.0
seller_1,p101,2023-10-13,1050.87418699187,1099.0,522,0,0,4,13,10,590.0,524.0,537.0
seller_1,p101,2023-10-14,988.2664130434783,1099.0,637,0,1,5,14,10,522.0,557.0,550.0
seller_1,p101,2023-10-15,989.0418039215687,1099.0,653,0,1,6,15,10,637.0,632.0,541.0
seller_1,p101,2023-10-16,1051.8332342007436,1099.0,548,0,0,0,16,10,653.0,585.0,598.0
seller_1,p101,2023-10-17,1049.1235231316728,1099.0,610,0,0,1,17,10,548.0,461.0,670.0
seller_1,p101,2023-10-18,1053.1207279693488,1099.0,500,0,0,2,18,10,610.0,515.0,551.0
seller_1,p101,2023-10-19,1047.3673835125448,1099.0,591,0,0,3,19,10,500.0,590.0,521.0
seller_1,p101,2023-10-20,1050.6122105263157,1099.0,583,0,0,4,20,10,591.0,522.0,529.0
seller_1,p101,2023-10-21,992.5334468085106,1099.0,551,0,1,5,21,10,583.0,637.0,523.0
seller_1,p101,2023-10-22,990.2904149377594,1099.0,577,0,1,6,22,10,551.0,653.0,523.0
seller_1,p101,2023-10-23,1051.3645019920318,1099.0,550,0,0,0,23,10,577.0,548.0,551.0
seller_1,p101,2023-10-24,1051.6636821705426,1099.0,533,0,0,1,24,10,550.0,610.0,668.0
seller_1,p101,2023-10-25,995.4034509803922,1099.0,602,0,0,2,25,10,533.0,500.0,607.0
seller_1,p101,2023-10-26,993.9632699619772,1099.0,594,0,0,3,26,10,602.0,591.0,562.0
seller_1,p101,2023-10-27,1000.1165354330709,1099.0,558,0,0,4,27,10,594.0,583.0,577.0
seller_1,p101,2023-10-28,935.6726556016597,1099.0,587,0,1,5,28,10,558.0,551.0,657.0
seller_1,p101,2023-10-29,933.010888888889,1099.0,569,0,1,6,29,10,587.0,577.0,561.0
seller_1,p101,2023-10-30,899.0121120689655,1099.0,708,0,0,0,30,10,569.0,550.0,686.0
seller_1,p101,2023-10-31,894.5690909090908,1099.0,699,0,0,1,31,10,708.0,533.0,627.0
seller_1,p101,2023-11-01,937.7566906474821,1099.0,867,0,0,2,1,11,699.0,602.0,583.0
seller_1,p101,2023-11-02,1047.0337313432835,1099.0,670,0,0,3,2,11,867.0,594.0,540.0
seller_1,p101,2023-11-03,1051.8613671875,1099.0,638,0,0,4,3,11,670.0,558.0,573.0
seller_1,p101,2023-11-04,989.9853333333334,1099.0,666,0,1,5,4,11,638.0,587.0,596.0
seller_1,p101,2023-11-05,987.8337269372694,1099.0,739,0,1,6,5,11,666.0,569.0,524.0
seller_1,p101,2023-11-06,1052.002748091603,1099.0,623,0,0,0,6,11,739.0,708.0,557.0
seller_1,p101,2023-11-07,1052.4384837545126,1099.0,640,0,0,1,7,11,623.0,699.0,632.0
seller_1,p101,2023-11-08,1051.928056680162,1099.0,589,0,0,2,8,11,640.0,867.0,585.0
seller_1,p101,2023-11-09,1053.4256097560976,1099.0,563,0,0,3,9,11,589.0,670.0,461.0
seller_1,p101,2023-11-10,1050.151013986014,1099.0,657,1,0,4,10,11,563.0,638.0,515.0
seller_1,p101,2023-11-11,989.7701992031873,1099.0,670,0,1,5,11,11,657.0,666.0,590.0
seller_1,p101,2023-11-12,986.5958515283843,1099.0,632,0,1,6,12,11,670.0,739.0,522.0
seller_1,p101,2023-11-13,1049.4934444444443,1099.0,615,0,0,0,13,11,632.0,623.0,637.0
seller_1,p101,2023-11-14,1050.2823694779117,1099.0,591,0,0,1,14,11,615.0,640.0,653.0
seller_1,p101,2023-11-15,1053.6504119850185,1099.0,619,0,0,2,15,11,591.0,589.0,548.0
seller_1,p101,2023-11-16,1048.1763247863248,1099.0,522,0,0,3,16,11,619.0,563.0,610.0
seller_1,p101,2023-11-17,1050.9943298969072,1099.0,653,0,0,4,17,11,522.0,657.0,500.0
seller_1,p101,2023-11-18,984.6769918699188,1099.0,650,0,1,5,18,11,653.0,670.0,591.0
seller_1,p101,2023-11-19,985.1324686192469,1099.0,663,0,1,6,19,11,650.0,632.0,583.0
seller_1,p101,2023-11-20,1049.0389615384615,1099.0,611,0,0,0,20,11,663.0,615.0,551.0
seller_1,p101,2023-11-21,1046.9515333333334,1099.0,712,0,0,1,21,11,611.0,591.0,577.0
seller_1,p101,2023-11-22,933.6829054054054,1099.0,881,0,0,2,22,11,712.0,619.0,550.0
seller_1,p101,2023-11-23,935.7949315068493,1099.0,894,1,0,3,23,11,881.0,522.0,533.0
seller_1,p101,2023-11-24,935.8973357664233,1099.0,820,0,0,4,24,11,894.0,653.0,602.0
seller_1,p101,2023-11-25,937.3126007326007,1099.0,807,0,1,5,25,11,820.0,650.0,594.0
seller_1,p101,2023-11-26,937.2095238095237,1099.0,797,0,1,6,26,11,807.0,663.0,558.0
seller_1,p101,2023-11-27,997.2554081632654,1099.0,768,0,0,0,27,11,797.0,611.0,587.0
seller_1,p101,2023-11-28,1003.4551492537313,1099.0,692,0,0,1,28,11,768.0,712.0,569.0
seller_1,p101,2023-11-29,997.5224264705881,1099.0,684,0,0,2,29,11,692.0,881.0,708.0
seller_1,p101,2023-11-30,996.964367816092,1099.0,659,0,0,3,30,11,684.0,894.0,699.0
seller_1,p101,2023-12-01,1049.3840282685512,1099.0,653,0,0,4,1,12,659.0,820.0,867.0
seller_1,p101,2023-12-02,989.6247263681593,1099.0,557,0,1,5,2,12,653.0,807.0,670.0
seller_1,p101,2023-12-03,987.6776653696498,1099.0,705,0,1,6,3,12,557.0,797.0,638.0
seller_1,p101,2023-12-04,1047.167923076923,1099.0,643,0,0,0,4,12,705.0,768.0,666.0
seller_1,p101,2023-12-05,1047.9962406015038,1099.0,648,0,0,1,5,12,643.0,692.0,739.0
seller_1,p101,2023-12-06,1048.1335080645163,1099.0,599,0,0,2,6,12,648.0,684.0,623.0
seller_1,p101,2023-12-07,1049.6229752066115,1099.0,534,0,0,3,7,12,599.0,659.0,640.0
seller_1,p101,2023-12-08,1052.3165315315314,1099.0,492,0,0,4,8,12,534.0,653.0,589.0
seller_1,p101,2023-12-09,993.2419213973799,1099.0,619,0,1,5,9,12,492.0,557.0,563.0
seller_1,p101,2023-12-10,990.1591803278689,1099.0,680,0,1,6,10,12,619.0,705.0,657.0
seller_1,p101,2023-12-11,1047.6202419354838,1099.0,570,0,0,0,11,12,680.0,643.0,670.0
seller_1,p101,2023-12-12,1049.6320370370372,1099.0,610,0,0,1,12,12,570.0,648.0,632.0
seller_1,p101,2023-12-13,1050.331219512195,1099.0,686,0,0,2,13,12,610.0,599.0,615.0
seller_1,p101,2023-12-14,1047.158686440678,1099.0,565,0,0,3,14,12,686.0,534.0,591.0
seller_1,p101,2023-12-15,1051.2674144486693,1099.0,609,0,0,4,15,12,565.0,492.0,619.0
seller_1,p101,2023-12-16,988.6075303643725,1099.0,646,0,1,5,16,12,609.0,619.0,522.0
seller_1,p101,2023-12-17,987.1476595744681,1099.0,787,0,1,6,17,12,646.0,680.0,653.0
seller_1,p101,2023-12-18,1050.9357207207208,1099.0,486,0,0,0,18,12,787.0,570.0,650.0
seller_1,p101,2023-12-19,1049.9949553571428,1099.0,523,0,0,1,19,12,486.0,610.0,663.0
seller_1,p101,2023-12-20,1049.2959922178989,1099.0,621,0,0,2,20,12,523.0,686.0,611.0
seller_1,p101,2023-12-21,1053.1597026022305,1099.0,625,0,0,3,21,12,621.0,565.0,712.0
seller_1,p101,2023-12-22,1053.431124497992,1099.0,545,0,0,4,22,12,625.0,609.0,881.0
seller_1,p101,2023-12-23,987.2554961832061,1099.0,697,0,1,5,23,12,545.0,646.0,894.0
seller_1,p101,2023-12-24,931.7815019762846,1099.0,843,0,1,6,24,12,697.0,787.0,820.0
seller_1,p101,2023-12-25,895.5148736462094,1099.0,884,1,0,0,25,12,843.0,486.0,807.0
seller_1,p101,2023-12-26,896.0698194945849,1099.0,934,0,0,1,26,12,884.0,523.0,797.0
seller_1,p101,2023-12-27,992.3715162454873,1099.0,728,0,0,2,27,12,934.0,621.0,768.0
seller_1,p101,2023-12-28,996.8650602409639,1099.0,610,0,0,3,28,12,728.0,625.0,692.0
seller_1,p101,2023-12-29,996.8869550173011,1099.0,767,0,0,4,29,12,610.0,545.0,684.0
seller_1,p101,2023-12-30,938.5074204946995,1099.0,810,0,1,5,30,12,767.0,697.0,659.0
seller_1,p101,2023-12-31,894.8467322834646,1099.0,852,0,1,6,31,12,810.0,843.0,653.0
seller_1,p101,2024-01-01,937.3129513888889,1099.0,818,1,0,0,1,1,852.0,884.0,557.0
seller_1,p101,2024-01-02,933.1948412698413,1099.0,758,0,0,1,2,1,818.0,934.0,705.0
seller_1,p101,2024-01-03,1048.235109489051,1099.0,580,0,0,2,3,1,758.0,728.0,643.0
seller_1,p101,2024-01-04,1046.8942,1099.0,509,0,0,3,4,1,580.0,610.0,648.0
seller_1,p101,2024-01-05,1053.6514642857142,1099.0,566,0,0,4,5,1,509.0,767.0,599.0
seller_1,p101,2024-01-06,987.5786991869918,1099.0,597,0,1,5,6,1,566.0,810.0,534.0
seller_1,p101,2024-01-07,989.8612274368231,1099.0,643,0,1,6,7,1,597.0,852.0,492.0
seller_1,p101,2024-01-08,1047.3895686274511,1099.0,521,0,0,0,8,1,643.0,818.0,619.0
seller_1,p101,2024-01-09,1052.1450183150184,1099.0,569,0,0,1,9,1,521.0,758.0,680.0
seller_1,p101,2024-01-10,1051.41375464684,1099.0,556,0,0,2,10,1,569.0,580.0,570.0
seller_1,p101,2024-01-11,1048.5057620817843,1099.0,592,0,0,3,11,1,556.0,509.0,610.0
seller_1,p101,2024-01-12,1051.6645136186771,1099.0,543,0,0,4,12,1,592.0,566.0,686.0
seller_1,p101,2024-01-13,990.0804924242424,1099.0,654,0,1,5,13,1,543.0,597.0,565.0
seller_1,p101,2024-01-14,985.5262361623616,1099.0,638,0,1,6,14,1,654.0,643.0,609.0
seller_1,p101,2024-01-15,1048.8697482014388,1099.0,620,1,0,0,15,1,638.0,521.0,646.0
seller_1,p101,2024-01-16,1050.174609053498,1099.0,507,0,0,1,16,1,620.0,569.0,787.0
seller_1,p101,2024-01-17,1050.0959027777778,1099.0,648,0,0,2,17,1,507.0,556.0,486.0
seller_1,p101,2024-01-18,1049.4288353413654,1099.0,494,0,0,3,18,1,648.0,592.0,523.0
seller_1,p101,2024-01-19,1053.7526199261993,1099.0,540,0,0,4,19,1,494.0,543.0,621.0
seller_1,p101,2024-01-20,990.586129032258,1099.0,590,0,1,5,20,1,540.0,654.0,625.0
seller_1,p101,2024-01-21,988.0502811244979,1099.0,635,0,1,6,21,1,590.0,638.0,545.0
seller_1,p101,2024-01-22,1047.4609824561403,1099.0,618,0,0,0,22,1,635.0,620.0,697.0
seller_1,p101,2024-01-23,1049.922,1099.0,551,0,0,1,23,1,618.0,507.0,843.0
seller_1,p101,2024-01-24,1052.3349180327868,1099.0,485,0,0,2,24,1,551.0,648.0,884.0
seller_1,p101,2024-01-25,998.7815241635687,1099.0,590,0,0,3,25,1,485.0,494.0,934.0
seller_1,p101,2024-01-26,993.9758518518518,1099.0,626,0,0,4,26,1,590.0,540.0,728.0
seller_1,p101,2024-01-27,930.4823048327137,1099.0,714,0,1,5,27,1,626.0,590.0,610.0
seller_1,p101,2024-01-28,936.4663405797102,1099.0,720,0,1,6,28,1,714.0,635.0,767.0
seller_1,p101,2024-01-29,1000.4735580524344,1099.0,590,0,0,0,29,1,720.0,618.0,810.0
seller_1,p101,2024-01-30,996.5615415019763,1099.0,544,0,0,1,30,1,590.0,551.0,852.0
seller_1,p101,2024-01-31,997.3850165016501,1099.0,672,0,0,2,31,1,544.0,485.0,818.0
seller_1,p101,2024-02-01,1045.6628017241378,1099.0,456,0,0,3,1,2,672.0,590.0,758.0
seller_1,p101,2024-02-02,1050.6308591065292,1099.0,638,0,0,4,2,2,456.0,626.0,580.0
seller_1,p101,2024-02-03,990.1343727598565,1099.0,685,0,1,5,3,2,638.0,714.0,509.0
seller_1,p101,2024-02-04,987.7540495867769,1099.0,598,0,1,6,4,2,685.0,720.0,566.0
seller_1,p101,2024-02-05,1049.702,1099.0,574,0,0,0,5,2,598.0,590.0,597.0
seller_1,p101,2024-02-06,1052.3405597014926,1099.0,577,0,0,1,6,2,574.0,544.0,643.0
seller_1,p101,2024-02-07,1049.699328358209,1099.0,540,0,0,2,7,2,577.0,672.0,521.0
seller_1,p101,2024-02-08,1055.1006617647058,1099.0,605,0,0,3,8,2,540.0,456.0,569.0
seller_1,p101,2024-02-09,1051.453593220339,1099.0,584,0,0,4,9,2,605.0,638.0,556.0
seller_1,p101,2024-02-10,984.6358536585367,1099.0,627,0,1,5,10,2,584.0,685.0,592.0
seller_1,p101,2024-02-11,989.7911328125,1099.0,633,0,1,6,11,2,627.0,598.0,543.0
seller_1,p101,2024-02-12,1053.6815636363635,1099.0,573,0,0,0,12,2,633.0,574.0,654.0
seller_1,p101,2024-02-13,933.29284,1099.0,711,0,0,1,13,2,573.0,577.0,638.0
seller_1,p101,2024-02-14,933.200923076923,1099.0,724,0,0,2,14,2,711.0,540.0,620.0
seller_1,p101,2024-02-15,932.0416788321169,1099.0,788,0,0,3,15,2,724.0,605.0,507.0
seller_1,p101,2024-02-16,1052.7104705882352,1099.0,523,0,0,4,16,2,788.0,584.0,648.0
seller_1,p101,2024-02-17,992.2627651515152,1099.0,628,0,1,5,17,2,523.0,627.0,494.0
seller_1,p101,2024-02-18,988.5705158730158,1099.0,598,0,1,6,18,2,628.0,633.0,540.0
seller_1,p101,2024-02-19,1042.9640959409594,1099.0,588,1,0,0,19,2,598.0,573.0,590.0
seller_1,p101,2024-02-20,1048.6034251968504,1099.0,529,0,0,1,20,2,588.0,711.0,635.0
seller_1,p101,2024-02-21,1053.7713725490196,1099.0,529,0,0,2,21,2,529.0,724.0,618.0
seller_1,p101,2024-02-22,1052.3055350553504,1099.0,597,0,0,3,22,2,529.0,788.0,551.0
seller_1,p101,2024-02-23,1045.5316974169743,1099.0,570,0,0,4,23,2,597.0,523.0,485.0
seller_1,p101,2024-02-24,990.2317647058824,1099.0,652,0,1,5,24,2,570.0,628.0,590.0
seller_1,p101,2024-02-25,935.9941886792452,1099.0,666,0,1,6,25,2,652.0,598.0,626.0
seller_1,p101,2024-02-26,998.335631768953,1099.0,601,0,0,0,26,2,666.0,588.0,714.0
seller_1,p101,2024-02-27,1003.9827091633466,1099.0,583,0,0,1,27,2,601.0,529.0,720.0
seller_1,p101,2024-02-28,1001.4186111111111,1099.0,582,0,0,2,28,2,583.0,529.0,590.0
seller_1,p101,2024-02-29,998.0424497991968,1099.0,556,0,0,3,29,2,582.0,597.0,544.0
seller_1,p101,2024-03-01,1048.00996124031,1099.0,562,0,0,4,1,3,556.0,570.0,672.0
seller_1,p101,2024-03-02,993.2654372623574,1099.0,633,0,1,5,2,3,562.0,652.0,456.0
seller_1,p101,2024-03-03,990.0269019607842,1099.0,646,0,1,6,3,3,633.0,666.0,638.0
seller_1,p101,2024-03-04,1048.9538602941177,1099.0,544,0,0,0,4,3,646.0,601.0,685.0
