product-sale-prediction-AI/data/prepared_daily_sales.csv
seller_id,product_id,date,sale_price,original_price,quantity,is_holiday,is_weekend,day_of_week,day_of_month,month,lag_1,lag_7,lag_30
seller_1,p101,2025-05-07,1050.5630036630037,1099.0,598,0,0,2,7,5,534.0,572.0,489.0
seller_1,p101,2025-05-08,1048.6762171052633,1099.0,655,0,0,3,8,5,598.0,601.0,503.0
seller_1,p101,2025-05-09,1047.7552707581228,1099.0,580,0,0,4,9,5,655.0,595.0,539.0
seller_1,p101,2025-05-10,989.9406976744186,1099.0,613,0,1,5,10,5,580.0,663.0,536.0
seller_1,p101,2025-05-11,989.1630962343097,1099.0,560,0,1,6,11,5,613.0,629.0,568.0
seller_1,p101,2025-05-12,1052.8392468619247,1099.0,504,0,0,0,12,5,560.0,552.0,632.0
seller_1,p101,2025-05-13,1056.6258367346938,1099.0,521,0,0,1,13,5,504.0,534.0,609.0
seller_1,p101,2025-05-14,1049.7643939393938,1099.0,552,0,0,2,14,5,521.0,598.0,552.0
seller_1,p101,2025-05-15,1048.28062992126,1099.0,549,0,0,3,15,5,552.0,655.0,562.0
seller_1,p101,2025-05-16,1048.1517454545453,1099.0,636,0,0,4,16,5,549.0,580.0,559.0
seller_1,p101,2025-05-17,987.4377056277056,1099.0,553,0,1,5,17,5,636.0,613.0,473.0
seller_1,p101,2025-05-18,986.1787250996016,1099.0,577,0,1,6,18,5,553.0,560.0,527.0
seller_1,p101,2025-05-19,1050.1094849785409,1099.0,448,0,0,0,19,5,577.0,504.0,643.0
seller_1,p101,2025-05-20,1049.0722314049588,1099.0,532,0,0,1,20,5,448.0,521.0,677.0
seller_1,p101,2025-05-21,1047.6916666666666,1099.0,557,0,0,2,21,5,532.0,552.0,571.0
seller_1,p101,2025-05-22,1053.7173799126638,1099.0,487,0,0,3,22,5,557.0,549.0,575.0
seller_1,p101,2025-05-23,1050.0418333333334,1099.0,510,0,0,4,23,5,487.0,636.0,512.0
seller_1,p101,2025-05-24,987.7692553191489,1099.0,670,0,1,5,24,5,510.0,553.0,503.0
seller_1,p102,2023-01-01,1102.4791752577319,1299.0,605,0,1,6,1,1,0.0,0.0,0.0
seller_1,p102,2023-01-02,1099.483043478261,1299.0,595,1,0,0,2,1,605.0,0.0,0.0
seller_1,p102,2023-01-03,1243.607990430622,1299.0,416,0,0,1,3,1,595.0,0.0,0.0
seller_1,p102,2023-01-04,1236.9851149425288,1299.0,387,0,0,2,4,1,416.0,0.0,0.0
seller_1,p102,2023-01-05,1245.5455895196508,1299.0,491,0,0,3,5,1,387.0,0.0,0.0
seller_1,p102,2023-01-06,1240.891826923077,1299.0,455,0,0,4,6,1,491.0,0.0,0.0
seller_1,p102,2023-01-07,1175.5314146341464,1299.0,494,0,1,5,7,1,455.0,0.0,0.0
seller_1,p102,2023-01-08,1168.273785046729,1299.0,534,0,1,6,8,1,494.0,605.0,0.0
seller_1,p102,2023-01-09,1245.0735046728971,1299.0,403,0,0,0,9,1,534.0,595.0,0.0
seller_1,p102,2023-01-10,1241.676043478261,1299.0,468,0,0,1,10,1,403.0,416.0,0.0
seller_1,p102,2023-01-11,1240.0581944444446,1299.0,446,0,0,2,11,1,468.0,387.0,0.0
seller_1,p102,2023-01-12,1242.7458260869564,1299.0,452,0,0,3,12,1,446.0,491.0,0.0
seller_1,p102,2023-01-13,1245.461619047619,1299.0,426,0,0,4,13,1,452.0,455.0,0.0
seller_1,p102,2023-01-14,1166.6235885167464,1299.0,484,0,1,5,14,1,426.0,494.0,0.0
seller_1,p102,2023-01-15,1165.706028708134,1299.0,519,0,1,6,15,1,484.0,534.0,0.0
seller_1,p102,2023-01-16,1239.4727477477477,1299.0,441,1,0,0,16,1,519.0,403.0,0.0
seller_1,p102,2023-01-17,1238.3610869565216,1299.0,506,0,0,1,17,1,441.0,468.0,0.0
seller_1,p102,2023-01-18,1241.2571014492753,1299.0,429,0,0,2,18,1,506.0,446.0,0.0
seller_1,p102,2023-01-19,1238.5278640776698,1299.0,445,0,0,3,19,1,429.0,452.0,0.0
seller_1,p102,2023-01-20,1238.7319786096257,1299.0,397,0,0,4,20,1,445.0,426.0,0.0
seller_1,p102,2023-01-21,1169.3580444444444,1299.0,497,0,1,5,21,1,397.0,484.0,0.0
seller_1,p102,2023-01-22,1165.1589252336448,1299.0,489,0,1,6,22,1,497.0,519.0,0.0
seller_1,p102,2023-01-23,1238.0652358490568,1299.0,412,0,0,0,23,1,489.0,441.0,0.0
seller_1,p102,2023-01-24,1240.3304405286344,1299.0,426,0,0,1,24,1,412.0,506.0,0.0
seller_1,p102,2023-01-25,1176.958153846154,1299.0,447,0,0,2,25,1,426.0,429.0,0.0
seller_1,p102,2023-01-26,1173.8739130434783,1299.0,533,0,0,3,26,1,447.0,445.0,0.0
seller_1,p102,2023-01-27,1179.6525,1299.0,473,0,0,4,27,1,533.0,397.0,0.0
seller_1,p102,2023-01-28,1105.819908675799,1299.0,566,0,1,5,28,1,473.0,497.0,0.0
seller_1,p102,2023-01-29,1102.1440094339623,1299.0,528,0,1,6,29,1,566.0,489.0,0.0
seller_1,p102,2023-01-30,1181.559911111111,1299.0,515,0,0,0,30,1,528.0,412.0,0.0
seller_1,p102,2023-01-31,1173.9133492822966,1299.0,486,0,0,1,31,1,515.0,426.0,605.0
seller_1,p102,2023-02-01,1241.3346875,1299.0,394,0,0,2,1,2,486.0,447.0,595.0
seller_1,p102,2023-02-02,1245.8853398058252,1299.0,445,0,0,3,2,2,394.0,533.0,416.0
seller_1,p102,2023-02-03,1245.0024630541873,1299.0,463,0,0,4,3,2,445.0,473.0,387.0
seller_1,p102,2023-02-04,1169.9252941176471,1299.0,504,0,1,5,4,2,463.0,566.0,491.0
seller_1,p102,2023-02-05,1164.4311940298508,1299.0,492,0,1,6,5,2,504.0,528.0,455.0
seller_1,p102,2023-02-06,1240.467336683417,1299.0,391,0,0,0,6,2,492.0,515.0,494.0
seller_1,p102,2023-02-07,1240.821146788991,1299.0,456,0,0,1,7,2,391.0,486.0,534.0
seller_1,p102,2023-02-08,1239.6407619047618,1299.0,427,0,0,2,8,2,456.0,394.0,403.0
seller_1,p102,2023-02-09,1243.786432160804,1299.0,403,0,0,3,9,2,427.0,445.0,468.0
seller_1,p102,2023-02-10,1240.7219806763285,1299.0,436,0,0,4,10,2,403.0,463.0,446.0
seller_1,p102,2023-02-11,1173.182909090909,1299.0,498,0,1,5,11,2,436.0,504.0,452.0
seller_1,p102,2023-02-12,1170.9989215686273,1299.0,480,0,1,6,12,2,498.0,492.0,426.0
seller_1,p102,2023-02-13,1100.7232558139535,1299.0,506,0,0,0,13,2,480.0,391.0,484.0
seller_1,p102,2023-02-14,1103.28,1299.0,569,0,0,1,14,2,506.0,456.0,519.0
seller_1,p102,2023-02-15,1108.7959905660377,1299.0,574,0,0,2,15,2,569.0,427.0,441.0
seller_1,p102,2023-02-16,1240.9077717391303,1299.0,396,0,0,3,16,2,574.0,403.0,506.0
seller_1,p102,2023-02-17,1247.7139,1299.0,404,0,0,4,17,2,396.0,436.0,429.0
seller_1,p102,2023-02-18,1171.7843243243244,1299.0,535,0,1,5,18,2,404.0,498.0,445.0
seller_1,p102,2023-02-19,1173.9576,1299.0,459,0,1,6,19,2,535.0,480.0,397.0
seller_1,p102,2023-02-20,1243.4957407407408,1299.0,399,1,0,0,20,2,459.0,506.0,497.0
seller_1,p102,2023-02-21,1242.8035652173912,1299.0,481,0,0,1,21,2,399.0,569.0,489.0
seller_1,p102,2023-02-22,1244.0406532663317,1299.0,406,0,0,2,22,2,481.0,574.0,412.0
seller_1,p102,2023-02-23,1247.0092857142856,1299.0,401,0,0,3,23,2,406.0,396.0,426.0
seller_1,p102,2023-02-24,1241.6748401826483,1299.0,446,0,0,4,24,2,401.0,404.0,447.0
seller_1,p102,2023-02-25,1106.7358293838863,1299.0,550,0,1,5,25,2,446.0,535.0,533.0
seller_1,p102,2023-02-26,1098.6549765258217,1299.0,583,0,1,6,26,2,550.0,459.0,473.0
seller_1,p102,2023-02-27,1176.9869603524228,1299.0,501,0,0,0,27,2,583.0,399.0,566.0
seller_1,p102,2023-02-28,1182.3296356275303,1299.0,550,0,0,1,28,2,501.0,481.0,528.0
seller_1,p102,2023-03-01,1239.163039647577,1299.0,506,0,0,2,1,3,550.0,406.0,515.0
seller_1,p102,2023-03-02,1241.137638888889,1299.0,457,0,0,3,2,3,506.0,401.0,486.0
seller_1,p102,2023-03-03,1233.000552763819,1299.0,446,0,0,4,3,3,457.0,446.0,394.0
seller_1,p102,2023-03-04,1169.242657004831,1299.0,516,0,1,5,4,3,446.0,550.0,445.0
seller_1,p102,2023-03-05,1168.6428767123289,1299.0,578,0,1,6,5,3,516.0,583.0,463.0
seller_1,p102,2023-03-06,1240.254494949495,1299.0,416,0,0,0,6,3,578.0,501.0,504.0
seller_1,p102,2023-03-07,1241.9877889447237,1299.0,404,0,0,1,7,3,416.0,550.0,492.0
seller_1,p102,2023-03-08,1242.8100490196077,1299.0,402,0,0,2,8,3,404.0,506.0,391.0
seller_1,p102,2023-03-09,1242.7329126213592,1299.0,403,0,0,3,9,3,402.0,457.0,456.0
seller_1,p102,2023-03-10,1241.857903930131,1299.0,488,0,0,4,10,3,403.0,446.0,427.0
seller_1,p102,2023-03-11,1169.2982727272727,1299.0,550,0,1,5,11,3,488.0,516.0,403.0
seller_1,p102,2023-03-12,1161.1400483091786,1299.0,532,0,1,6,12,3,550.0,578.0,436.0
seller_1,p102,2023-03-13,1241.660091324201,1299.0,436,0,0,0,13,3,532.0,416.0,498.0
seller_1,p102,2023-03-14,1241.0811312217195,1299.0,439,0,0,1,14,3,436.0,404.0,480.0
seller_1,p102,2023-03-15,1243.5465151515152,1299.0,414,0,0,2,15,3,439.0,402.0,506.0
seller_1,p102,2023-03-16,1246.1704591836735,1299.0,403,0,0,3,16,3,414.0,403.0,569.0
seller_1,p102,2023-03-17,1244.9103157894735,1299.0,368,0,0,4,17,3,403.0,488.0,574.0
seller_1,p102,2023-03-18,1168.8092553191489,1299.0,428,0,1,5,18,3,368.0,550.0,396.0
seller_1,p102,2023-03-19,1168.8935682819385,1299.0,517,0,1,6,19,3,428.0,532.0,404.0
seller_1,p102,2023-03-20,1245.778,1299.0,389,0,0,0,20,3,517.0,436.0,535.0
seller_1,p102,2023-03-21,1239.4391457286433,1299.0,411,0,0,1,21,3,389.0,439.0,459.0
seller_1,p102,2023-03-22,1240.2209216589863,1299.0,429,0,0,2,22,3,411.0,414.0,399.0
seller_1,p102,2023-03-23,1242.2466666666667,1299.0,392,0,0,3,23,3,429.0,403.0,481.0
seller_1,p102,2023-03-24,1234.9800454545455,1299.0,436,0,0,4,24,3,392.0,368.0,406.0
seller_1,p102,2023-03-25,1103.1499465240643,1299.0,488,0,1,5,25,3,436.0,428.0,401.0
seller_1,p102,2023-03-26,1106.8774742268042,1299.0,513,0,1,6,26,3,488.0,517.0,446.0
seller_1,p102,2023-03-27,1181.4782805429866,1299.0,492,0,0,0,27,3,513.0,389.0,550.0
seller_1,p102,2023-03-28,1174.5787790697673,1299.0,384,0,0,1,28,3,492.0,411.0,583.0
seller_1,p102,2023-03-29,1178.5102427184465,1299.0,474,0,0,2,29,3,384.0,429.0,501.0
seller_1,p102,2023-03-30,1176.7488659793814,1299.0,437,0,0,3,30,3,474.0,392.0,550.0
seller_1,p102,2023-03-31,1183.3891005291005,1299.0,431,0,0,4,31,3,437.0,436.0,506.0
seller_1,p102,2023-04-01,1166.630108695652,1299.0,461,0,1,5,1,4,431.0,488.0,457.0
seller_1,p102,2023-04-02,1163.6069444444445,1299.0,444,0,1,6,2,4,461.0,513.0,446.0
seller_1,p102,2023-04-03,1245.5171782178218,1299.0,425,0,0,0,3,4,444.0,492.0,516.0
seller_1,p102,2023-04-04,1238.4387317073172,1299.0,427,0,0,1,4,4,425.0,384.0,578.0
seller_1,p102,2023-04-05,1238.6736018957347,1299.0,474,0,0,2,5,4,427.0,474.0,416.0
seller_1,p102,2023-04-06,1238.5010087719297,1299.0,461,0,0,3,6,4,474.0,437.0,404.0
seller_1,p102,2023-04-07,1248.359175257732,1299.0,405,0,0,4,7,4,461.0,431.0,402.0
seller_1,p102,2023-04-08,1172.1031382978722,1299.0,431,0,1,5,8,4,405.0,461.0,403.0
seller_1,p102,2023-04-09,1170.0324170616113,1299.0,491,0,1,6,9,4,431.0,444.0,488.0
seller_1,p102,2023-04-10,1242.6984951456311,1299.0,414,0,0,0,10,4,491.0,425.0,550.0
seller_1,p102,2023-04-11,1232.811221719457,1299.0,474,0,0,1,11,4,414.0,427.0,532.0
seller_1,p102,2023-04-12,1238.7097837837837,1299.0,391,0,0,2,12,4,474.0,474.0,436.0
seller_1,p102,2023-04-13,1241.116889952153,1299.0,455,0,0,3,13,4,391.0,461.0,439.0
seller_1,p102,2023-04-14,1234.7567512690355,1299.0,404,0,0,4,14,4,455.0,405.0,414.0
seller_1,p102,2023-04-15,1170.4322043010754,1299.0,407,0,1,5,15,4,404.0,431.0,403.0
seller_1,p102,2023-04-16,1165.81985,1299.0,494,0,1,6,16,4,407.0,491.0,368.0
seller_1,p102,2023-04-17,1244.3394416243655,1299.0,407,0,0,0,17,4,494.0,414.0,428.0
seller_1,p102,2023-04-18,1238.5455721393034,1299.0,410,0,0,1,18,4,407.0,474.0,517.0
seller_1,p102,2023-04-19,1241.9547596153845,1299.0,390,0,0,2,19,4,410.0,391.0,389.0
seller_1,p102,2023-04-20,1243.9951515151515,1299.0,412,0,0,3,20,4,390.0,455.0,411.0
seller_1,p102,2023-04-21,1238.524401709402,1299.0,491,0,0,4,21,4,412.0,404.0,429.0
seller_1,p102,2023-04-22,1171.2414795918367,1299.0,446,0,1,5,22,4,491.0,407.0,392.0
seller_1,p102,2023-04-23,1171.6780208333332,1299.0,472,0,1,6,23,4,446.0,494.0,436.0
seller_1,p102,2023-04-24,1245.7586936936937,1299.0,450,0,0,0,24,4,472.0,407.0,488.0
seller_1,p102,2023-04-25,1182.1050228310503,1299.0,449,0,0,1,25,4,450.0,410.0,513.0
seller_1,p102,2023-04-26,1180.2330555555554,1299.0,498,0,0,2,26,4,449.0,390.0,492.0
seller_1,p102,2023-04-27,1179.633396226415,1299.0,499,0,0,3,27,4,498.0,412.0,384.0
seller_1,p102,2023-04-28,1179.9559907834102,1299.0,501,0,0,4,28,4,499.0,491.0,474.0
seller_1,p102,2023-04-29,1106.2511160714287,1299.0,583,0,1,5,29,4,501.0,446.0,437.0
seller_1,p102,2023-04-30,1106.9224423963135,1299.0,553,0,1,6,30,4,583.0,472.0,431.0
seller_1,p102,2023-05-01,1237.9047342995168,1299.0,423,0,0,0,1,5,553.0,450.0,461.0
seller_1,p102,2023-05-02,1246.3728899082569,1299.0,448,0,0,1,2,5,423.0,449.0,444.0
seller_1,p102,2023-05-03,1244.1555844155844,1299.0,502,0,0,2,3,5,448.0,498.0,425.0
seller_1,p102,2023-05-04,1238.8103703703703,1299.0,495,0,0,3,4,5,502.0,499.0,427.0
seller_1,p102,2023-05-05,1244.9011814345993,1299.0,508,0,0,4,5,5,495.0,501.0,474.0
seller_1,p102,2023-05-06,1169.4086699507388,1299.0,491,0,1,5,6,5,508.0,583.0,461.0
seller_1,p102,2023-05-07,1166.239953271028,1299.0,526,0,1,6,7,5,491.0,553.0,405.0
seller_1,p102,2023-05-08,1241.4138547486032,1299.0,379,0,0,0,8,5,526.0,423.0,431.0
seller_1,p102,2023-05-09,1245.2306074766354,1299.0,473,0,0,1,9,5,379.0,448.0,491.0
seller_1,p102,2023-05-10,1243.9575471698113,1299.0,431,0,0,2,10,5,473.0,502.0,414.0
seller_1,p102,2023-05-11,1238.659470899471,1299.0,391,0,0,3,11,5,431.0,495.0,474.0
seller_1,p102,2023-05-12,1246.0669948186528,1299.0,402,0,0,4,12,5,391.0,508.0,391.0
seller_1,p102,2023-05-13,1163.2612626262626,1299.0,484,0,1,5,13,5,402.0,491.0,455.0
seller_1,p102,2023-05-14,1165.5077173913044,1299.0,434,0,1,6,14,5,484.0,526.0,404.0
seller_1,p102,2023-05-15,1244.3339024390245,1299.0,412,0,0,0,15,5,434.0,379.0,407.0
seller_1,p102,2023-05-16,1239.1244019138755,1299.0,412,0,0,1,16,5,412.0,473.0,494.0
seller_1,p102,2023-05-17,1239.7307653061225,1299.0,406,0,0,2,17,5,412.0,431.0,407.0
seller_1,p102,2023-05-18,1239.1071875,1299.0,460,0,0,3,18,5,406.0,391.0,410.0
seller_1,p102,2023-05-19,1246.1800495049504,1299.0,412,0,0,4,19,5,460.0,402.0,390.0
seller_1,p102,2023-05-20,1168.0602403846153,1299.0,455,0,1,5,20,5,412.0,484.0,412.0
seller_1,p102,2023-05-21,1168.448801843318,1299.0,516,0,1,6,21,5,455.0,434.0,491.0
seller_1,p102,2023-05-22,1245.5913397129186,1299.0,455,0,0,0,22,5,516.0,412.0,446.0
seller_1,p102,2023-05-23,1245.6315238095237,1299.0,473,0,0,1,23,5,455.0,412.0,472.0
seller_1,p102,2023-05-24,1240.6460109289617,1299.0,377,0,0,2,24,5,473.0,406.0,450.0
seller_1,p102,2023-05-25,1185.77,1299.0,508,0,0,3,25,5,377.0,460.0,449.0
seller_1,p102,2023-05-26,1179.584397905759,1299.0,447,0,0,4,26,5,508.0,412.0,498.0
seller_1,p102,2023-05-27,1103.2285844748858,1299.0,539,0,1,5,27,5,447.0,455.0,499.0
seller_1,p102,2023-05-28,1103.1695609756098,1299.0,521,0,1,6,28,5,539.0,516.0,501.0
seller_1,p102,2023-05-29,1183.4925490196078,1299.0,459,1,0,0,29,5,521.0,455.0,583.0
seller_1,p102,2023-05-30,1176.473962264151,1299.0,501,0,0,1,30,5,459.0,473.0,553.0
seller_1,p102,2023-05-31,1182.661474654378,1299.0,486,0,0,2,31,5,501.0,377.0,423.0
seller_1,p102,2023-06-01,1245.5835025380711,1299.0,436,0,0,3,1,6,486.0,508.0,448.0
seller_1,p102,2023-06-02,1242.9087441860465,1299.0,455,0,0,4,2,6,436.0,447.0,502.0
seller_1,p102,2023-06-03,1168.6304854368932,1299.0,540,0,1,5,3,6,455.0,539.0,495.0
seller_1,p102,2023-06-04,1169.314103773585,1299.0,544,0,1,6,4,6,540.0,521.0,508.0
seller_1,p102,2023-06-05,1235.7197860962567,1299.0,399,0,0,0,5,6,544.0,459.0,491.0
seller_1,p102,2023-06-06,1239.591791044776,1299.0,401,0,0,1,6,6,399.0,501.0,526.0
seller_1,p102,2023-06-07,1244.32,1299.0,461,0,0,2,7,6,401.0,486.0,379.0
seller_1,p102,2023-06-08,1236.956179245283,1299.0,449,0,0,3,8,6,461.0,436.0,473.0
seller_1,p102,2023-06-09,1239.5211627906976,1299.0,479,0,0,4,9,6,449.0,455.0,431.0
seller_1,p102,2023-06-10,1163.9433170731706,1299.0,485,0,1,5,10,6,479.0,540.0,391.0
seller_1,p102,2023-06-11,1166.28195,1299.0,481,0,1,6,11,6,485.0,544.0,402.0
seller_1,p102,2023-06-12,1249.6640555555555,1299.0,368,0,0,0,12,6,481.0,399.0,484.0
seller_1,p102,2023-06-13,1240.2339583333335,1299.0,371,0,0,1,13,6,368.0,401.0,434.0
seller_1,p102,2023-06-14,1238.1279187817258,1299.0,432,0,0,2,14,6,371.0,461.0,412.0
seller_1,p102,2023-06-15,1244.6320320855616,1299.0,401,0,0,3,15,6,432.0,449.0,412.0
seller_1,p102,2023-06-16,1239.481530612245,1299.0,386,0,0,4,16,6,401.0,479.0,406.0
seller_1,p102,2023-06-17,1172.4065887850468,1299.0,504,0,1,5,17,6,386.0,485.0,460.0
seller_1,p102,2023-06-18,1167.6067924528302,1299.0,504,0,1,6,18,6,504.0,481.0,412.0
seller_1,p102,2023-06-19,1247.203574879227,1299.0,434,1,0,0,19,6,504.0,368.0,455.0
seller_1,p102,2023-06-20,1240.917741935484,1299.0,385,0,0,1,20,6,434.0,371.0,516.0
seller_1,p102,2023-06-21,1240.7380829015544,1299.0,414,0,0,2,21,6,385.0,432.0,455.0
seller_1,p102,2023-06-22,1243.173556701031,1299.0,414,0,0,3,22,6,414.0,401.0,473.0
seller_1,p102,2023-06-23,1241.1535807860262,1299.0,467,0,0,4,23,6,414.0,386.0,377.0
seller_1,p102,2023-06-24,1168.1508780487804,1299.0,487,0,1,5,24,6,467.0,504.0,508.0
seller_1,p102,2023-06-25,1101.4143722943722,1299.0,571,0,1,6,25,6,487.0,504.0,447.0
seller_1,p102,2023-06-26,1186.0531250000001,1299.0,417,0,0,0,26,6,571.0,434.0,539.0
seller_1,p102,2023-06-27,1171.5046391752578,1299.0,430,0,0,1,27,6,417.0,385.0,521.0
seller_1,p102,2023-06-28,1185.8733333333332,1299.0,425,0,0,2,28,6,430.0,414.0,459.0
seller_1,p102,2023-06-29,1178.8392924528303,1299.0,447,0,0,3,29,6,425.0,414.0,501.0
seller_1,p102,2023-06-30,1174.4095673076922,1299.0,486,0,0,4,30,6,447.0,467.0,486.0
seller_1,p102,2023-07-01,1179.1373399014778,1299.0,535,0,1,5,1,7,486.0,487.0,436.0
seller_1,p102,2023-07-02,1171.8334234234235,1299.0,554,0,1,6,2,7,535.0,571.0,455.0
seller_1,p102,2023-07-03,1104.2752307692308,1299.0,562,0,0,0,3,7,554.0,417.0,540.0
seller_1,p102,2023-07-04,1106.0770430107527,1299.0,539,1,0,1,4,7,562.0,430.0,544.0
seller_1,p102,2023-07-05,1104.0451,1299.0,585,0,0,2,5,7,539.0,425.0,399.0
seller_1,p102,2023-07-06,1237.9977333333334,1299.0,465,0,0,3,6,7,585.0,447.0,401.0
seller_1,p102,2023-07-07,1243.1596391752578,1299.0,415,0,0,4,7,7,465.0,486.0,461.0
seller_1,p102,2023-07-08,1165.4712554112552,1299.0,548,0,1,5,8,7,415.0,535.0,449.0
seller_1,p102,2023-07-09,1165.2711764705882,1299.0,546,0,1,6,9,7,548.0,554.0,479.0
seller_1,p102,2023-07-10,1242.5677722772277,1299.0,380,0,0,0,10,7,546.0,562.0,485.0
seller_1,p102,2023-07-11,1239.915,1299.0,374,0,0,1,11,7,380.0,539.0,481.0
seller_1,p102,2023-07-12,1242.1945454545455,1299.0,437,0,0,2,12,7,374.0,585.0,368.0
seller_1,p102,2023-07-13,1241.7694090909092,1299.0,477,0,0,3,13,7,437.0,465.0,371.0
seller_1,p102,2023-07-14,1243.3413235294117,1299.0,443,0,0,4,14,7,477.0,415.0,432.0
seller_1,p102,2023-07-15,1166.4062882096068,1299.0,541,0,1,5,15,7,443.0,548.0,401.0
seller_1,p102,2023-07-16,1166.2564806866953,1299.0,575,0,1,6,16,7,541.0,546.0,386.0
