product-sale-prediction-AI/data/prepared_daily_sales.csv
seller_id,product_id,date,sale_price,original_price,quantity,is_holiday,is_weekend,day_of_week,day_of_month,month,lag_1,lag_7,lag_30
seller_1,p102,2023-07-17,1236.664154589372,1299.0,438,0,0,0,17,7,575.0,380.0,504.0
seller_1,p102,2023-07-18,1243.9816228070176,1299.0,439,0,0,1,18,7,438.0,374.0,504.0
seller_1,p102,2023-07-19,1245.48475,1299.0,429,0,0,2,19,7,439.0,437.0,434.0
seller_1,p102,2023-07-20,1243.6963297872342,1299.0,375,0,0,3,20,7,429.0,477.0,385.0
seller_1,p102,2023-07-21,1249.4588265306122,1299.0,430,0,0,4,21,7,375.0,443.0,414.0
seller_1,p102,2023-07-22,1169.95905,1299.0,502,0,1,5,22,7,430.0,541.0,414.0
seller_1,p102,2023-07-23,1162.573852813853,1299.0,566,0,1,6,23,7,502.0,575.0,467.0
seller_1,p102,2023-07-24,1239.120105820106,1299.0,396,0,0,0,24,7,566.0,438.0,487.0
seller_1,p102,2023-07-25,1177.5122916666667,1299.0,561,0,0,1,25,7,396.0,439.0,571.0
seller_1,p102,2023-07-26,1175.9662765957446,1299.0,462,0,0,2,26,7,561.0,429.0,417.0
seller_1,p102,2023-07-27,1178.1415763546797,1299.0,456,0,0,3,27,7,462.0,375.0,430.0
seller_1,p102,2023-07-28,1178.491832460733,1299.0,438,0,0,4,28,7,456.0,430.0,425.0
seller_1,p102,2023-07-29,1102.2377595628416,1299.0,477,0,1,5,29,7,438.0,502.0,447.0
seller_1,p102,2023-07-30,1103.0076381909548,1299.0,543,0,1,6,30,7,477.0,566.0,486.0
seller_1,p102,2023-07-31,1185.1661637931034,1299.0,533,0,0,0,31,7,543.0,396.0,535.0
seller_1,p102,2023-08-01,1245.5847368421053,1299.0,376,0,0,1,1,8,533.0,561.0,554.0
seller_1,p102,2023-08-02,1242.2719523809524,1299.0,443,0,0,2,2,8,376.0,462.0,562.0
seller_1,p102,2023-08-03,1240.1003846153847,1299.0,435,0,0,3,3,8,443.0,456.0,539.0
seller_1,p102,2023-08-04,1245.0416267942585,1299.0,446,0,0,4,4,8,435.0,438.0,585.0
seller_1,p102,2023-08-05,1168.2387155963304,1299.0,546,0,1,5,5,8,446.0,477.0,465.0
seller_1,p102,2023-08-06,1170.7553684210525,1299.0,427,0,1,6,6,8,546.0,543.0,415.0
seller_1,p102,2023-08-07,1238.9371428571428,1299.0,347,0,0,0,7,8,427.0,533.0,548.0
seller_1,p102,2023-08-08,1240.6665533980583,1299.0,462,0,0,1,8,8,347.0,376.0,546.0
seller_1,p102,2023-08-09,1238.8404651162791,1299.0,449,0,0,2,9,8,462.0,443.0,380.0
seller_1,p102,2023-08-10,1238.856030927835,1299.0,381,0,0,3,10,8,449.0,435.0,374.0
seller_1,p102,2023-08-11,1242.76525,1299.0,412,0,0,4,11,8,381.0,446.0,437.0
seller_1,p102,2023-08-12,1166.381067961165,1299.0,499,0,1,5,12,8,412.0,546.0,477.0
seller_1,p102,2023-08-13,1174.2709547738693,1299.0,499,0,1,6,13,8,499.0,427.0,443.0
seller_1,p102,2023-08-14,1238.8829147982062,1299.0,481,0,0,0,14,8,499.0,347.0,541.0
seller_1,p102,2023-08-15,1238.039409090909,1299.0,490,0,0,1,15,8,481.0,462.0,575.0
seller_1,p102,2023-08-16,1241.864027777778,1299.0,445,0,0,2,16,8,490.0,449.0,438.0
seller_1,p102,2023-08-17,1242.4880392156863,1299.0,416,0,0,3,17,8,445.0,381.0,439.0
seller_1,p102,2023-08-18,1241.6117757009345,1299.0,434,0,0,4,18,8,416.0,412.0,429.0
seller_1,p102,2023-08-19,1171.4785167464115,1299.0,505,0,1,5,19,8,434.0,499.0,375.0
seller_1,p102,2023-08-20,1168.8893427230046,1299.0,501,0,1,6,20,8,505.0,499.0,430.0
seller_1,p102,2023-08-21,1241.35125,1299.0,501,0,0,0,21,8,501.0,481.0,502.0
seller_1,p102,2023-08-22,1239.2774537037037,1299.0,440,0,0,1,22,8,501.0,490.0,566.0
seller_1,p102,2023-08-23,1242.7652358490566,1299.0,438,0,0,2,23,8,440.0,445.0,396.0
seller_1,p102,2023-08-24,1241.214025974026,1299.0,481,0,0,3,24,8,438.0,416.0,561.0
seller_1,p102,2023-08-25,1179.1112396694214,1299.0,553,0,0,4,25,8,481.0,434.0,462.0
seller_1,p102,2023-08-26,1104.6702575107297,1299.0,614,0,1,5,26,8,553.0,505.0,456.0
seller_1,p102,2023-08-27,1109.1121287128713,1299.0,535,0,1,6,27,8,614.0,501.0,438.0
seller_1,p102,2023-08-28,1174.687536231884,1299.0,475,0,0,0,28,8,535.0,501.0,477.0
seller_1,p102,2023-08-29,1183.1570909090908,1299.0,490,0,0,1,29,8,475.0,440.0,543.0
seller_1,p102,2023-08-30,1178.3760301507536,1299.0,446,0,0,2,30,8,490.0,438.0,533.0
seller_1,p102,2023-08-31,1185.8345673076924,1299.0,472,0,0,3,31,8,446.0,481.0,376.0
seller_1,p102,2023-09-01,1239.3762564102565,1299.0,445,0,0,4,1,9,472.0,553.0,443.0
seller_1,p102,2023-09-02,1173.0801904761904,1299.0,506,0,1,5,2,9,445.0,614.0,435.0
seller_1,p102,2023-09-03,1171.6278061224489,1299.0,501,0,1,6,3,9,506.0,535.0,446.0
seller_1,p102,2023-09-04,1237.7696446700506,1299.0,416,1,0,0,4,9,501.0,475.0,546.0
seller_1,p102,2023-09-05,1240.9465258215962,1299.0,433,0,0,1,5,9,416.0,490.0,427.0
seller_1,p102,2023-09-06,1238.6425339366515,1299.0,447,0,0,2,6,9,433.0,446.0,347.0
seller_1,p102,2023-09-07,1240.5648587570622,1299.0,393,0,0,3,7,9,447.0,472.0,462.0
seller_1,p102,2023-09-08,1244.2159895833333,1299.0,401,0,0,4,8,9,393.0,445.0,449.0
seller_1,p102,2023-09-09,1173.8217521367521,1299.0,591,0,1,5,9,9,401.0,506.0,381.0
seller_1,p102,2023-09-10,1170.724927536232,1299.0,503,0,1,6,10,9,591.0,501.0,412.0
seller_1,p102,2023-09-11,1244.0001310043667,1299.0,476,0,0,0,11,9,503.0,416.0,499.0
seller_1,p102,2023-09-12,1241.228798076923,1299.0,432,0,0,1,12,9,476.0,433.0,499.0
seller_1,p102,2023-09-13,1241.8666367713006,1299.0,496,0,0,2,13,9,432.0,447.0,481.0
seller_1,p102,2023-09-14,1238.378243243243,1299.0,462,0,0,3,14,9,496.0,393.0,490.0
seller_1,p102,2023-09-15,1243.0733796296295,1299.0,430,0,0,4,15,9,462.0,401.0,445.0
seller_1,p102,2023-09-16,1166.224864864865,1299.0,532,0,1,5,16,9,430.0,591.0,416.0
seller_1,p102,2023-09-17,1168.436368159204,1299.0,505,0,1,6,17,9,532.0,503.0,434.0
seller_1,p102,2023-09-18,1240.4549122807018,1299.0,456,0,0,0,18,9,505.0,476.0,505.0
seller_1,p102,2023-09-19,1243.8976886792452,1299.0,455,0,0,1,19,9,456.0,432.0,501.0
seller_1,p102,2023-09-20,1240.7944505494506,1299.0,367,0,0,2,20,9,455.0,496.0,501.0
seller_1,p102,2023-09-21,1238.7792694063926,1299.0,454,0,0,3,21,9,367.0,462.0,440.0
seller_1,p102,2023-09-22,1239.0281690140846,1299.0,447,0,0,4,22,9,454.0,430.0,438.0
seller_1,p102,2023-09-23,1171.0020289855072,1299.0,473,0,1,5,23,9,447.0,532.0,481.0
seller_1,p102,2023-09-24,1165.0568648648648,1299.0,454,0,1,6,24,9,473.0,505.0,553.0
seller_1,p102,2023-09-25,1178.1645238095236,1299.0,488,0,0,0,25,9,454.0,456.0,614.0
seller_1,p102,2023-09-26,1183.6991414141414,1299.0,466,0,0,1,26,9,488.0,455.0,535.0
seller_1,p102,2023-09-27,1181.41365,1299.0,484,0,0,2,27,9,466.0,367.0,475.0
seller_1,p102,2023-09-28,1178.2200892857143,1299.0,522,0,0,3,28,9,484.0,454.0,490.0
seller_1,p102,2023-09-29,1184.5764957264958,1299.0,523,0,0,4,29,9,522.0,447.0,446.0
seller_1,p102,2023-09-30,1105.2966355140188,1299.0,586,0,1,5,30,9,523.0,473.0,472.0
seller_1,p102,2023-10-01,1168.8880465116279,1299.0,571,0,1,6,1,10,586.0,454.0,445.0
seller_1,p102,2023-10-02,1244.4332444444444,1299.0,498,0,0,0,2,10,571.0,488.0,506.0
seller_1,p102,2023-10-03,1245.3756250000001,1299.0,458,0,0,1,3,10,498.0,466.0,501.0
seller_1,p102,2023-10-04,1244.872,1299.0,445,0,0,2,4,10,458.0,484.0,416.0
seller_1,p102,2023-10-05,1240.2337623762376,1299.0,461,0,0,3,5,10,445.0,522.0,433.0
seller_1,p102,2023-10-06,1245.7047252747254,1299.0,367,0,0,4,6,10,461.0,523.0,447.0
seller_1,p102,2023-10-07,1166.9954128440368,1299.0,515,0,1,5,7,10,367.0,586.0,393.0
seller_1,p102,2023-10-08,1167.9558095238094,1299.0,496,0,1,6,8,10,515.0,571.0,401.0
seller_1,p102,2023-10-09,1245.6648148148147,1299.0,369,1,0,0,9,10,496.0,498.0,591.0
seller_1,p102,2023-10-10,1238.119187817259,1299.0,386,0,0,1,10,10,369.0,458.0,503.0
seller_1,p102,2023-10-11,1239.238829787234,1299.0,379,0,0,2,11,10,386.0,445.0,476.0
seller_1,p102,2023-10-12,1242.8875,1299.0,381,0,0,3,12,10,379.0,461.0,432.0
seller_1,p102,2023-10-13,1244.3396744186048,1299.0,436,0,0,4,13,10,381.0,367.0,496.0
seller_1,p102,2023-10-14,1168.528046511628,1299.0,535,0,1,5,14,10,436.0,515.0,462.0
seller_1,p102,2023-10-15,1171.0488888888888,1299.0,406,0,1,6,15,10,535.0,496.0,430.0
seller_1,p102,2023-10-16,1244.667802690583,1299.0,443,0,0,0,16,10,406.0,369.0,532.0
seller_1,p102,2023-10-17,1238.2697395833334,1299.0,389,0,0,1,17,10,443.0,386.0,505.0
seller_1,p102,2023-10-18,1243.7770680628273,1299.0,419,0,0,2,18,10,389.0,379.0,456.0
seller_1,p102,2023-10-19,1243.5863942307692,1299.0,458,0,0,3,19,10,419.0,381.0,455.0
seller_1,p102,2023-10-20,1246.2092146596858,1299.0,417,0,0,4,20,10,458.0,436.0,367.0
seller_1,p102,2023-10-21,1169.4689669421487,1299.0,568,0,1,5,21,10,417.0,535.0,454.0
seller_1,p102,2023-10-22,1167.825947368421,1299.0,448,0,1,6,22,10,568.0,406.0,447.0
seller_1,p102,2023-10-23,1244.4427368421052,1299.0,408,0,0,0,23,10,448.0,443.0,473.0
seller_1,p102,2023-10-24,1239.4317435897435,1299.0,410,0,0,1,24,10,408.0,389.0,454.0
seller_1,p102,2023-10-25,1181.3461691542288,1299.0,487,0,0,2,25,10,410.0,419.0,488.0
seller_1,p102,2023-10-26,1179.5761611374407,1299.0,486,0,0,3,26,10,487.0,458.0,466.0
seller_1,p102,2023-10-27,1175.3238693467338,1299.0,446,0,0,4,27,10,486.0,417.0,484.0
seller_1,p102,2023-10-28,1103.1361835748792,1299.0,545,0,1,5,28,10,446.0,568.0,522.0
seller_1,p102,2023-10-29,1103.6161025641027,1299.0,505,0,1,6,29,10,545.0,448.0,523.0
seller_1,p102,2023-10-30,1057.2084792626729,1299.0,664,0,0,0,30,10,505.0,408.0,586.0
seller_1,p102,2023-10-31,1057.5187623762376,1299.0,608,0,0,1,31,10,664.0,410.0,571.0
seller_1,p102,2023-11-01,1104.2397716894977,1299.0,724,0,0,2,1,11,608.0,487.0,498.0
seller_1,p102,2023-11-02,1240.3225242718447,1299.0,478,0,0,3,2,11,724.0,486.0,458.0
seller_1,p102,2023-11-03,1237.576376146789,1299.0,545,0,0,4,3,11,478.0,446.0,445.0
seller_1,p102,2023-11-04,1164.3248333333333,1299.0,515,0,1,5,4,11,545.0,545.0,461.0
seller_1,p102,2023-11-05,1169.5695098039216,1299.0,578,0,1,6,5,11,515.0,505.0,367.0
seller_1,p102,2023-11-06,1244.2530054644808,1299.0,425,0,0,0,6,11,578.0,664.0,515.0
seller_1,p102,2023-11-07,1240.211690821256,1299.0,460,0,0,1,7,11,425.0,608.0,496.0
seller_1,p102,2023-11-08,1243.4040909090909,1299.0,484,0,0,2,8,11,460.0,724.0,369.0
seller_1,p102,2023-11-09,1245.8142083333332,1299.0,562,0,0,3,9,11,484.0,478.0,386.0
seller_1,p102,2023-11-10,1240.566162162162,1299.0,408,1,0,4,10,11,562.0,545.0,379.0
seller_1,p102,2023-11-11,1169.6964532019704,1299.0,547,0,1,5,11,11,408.0,515.0,381.0
seller_1,p102,2023-11-12,1168.6491063829787,1299.0,653,0,1,6,12,11,547.0,578.0,436.0
seller_1,p102,2023-11-13,1239.7015135135134,1299.0,452,0,0,0,13,11,653.0,425.0,535.0
seller_1,p102,2023-11-14,1245.58455,1299.0,453,0,0,1,14,11,452.0,460.0,406.0
seller_1,p102,2023-11-15,1240.9627272727273,1299.0,451,0,0,2,15,11,453.0,484.0,443.0
seller_1,p102,2023-11-16,1245.0465789473683,1299.0,499,0,0,3,16,11,451.0,562.0,389.0
seller_1,p102,2023-11-17,1242.0744019138756,1299.0,472,0,0,4,17,11,499.0,408.0,419.0
seller_1,p102,2023-11-18,1166.3085507246376,1299.0,543,0,1,5,18,11,472.0,547.0,458.0
seller_1,p102,2023-11-19,1165.435981308411,1299.0,543,0,1,6,19,11,543.0,653.0,417.0
seller_1,p102,2023-11-20,1243.3606779661018,1299.0,427,0,0,0,20,11,543.0,452.0,568.0
seller_1,p102,2023-11-21,1238.9660416666668,1299.0,420,0,0,1,21,11,427.0,453.0,448.0
seller_1,p102,2023-11-22,1104.3395098039216,1299.0,634,0,0,2,22,11,420.0,451.0,408.0
seller_1,p102,2023-11-23,1100.0835175879397,1299.0,633,1,0,3,23,11,634.0,499.0,410.0
seller_1,p102,2023-11-24,1111.4258115183245,1299.0,591,0,0,4,24,11,633.0,472.0,487.0
seller_1,p102,2023-11-25,1105.1831372549018,1299.0,579,0,1,5,25,11,591.0,543.0,486.0
seller_1,p102,2023-11-26,1108.3990434782609,1299.0,653,0,1,6,26,11,579.0,543.0,446.0
seller_1,p102,2023-11-27,1167.4965979381443,1299.0,482,0,0,0,27,11,653.0,427.0,545.0
seller_1,p102,2023-11-28,1182.087142857143,1299.0,535,0,0,1,28,11,482.0,420.0,505.0
seller_1,p102,2023-11-29,1182.1329326923076,1299.0,510,0,0,2,29,11,535.0,634.0,664.0
seller_1,p102,2023-11-30,1182.8370982142858,1299.0,561,0,0,3,30,11,510.0,633.0,608.0
seller_1,p102,2023-12-01,1241.63689119171,1299.0,465,0,0,4,1,12,561.0,591.0,724.0
seller_1,p102,2023-12-02,1171.9443902439025,1299.0,579,0,1,5,2,12,465.0,579.0,478.0
seller_1,p102,2023-12-03,1170.362465116279,1299.0,593,0,1,6,3,12,579.0,653.0,545.0
seller_1,p102,2023-12-04,1243.1055319148936,1299.0,566,0,0,0,4,12,593.0,482.0,515.0
seller_1,p102,2023-12-05,1243.498729281768,1299.0,406,0,0,1,5,12,566.0,535.0,578.0
seller_1,p102,2023-12-06,1236.9076063829787,1299.0,413,0,0,2,6,12,406.0,510.0,425.0
seller_1,p102,2023-12-07,1241.7523041474653,1299.0,497,0,0,3,7,12,413.0,561.0,460.0
seller_1,p102,2023-12-08,1237.5618686868686,1299.0,453,0,0,4,8,12,497.0,465.0,484.0
seller_1,p102,2023-12-09,1164.4148557692308,1299.0,576,0,1,5,9,12,453.0,579.0,562.0
seller_1,p102,2023-12-10,1165.3643981481482,1299.0,563,0,1,6,10,12,576.0,593.0,408.0
seller_1,p102,2023-12-11,1246.8333862433863,1299.0,436,0,0,0,11,12,563.0,566.0,547.0
seller_1,p102,2023-12-12,1238.0629493087556,1299.0,477,0,0,1,12,12,436.0,406.0,653.0
seller_1,p102,2023-12-13,1235.5849561403509,1299.0,556,0,0,2,13,12,477.0,413.0,452.0
seller_1,p102,2023-12-14,1244.6725120772946,1299.0,495,0,0,3,14,12,556.0,497.0,453.0
seller_1,p102,2023-12-15,1243.9560563380282,1299.0,508,0,0,4,15,12,495.0,453.0,451.0
seller_1,p102,2023-12-16,1169.5074634146342,1299.0,552,0,1,5,16,12,508.0,576.0,499.0
seller_1,p102,2023-12-17,1166.1964953271026,1299.0,608,0,1,6,17,12,552.0,563.0,472.0
seller_1,p102,2023-12-18,1244.0942477876106,1299.0,536,0,0,0,18,12,608.0,436.0,543.0
seller_1,p102,2023-12-19,1244.0001015228427,1299.0,473,0,0,1,19,12,536.0,477.0,543.0
seller_1,p102,2023-12-20,1242.2939111111111,1299.0,506,0,0,2,20,12,473.0,556.0,427.0
seller_1,p102,2023-12-21,1242.7462882096072,1299.0,523,0,0,3,21,12,506.0,495.0,420.0
seller_1,p102,2023-12-22,1239.0747058823529,1299.0,470,0,0,4,22,12,523.0,508.0,634.0
seller_1,p102,2023-12-23,1172.3556768558954,1299.0,623,0,1,5,23,12,470.0,552.0,633.0
seller_1,p102,2023-12-24,1107.6825000000001,1299.0,682,0,1,6,24,12,623.0,608.0,591.0
seller_1,p102,2023-12-25,1059.0030845771144,1299.0,678,1,0,0,25,12,682.0,536.0,579.0
seller_1,p102,2023-12-26,1062.0201716738197,1299.0,764,0,0,1,26,12,678.0,473.0,653.0
seller_1,p102,2023-12-27,1179.7496373056995,1299.0,475,0,0,2,27,12,764.0,506.0,482.0
seller_1,p102,2023-12-28,1181.8730476190476,1299.0,536,0,0,3,28,12,475.0,523.0,535.0
seller_1,p102,2023-12-29,1176.3232272727273,1299.0,580,0,0,4,29,12,536.0,470.0,510.0
seller_1,p102,2023-12-30,1106.4927830188678,1299.0,654,0,1,5,30,12,580.0,623.0,561.0
seller_1,p102,2023-12-31,1061.3966511627907,1299.0,707,0,1,6,31,12,654.0,682.0,465.0
seller_1,p102,2024-01-01,1105.7949029126214,1299.0,628,1,0,0,1,1,707.0,678.0,579.0
seller_1,p102,2024-01-02,1106.7280676328503,1299.0,610,0,0,1,2,1,628.0,764.0,593.0
seller_1,p102,2024-01-03,1238.0320853080568,1299.0,456,0,0,2,3,1,610.0,475.0,566.0
seller_1,p102,2024-01-04,1236.7428078817734,1299.0,461,0,0,3,4,1,456.0,536.0,406.0
seller_1,p102,2024-01-05,1240.2235096153845,1299.0,463,0,0,4,5,1,461.0,580.0,413.0
seller_1,p102,2024-01-06,1172.6571980676329,1299.0,487,0,1,5,6,1,463.0,654.0,497.0
seller_1,p102,2024-01-07,1167.2563157894738,1299.0,560,0,1,6,7,1,487.0,707.0,453.0
seller_1,p102,2024-01-08,1240.0020444444444,1299.0,452,0,0,0,8,1,560.0,628.0,576.0
seller_1,p102,2024-01-09,1238.5091666666667,1299.0,388,0,0,1,9,1,452.0,610.0,563.0
seller_1,p102,2024-01-10,1239.5830660377358,1299.0,443,0,0,2,10,1,388.0,456.0,436.0
seller_1,p102,2024-01-11,1240.8256807511736,1299.0,432,0,0,3,11,1,443.0,461.0,477.0
seller_1,p102,2024-01-12,1242.0705649717513,1299.0,375,0,0,4,12,1,432.0,463.0,556.0
seller_1,p102,2024-01-13,1170.0379262672811,1299.0,506,0,1,5,13,1,375.0,487.0,495.0
seller_1,p102,2024-01-14,1166.4366976744186,1299.0,509,0,1,6,14,1,506.0,560.0,508.0
seller_1,p102,2024-01-15,1238.7151851851852,1299.0,397,1,0,0,15,1,509.0,452.0,552.0
seller_1,p102,2024-01-16,1239.9136666666666,1299.0,476,0,0,1,16,1,397.0,388.0,608.0
seller_1,p102,2024-01-17,1243.7823923444976,1299.0,414,0,0,2,17,1,476.0,443.0,536.0
seller_1,p102,2024-01-18,1245.2851680672268,1299.0,519,0,0,3,18,1,414.0,432.0,473.0
seller_1,p102,2024-01-19,1244.51,1299.0,489,0,0,4,19,1,519.0,375.0,506.0
seller_1,p102,2024-01-20,1169.0666363636365,1299.0,512,0,1,5,20,1,489.0,506.0,523.0
seller_1,p102,2024-01-21,1164.8237837837837,1299.0,576,0,1,6,21,1,512.0,509.0,470.0
seller_1,p102,2024-01-22,1240.693189189189,1299.0,392,0,0,0,22,1,576.0,397.0,623.0
seller_1,p102,2024-01-23,1238.5240182648402,1299.0,456,0,0,1,23,1,392.0,476.0,682.0
seller_1,p102,2024-01-24,1237.110642201835,1299.0,442,0,0,2,24,1,456.0,414.0,678.0
seller_1,p102,2024-01-25,1177.516894977169,1299.0,502,0,0,3,25,1,442.0,519.0,764.0
seller_1,p102,2024-01-26,1183.587761904762,1299.0,462,0,0,4,26,1,502.0,489.0,475.0
seller_1,p102,2024-01-27,1102.1060975609755,1299.0,580,0,1,5,27,1,462.0,512.0,536.0
seller_1,p102,2024-01-28,1105.7271238938054,1299.0,599,0,1,6,28,1,580.0,576.0,580.0
seller_1,p102,2024-01-29,1176.831111111111,1299.0,405,0,0,0,29,1,599.0,392.0,654.0
seller_1,p102,2024-01-30,1180.1620920502091,1299.0,559,0,0,1,30,1,405.0,456.0,707.0
seller_1,p102,2024-01-31,1177.922247706422,1299.0,470,0,0,2,31,1,559.0,442.0,628.0
seller_1,p102,2024-02-01,1240.7213364055299,1299.0,460,0,0,3,1,2,470.0,502.0,610.0
seller_1,p102,2024-02-02,1241.9264788732396,1299.0,437,0,0,4,2,2,460.0,462.0,456.0
seller_1,p102,2024-02-03,1165.5090291262136,1299.0,534,0,1,5,3,2,437.0,580.0,461.0
seller_1,p102,2024-02-04,1169.7790710382515,1299.0,446,0,1,6,4,2,534.0,599.0,463.0
seller_1,p102,2024-02-05,1243.4624537037037,1299.0,485,0,0,0,5,2,446.0,405.0,487.0
seller_1,p102,2024-02-06,1238.1428723404254,1299.0,379,0,0,1,6,2,485.0,559.0,560.0
seller_1,p102,2024-02-07,1241.5417346938775,1299.0,414,0,0,2,7,2,379.0,470.0,452.0
seller_1,p102,2024-02-08,1244.8410222222221,1299.0,470,0,0,3,8,2,414.0,460.0,388.0
seller_1,p102,2024-02-09,1240.6716981132076,1299.0,444,0,0,4,9,2,470.0,437.0,443.0
seller_1,p102,2024-02-10,1164.1680000000001,1299.0,470,0,1,5,10,2,444.0,534.0,432.0
seller_1,p102,2024-02-11,1171.102,1299.0,560,0,1,6,11,2,470.0,446.0,375.0
seller_1,p102,2024-02-12,1241.7295433789955,1299.0,410,0,0,0,12,2,560.0,485.0,506.0
seller_1,p102,2024-02-13,1106.114405940594,1299.0,590,0,0,1,13,2,410.0,379.0,509.0
seller_1,p102,2024-02-14,1103.7914646464646,1299.0,556,0,0,2,14,2,590.0,414.0,397.0
