product-sale-prediction-AI/data/prepared_daily_sales.csv
seller_id,product_id,date,sale_price,original_price,quantity,is_holiday,is_weekend,day_of_week,day_of_month,month,lag_1,lag_7,lag_30
seller_1,p102,2024-02-15,1107.9195135135135,1299.0,560,0,0,3,15,2,556.0,470.0,476.0
seller_1,p102,2024-02-16,1241.0667567567568,1299.0,369,0,0,4,16,2,560.0,444.0,414.0
seller_1,p102,2024-02-17,1173.5951098901098,1299.0,469,0,1,5,17,2,369.0,470.0,519.0
seller_1,p102,2024-02-18,1174.6468390804598,1299.0,408,0,1,6,18,2,469.0,560.0,489.0
seller_1,p102,2024-02-19,1246.5160199004974,1299.0,412,1,0,0,19,2,408.0,410.0,512.0
seller_1,p102,2024-02-20,1241.4512558139536,1299.0,439,0,0,1,20,2,412.0,590.0,576.0
seller_1,p102,2024-02-21,1238.4499065420562,1299.0,454,0,0,2,21,2,439.0,556.0,392.0
seller_1,p102,2024-02-22,1243.431256281407,1299.0,392,0,0,3,22,2,454.0,560.0,456.0
seller_1,p102,2024-02-23,1238.7561904761903,1299.0,438,0,0,4,23,2,392.0,369.0,442.0
seller_1,p102,2024-02-24,1164.0467724867724,1299.0,434,0,1,5,24,2,438.0,469.0,502.0
seller_1,p102,2024-02-25,1106.9627586206896,1299.0,612,0,1,6,25,2,434.0,408.0,462.0
seller_1,p102,2024-02-26,1176.2543055555554,1299.0,476,0,0,0,26,2,612.0,412.0,580.0
seller_1,p102,2024-02-27,1178.1318536585366,1299.0,480,0,0,1,27,2,476.0,439.0,599.0
seller_1,p102,2024-02-28,1183.437,1299.0,479,0,0,2,28,2,480.0,454.0,405.0
seller_1,p102,2024-02-29,1175.724384236453,1299.0,460,0,0,3,29,2,479.0,392.0,559.0
seller_1,p102,2024-03-01,1244.7495098039215,1299.0,452,0,0,4,1,3,460.0,438.0,470.0
seller_1,p102,2024-03-02,1172.0998660714286,1299.0,563,0,1,5,2,3,452.0,434.0,460.0
seller_1,p102,2024-03-03,1168.9999528301887,1299.0,537,0,1,6,3,3,563.0,612.0,437.0
seller_1,p102,2024-03-04,1241.1896916299559,1299.0,480,0,0,0,4,3,537.0,476.0,534.0
seller_1,p102,2024-03-05,1244.0247959183673,1299.0,428,0,0,1,5,3,480.0,480.0,446.0
seller_1,p102,2024-03-06,1244.0622596153846,1299.0,434,0,0,2,6,3,428.0,479.0,485.0
seller_1,p102,2024-03-07,1244.4267875647668,1299.0,414,0,0,3,7,3,434.0,460.0,379.0
seller_1,p102,2024-03-08,1236.3672361809045,1299.0,423,0,0,4,8,3,414.0,452.0,414.0
seller_1,p102,2024-03-09,1171.4871904761906,1299.0,518,0,1,5,9,3,423.0,563.0,470.0
seller_1,p102,2024-03-10,1172.7537823834198,1299.0,447,0,1,6,10,3,518.0,537.0,444.0
seller_1,p102,2024-03-11,1243.7707287449393,1299.0,474,0,0,0,11,3,447.0,480.0,470.0
seller_1,p102,2024-03-12,1244.9250857142858,1299.0,364,0,0,1,12,3,474.0,428.0,560.0
seller_1,p102,2024-03-13,1238.3003196347033,1299.0,448,0,0,2,13,3,364.0,434.0,410.0
seller_1,p102,2024-03-14,1237.6865128205127,1299.0,393,0,0,3,14,3,448.0,414.0,590.0
seller_1,p102,2024-03-15,1241.0003686635946,1299.0,458,0,0,4,15,3,393.0,423.0,556.0
seller_1,p102,2024-03-16,1165.0694859813084,1299.0,492,0,1,5,16,3,458.0,518.0,560.0
seller_1,p102,2024-03-17,1165.8126737967914,1299.0,482,0,1,6,17,3,492.0,447.0,369.0
seller_1,p102,2024-03-18,1240.9120388349515,1299.0,438,0,0,0,18,3,482.0,474.0,469.0
seller_1,p102,2024-03-19,1241.2320634920634,1299.0,375,0,0,1,19,3,438.0,364.0,408.0
seller_1,p102,2024-03-20,1245.1496984924624,1299.0,387,0,0,2,20,3,375.0,448.0,412.0
seller_1,p102,2024-03-21,1244.8535294117648,1299.0,500,0,0,3,21,3,387.0,393.0,439.0
seller_1,p102,2024-03-22,1243.262319587629,1299.0,414,0,0,4,22,3,500.0,458.0,454.0
seller_1,p102,2024-03-23,1166.583640776699,1299.0,510,0,1,5,23,3,414.0,492.0,392.0
seller_1,p102,2024-03-24,1168.2771195652174,1299.0,448,0,1,6,24,3,510.0,482.0,438.0
seller_1,p102,2024-03-25,1167.664252873563,1299.0,402,0,0,0,25,3,448.0,438.0,434.0
seller_1,p102,2024-03-26,1182.9531555555557,1299.0,499,0,0,1,26,3,402.0,375.0,612.0
seller_1,p102,2024-03-27,1180.1526086956521,1299.0,489,0,0,2,27,3,499.0,387.0,476.0
seller_1,p102,2024-03-28,1185.5849206349205,1299.0,398,0,0,3,28,3,489.0,500.0,480.0
seller_1,p102,2024-03-29,1182.8782125603866,1299.0,474,0,0,4,29,3,398.0,414.0,479.0
seller_1,p102,2024-03-30,1105.8707692307692,1299.0,559,0,1,5,30,3,474.0,510.0,460.0
seller_1,p102,2024-03-31,1107.110588235294,1299.0,589,0,1,6,31,3,559.0,448.0,452.0
seller_1,p102,2024-04-01,1246.5674489795917,1299.0,426,0,0,0,1,4,589.0,402.0,563.0
seller_1,p102,2024-04-02,1241.8748039215686,1299.0,470,0,0,1,2,4,426.0,499.0,537.0
seller_1,p102,2024-04-03,1239.7538197424894,1299.0,493,0,0,2,3,4,470.0,489.0,480.0
seller_1,p102,2024-04-04,1247.77900990099,1299.0,425,0,0,3,4,4,493.0,398.0,428.0
seller_1,p102,2024-04-05,1241.9331718061674,1299.0,528,0,0,4,5,4,425.0,474.0,434.0
seller_1,p102,2024-04-06,1167.9192079207921,1299.0,490,0,1,5,6,4,528.0,559.0,414.0
seller_1,p102,2024-04-07,1168.0025120772946,1299.0,479,0,1,6,7,4,490.0,589.0,423.0
seller_1,p102,2024-04-08,1241.9468229166666,1299.0,430,0,0,0,8,4,479.0,426.0,518.0
seller_1,p102,2024-04-09,1241.979953271028,1299.0,441,0,0,1,9,4,430.0,470.0,447.0
seller_1,p102,2024-04-10,1241.5475980392157,1299.0,413,0,0,2,10,4,441.0,493.0,474.0
seller_1,p102,2024-04-11,1242.032606635071,1299.0,445,0,0,3,11,4,413.0,425.0,364.0
seller_1,p102,2024-04-12,1243.8553271028036,1299.0,424,0,0,4,12,4,445.0,528.0,448.0
seller_1,p102,2024-04-13,1167.193069767442,1299.0,537,0,1,5,13,4,424.0,490.0,393.0
seller_1,p102,2024-04-14,1164.1474869109948,1299.0,502,0,1,6,14,4,537.0,479.0,458.0
seller_1,p102,2024-04-15,1239.679793814433,1299.0,382,0,0,0,15,4,502.0,430.0,492.0
seller_1,p102,2024-04-16,1241.1175490196078,1299.0,434,0,0,1,16,4,382.0,441.0,482.0
seller_1,p102,2024-04-17,1238.8741991341992,1299.0,475,0,0,2,17,4,434.0,413.0,438.0
seller_1,p102,2024-04-18,1236.332901554404,1299.0,422,0,0,3,18,4,475.0,445.0,375.0
seller_1,p102,2024-04-19,1242.4022471910112,1299.0,398,0,0,4,19,4,422.0,424.0,387.0
seller_1,p102,2024-04-20,1167.9589449541284,1299.0,508,0,1,5,20,4,398.0,537.0,500.0
seller_1,p102,2024-04-21,1168.9518454935624,1299.0,549,0,1,6,21,4,508.0,502.0,414.0
seller_1,p102,2024-04-22,1245.8527230046948,1299.0,427,0,0,0,22,4,549.0,382.0,510.0
seller_1,p102,2024-04-23,1237.3807798165137,1299.0,475,0,0,1,23,4,427.0,434.0,448.0
seller_1,p102,2024-04-24,1247.1948803827752,1299.0,437,0,0,2,24,4,475.0,475.0,402.0
seller_1,p102,2024-04-25,1180.6126605504587,1299.0,505,0,0,3,25,4,437.0,422.0,499.0
seller_1,p102,2024-04-26,1182.8857211538461,1299.0,469,0,0,4,26,4,505.0,398.0,489.0
seller_1,p102,2024-04-27,1106.8308780487805,1299.0,538,0,1,5,27,4,469.0,508.0,398.0
seller_1,p102,2024-04-28,1105.6454807692307,1299.0,561,0,1,6,28,4,538.0,549.0,474.0
seller_1,p102,2024-04-29,1180.003896713615,1299.0,529,0,0,0,29,4,561.0,427.0,559.0
seller_1,p102,2024-04-30,1175.2828282828282,1299.0,435,0,0,1,30,4,529.0,475.0,589.0
seller_1,p102,2024-05-01,1244.5055555555555,1299.0,399,0,0,2,1,5,435.0,437.0,426.0
seller_1,p102,2024-05-02,1249.513105022831,1299.0,446,0,0,3,2,5,399.0,505.0,470.0
seller_1,p102,2024-05-03,1240.464906542056,1299.0,458,0,0,4,3,5,446.0,469.0,493.0
seller_1,p102,2024-05-04,1168.3746666666666,1299.0,528,0,1,5,4,5,458.0,538.0,425.0
seller_1,p102,2024-05-05,1167.6654271356786,1299.0,483,0,1,6,5,5,528.0,561.0,528.0
seller_1,p102,2024-05-06,1242.113380952381,1299.0,422,0,0,0,6,5,483.0,529.0,490.0
seller_1,p102,2024-05-07,1240.2731753554503,1299.0,470,0,0,1,7,5,422.0,435.0,479.0
seller_1,p102,2024-05-08,1245.5762114537445,1299.0,450,0,0,2,8,5,470.0,399.0,430.0
seller_1,p102,2024-05-09,1243.001443298969,1299.0,405,0,0,3,9,5,450.0,446.0,441.0
seller_1,p102,2024-05-10,1249.0082122905028,1299.0,392,0,0,4,10,5,405.0,458.0,413.0
seller_1,p102,2024-05-11,1170.8062295081968,1299.0,447,0,1,5,11,5,392.0,528.0,445.0
seller_1,p102,2024-05-12,1167.9399099099098,1299.0,513,0,1,6,12,5,447.0,483.0,424.0
seller_1,p102,2024-05-13,1232.9705963302754,1299.0,435,0,0,0,13,5,513.0,422.0,537.0
seller_1,p102,2024-05-14,1244.0263775510205,1299.0,400,0,0,1,14,5,435.0,470.0,502.0
seller_1,p102,2024-05-15,1248.151327014218,1299.0,460,0,0,2,15,5,400.0,450.0,382.0
seller_1,p102,2024-05-16,1243.5797175141242,1299.0,363,0,0,3,16,5,460.0,405.0,434.0
seller_1,p102,2024-05-17,1241.575614973262,1299.0,405,0,0,4,17,5,363.0,392.0,475.0
seller_1,p102,2024-05-18,1169.110625,1299.0,448,0,1,5,18,5,405.0,447.0,422.0
seller_1,p102,2024-05-19,1162.367216981132,1299.0,515,0,1,6,19,5,448.0,513.0,398.0
seller_1,p102,2024-05-20,1244.7864545454547,1299.0,484,0,0,0,20,5,515.0,435.0,508.0
seller_1,p102,2024-05-21,1242.7959322033898,1299.0,512,0,0,1,21,5,484.0,400.0,549.0
seller_1,p102,2024-05-22,1248.2411274509805,1299.0,418,0,0,2,22,5,512.0,460.0,427.0
seller_1,p102,2024-05-23,1242.6998907103825,1299.0,396,0,0,3,23,5,418.0,363.0,475.0
seller_1,p102,2024-05-24,1240.480772532189,1299.0,462,0,0,4,24,5,396.0,405.0,437.0
seller_1,p102,2024-05-25,1107.2317616580312,1299.0,520,0,1,5,25,5,462.0,448.0,505.0
seller_1,p102,2024-05-26,1109.4395566502465,1299.0,556,0,1,6,26,5,520.0,515.0,469.0
seller_1,p102,2024-05-27,1182.631111111111,1299.0,457,1,0,0,27,5,556.0,484.0,538.0
seller_1,p102,2024-05-28,1176.732266009852,1299.0,477,0,0,1,28,5,457.0,512.0,561.0
seller_1,p102,2024-05-29,1176.684216216216,1299.0,423,0,0,2,29,5,477.0,418.0,529.0
seller_1,p102,2024-05-30,1178.502857142857,1299.0,528,0,0,3,30,5,423.0,396.0,435.0
seller_1,p102,2024-05-31,1175.7233035714287,1299.0,497,0,0,4,31,5,528.0,462.0,399.0
seller_1,p102,2024-06-01,1166.644554973822,1299.0,517,0,1,5,1,6,497.0,520.0,446.0
seller_1,p102,2024-06-02,1170.926304347826,1299.0,448,0,1,6,2,6,517.0,556.0,458.0
seller_1,p102,2024-06-03,1242.874028436019,1299.0,464,0,0,0,3,6,448.0,457.0,528.0
seller_1,p102,2024-06-04,1235.4676439790576,1299.0,391,0,0,1,4,6,464.0,477.0,483.0
seller_1,p102,2024-06-05,1245.7882142857143,1299.0,426,0,0,2,5,6,391.0,423.0,422.0
seller_1,p102,2024-06-06,1244.210283018868,1299.0,427,0,0,3,6,6,426.0,528.0,470.0
seller_1,p102,2024-06-07,1239.951761658031,1299.0,385,0,0,4,7,6,427.0,497.0,450.0
seller_1,p102,2024-06-08,1170.0809523809523,1299.0,478,0,1,5,8,6,385.0,517.0,405.0
seller_1,p102,2024-06-09,1167.8288444444445,1299.0,515,0,1,6,9,6,478.0,448.0,392.0
seller_1,p102,2024-06-10,1240.144207920792,1299.0,411,0,0,0,10,6,515.0,464.0,447.0
seller_1,p102,2024-06-11,1244.5471859296483,1299.0,414,0,0,1,11,6,411.0,391.0,513.0
seller_1,p102,2024-06-12,1238.003846153846,1299.0,483,0,0,2,12,6,414.0,426.0,435.0
seller_1,p102,2024-06-13,1245.1294,1299.0,411,0,0,3,13,6,483.0,427.0,400.0
seller_1,p102,2024-06-14,1239.0579523809524,1299.0,429,0,0,4,14,6,411.0,385.0,460.0
seller_1,p102,2024-06-15,1168.6918604651162,1299.0,516,0,1,5,15,6,429.0,478.0,363.0
seller_1,p102,2024-06-16,1167.9172300469484,1299.0,524,0,1,6,16,6,516.0,515.0,405.0
seller_1,p102,2024-06-17,1241.2626530612245,1299.0,411,0,0,0,17,6,524.0,411.0,448.0
seller_1,p102,2024-06-18,1246.1221145374448,1299.0,461,0,0,1,18,6,411.0,414.0,515.0
seller_1,p102,2024-06-19,1242.4908490566038,1299.0,412,1,0,2,19,6,461.0,483.0,484.0
seller_1,p102,2024-06-20,1240.933849557522,1299.0,449,0,0,3,20,6,412.0,411.0,512.0
seller_1,p102,2024-06-21,1243.4560752688171,1299.0,374,0,0,4,21,6,449.0,429.0,418.0
seller_1,p102,2024-06-22,1167.9283796296297,1299.0,524,0,1,5,22,6,374.0,516.0,396.0
seller_1,p102,2024-06-23,1166.6830263157894,1299.0,555,0,1,6,23,6,524.0,524.0,462.0
seller_1,p102,2024-06-24,1237.90311827957,1299.0,413,0,0,0,24,6,555.0,411.0,520.0
seller_1,p102,2024-06-25,1173.499891891892,1299.0,451,0,0,1,25,6,413.0,461.0,556.0
seller_1,p102,2024-06-26,1181.488038277512,1299.0,476,0,0,2,26,6,451.0,412.0,457.0
seller_1,p102,2024-06-27,1178.4832019704434,1299.0,443,0,0,3,27,6,476.0,449.0,477.0
seller_1,p102,2024-06-28,1183.2786224489796,1299.0,449,0,0,4,28,6,443.0,374.0,423.0
seller_1,p102,2024-06-29,1107.3151834862385,1299.0,565,0,1,5,29,6,449.0,524.0,528.0
seller_1,p102,2024-06-30,1104.8701886792453,1299.0,565,0,1,6,30,6,565.0,555.0,497.0
seller_1,p102,2024-07-01,1240.8725870646767,1299.0,431,0,0,0,1,7,565.0,413.0,517.0
seller_1,p102,2024-07-02,1237.7216417910447,1299.0,431,0,0,1,2,7,431.0,451.0,448.0
seller_1,p102,2024-07-03,1102.9260975609757,1299.0,607,0,0,2,3,7,431.0,476.0,464.0
seller_1,p102,2024-07-04,1107.4015897435897,1299.0,556,1,0,3,4,7,607.0,443.0,391.0
seller_1,p102,2024-07-05,1104.0428870292887,1299.0,712,0,0,4,5,7,556.0,449.0,426.0
seller_1,p102,2024-07-06,1169.544623115578,1299.0,478,0,1,5,6,7,712.0,565.0,427.0
seller_1,p102,2024-07-07,1165.7494117647059,1299.0,535,0,1,6,7,7,478.0,565.0,385.0
seller_1,p102,2024-07-08,1239.7244036697248,1299.0,471,0,0,0,8,7,535.0,431.0,478.0
seller_1,p102,2024-07-09,1240.8625688073394,1299.0,471,0,0,1,9,7,471.0,431.0,515.0
seller_1,p102,2024-07-10,1240.4448936170213,1299.0,460,0,0,2,10,7,471.0,607.0,411.0
seller_1,p102,2024-07-11,1243.403820754717,1299.0,439,0,0,3,11,7,460.0,556.0,414.0
seller_1,p102,2024-07-12,1239.4057894736843,1299.0,402,0,0,4,12,7,439.0,712.0,483.0
seller_1,p102,2024-07-13,1173.1422727272727,1299.0,498,0,1,5,13,7,402.0,478.0,411.0
seller_1,p102,2024-07-14,1166.2951707317075,1299.0,534,0,1,6,14,7,498.0,535.0,429.0
seller_1,p102,2024-07-15,1243.4112107623318,1299.0,466,0,0,0,15,7,534.0,471.0,516.0
seller_1,p102,2024-07-16,1242.638652849741,1299.0,404,0,0,1,16,7,466.0,471.0,524.0
seller_1,p102,2024-07-17,1240.6730412371135,1299.0,394,0,0,2,17,7,404.0,460.0,411.0
seller_1,p102,2024-07-18,1237.5177102803736,1299.0,441,0,0,3,18,7,394.0,439.0,461.0
seller_1,p102,2024-07-19,1238.20965,1299.0,384,0,0,4,19,7,441.0,402.0,412.0
seller_1,p102,2024-07-20,1161.979702970297,1299.0,529,0,1,5,20,7,384.0,498.0,449.0
seller_1,p102,2024-07-21,1170.7139903846155,1299.0,489,0,1,6,21,7,529.0,534.0,374.0
seller_1,p102,2024-07-22,1246.6818279569893,1299.0,390,0,0,0,22,7,489.0,466.0,524.0
seller_1,p102,2024-07-23,1241.9963316582914,1299.0,364,0,0,1,23,7,390.0,404.0,555.0
seller_1,p102,2024-07-24,1236.6912093023254,1299.0,432,0,0,2,24,7,364.0,394.0,413.0
seller_1,p102,2024-07-25,1176.49,1299.0,509,0,0,3,25,7,432.0,441.0,451.0
seller_1,p102,2024-07-26,1179.822554347826,1299.0,384,0,0,4,26,7,509.0,384.0,476.0
seller_1,p102,2024-07-27,1101.2788481675393,1299.0,489,0,1,5,27,7,384.0,529.0,443.0
seller_1,p102,2024-07-28,1109.9644206008584,1299.0,603,0,1,6,28,7,489.0,489.0,449.0
seller_1,p102,2024-07-29,1187.5167632850241,1299.0,482,0,0,0,29,7,603.0,390.0,565.0
seller_1,p102,2024-07-30,1171.2891981132075,1299.0,488,0,0,1,30,7,482.0,364.0,565.0
seller_1,p102,2024-07-31,1178.9568421052631,1299.0,520,0,0,2,31,7,488.0,432.0,431.0
seller_1,p102,2024-08-01,1238.766046511628,1299.0,478,0,0,3,1,8,520.0,509.0,431.0
seller_1,p102,2024-08-02,1243.0654773869346,1299.0,439,0,0,4,2,8,478.0,384.0,607.0
seller_1,p102,2024-08-03,1168.7115695067264,1299.0,567,0,1,5,3,8,439.0,489.0,556.0
seller_1,p102,2024-08-04,1170.1454976303319,1299.0,561,0,1,6,4,8,567.0,603.0,712.0
seller_1,p102,2024-08-05,1245.0825688073394,1299.0,456,0,0,0,5,8,561.0,482.0,478.0
seller_1,p102,2024-08-06,1236.8584210526317,1299.0,398,0,0,1,6,8,456.0,488.0,535.0
seller_1,p102,2024-08-07,1239.0541450777202,1299.0,408,0,0,2,7,8,398.0,520.0,471.0
seller_1,p102,2024-08-08,1244.515529953917,1299.0,433,0,0,3,8,8,408.0,478.0,471.0
seller_1,p102,2024-08-09,1241.109420289855,1299.0,425,0,0,4,9,8,433.0,439.0,460.0
seller_1,p102,2024-08-10,1170.2726244343892,1299.0,514,0,1,5,10,8,425.0,567.0,439.0
seller_1,p102,2024-08-11,1163.9132989690722,1299.0,478,0,1,6,11,8,514.0,561.0,402.0
seller_1,p102,2024-08-12,1243.049074074074,1299.0,451,0,0,0,12,8,478.0,456.0,498.0
seller_1,p102,2024-08-13,1244.2116129032258,1299.0,462,0,0,1,13,8,451.0,398.0,534.0
seller_1,p102,2024-08-14,1242.7077884615385,1299.0,455,0,0,2,14,8,462.0,408.0,466.0
seller_1,p102,2024-08-15,1245.2281249999999,1299.0,348,0,0,3,15,8,455.0,433.0,404.0
seller_1,p102,2024-08-16,1241.3567015706806,1299.0,387,0,0,4,16,8,348.0,425.0,394.0
seller_1,p102,2024-08-17,1165.6669268292683,1299.0,480,0,1,5,17,8,387.0,514.0,441.0
seller_1,p102,2024-08-18,1169.6847136563877,1299.0,569,0,1,6,18,8,480.0,478.0,384.0
seller_1,p102,2024-08-19,1242.5446391752578,1299.0,412,0,0,0,19,8,569.0,451.0,529.0
seller_1,p102,2024-08-20,1240.5638095238096,1299.0,499,0,0,1,20,8,412.0,462.0,489.0
seller_1,p102,2024-08-21,1242.6714146341465,1299.0,422,0,0,2,21,8,499.0,455.0,390.0
seller_1,p102,2024-08-22,1242.3641981132077,1299.0,433,0,0,3,22,8,422.0,348.0,364.0
seller_1,p102,2024-08-23,1243.7236322869956,1299.0,492,0,0,4,23,8,433.0,387.0,432.0
seller_1,p102,2024-08-24,1167.073081081081,1299.0,436,0,1,5,24,8,492.0,480.0,509.0
seller_1,p102,2024-08-25,1107.0748186528497,1299.0,520,0,1,6,25,8,436.0,569.0,384.0
seller_1,p102,2024-08-26,1177.7480500000001,1299.0,459,0,0,0,26,8,520.0,412.0,489.0
seller_1,p102,2024-08-27,1185.802488687783,1299.0,472,0,0,1,27,8,459.0,499.0,603.0
seller_1,p102,2024-08-28,1178.4780454545455,1299.0,507,0,0,2,28,8,472.0,422.0,482.0
seller_1,p102,2024-08-29,1175.0488841201718,1299.0,505,0,0,3,29,8,507.0,433.0,488.0
seller_1,p102,2024-08-30,1177.4890862944162,1299.0,451,0,0,4,30,8,505.0,492.0,520.0
seller_1,p102,2024-08-31,1108.3211904761904,1299.0,671,0,1,5,31,8,451.0,436.0,478.0
seller_1,p102,2024-09-01,1172.79085,1299.0,504,0,1,6,1,9,671.0,520.0,439.0
seller_1,p102,2024-09-02,1243.5273076923077,1299.0,509,1,0,0,2,9,504.0,459.0,567.0
seller_1,p102,2024-09-03,1239.436889952153,1299.0,469,0,0,1,3,9,509.0,472.0,561.0
seller_1,p102,2024-09-04,1235.7329310344826,1299.0,504,0,0,2,4,9,469.0,507.0,456.0
seller_1,p102,2024-09-05,1237.6400436681222,1299.0,484,0,0,3,5,9,504.0,505.0,398.0
seller_1,p102,2024-09-06,1245.1245794392523,1299.0,447,0,0,4,6,9,484.0,451.0,408.0
seller_1,p102,2024-09-07,1171.2880975609755,1299.0,521,0,1,5,7,9,447.0,671.0,433.0
seller_1,p102,2024-09-08,1173.0844549763033,1299.0,545,0,1,6,8,9,521.0,504.0,425.0
seller_1,p102,2024-09-09,1239.3866504854368,1299.0,424,0,0,0,9,9,545.0,509.0,514.0
seller_1,p102,2024-09-10,1244.864114832536,1299.0,443,0,0,1,10,9,424.0,469.0,478.0
seller_1,p102,2024-09-11,1243.5131428571428,1299.0,436,0,0,2,11,9,443.0,504.0,451.0
seller_1,p102,2024-09-12,1248.8858823529413,1299.0,433,0,0,3,12,9,436.0,484.0,462.0
seller_1,p102,2024-09-13,1240.422108108108,1299.0,417,0,0,4,13,9,433.0,447.0,455.0
seller_1,p102,2024-09-14,1172.1625520833334,1299.0,477,0,1,5,14,9,417.0,521.0,348.0
seller_1,p102,2024-09-15,1171.3597905759163,1299.0,446,0,1,6,15,9,477.0,545.0,387.0
