product-sale-prediction-AI/data/prepared_daily_sales.csv
seller_id,product_id,date,sale_price,original_price,quantity,is_holiday,is_weekend,day_of_week,day_of_month,month,lag_1,lag_7,lag_30
seller_1,p102,2024-09-16,1238.7551801801803,1299.0,473,0,0,0,16,9,446.0,424.0,480.0
seller_1,p102,2024-09-17,1234.4660487804879,1299.0,464,0,0,1,17,9,473.0,443.0,569.0
seller_1,p102,2024-09-18,1240.7783105022831,1299.0,443,0,0,2,18,9,464.0,436.0,412.0
seller_1,p102,2024-09-19,1238.363880597015,1299.0,426,0,0,3,19,9,443.0,433.0,499.0
seller_1,p102,2024-09-20,1239.9143778801842,1299.0,472,0,0,4,20,9,426.0,417.0,422.0
seller_1,p102,2024-09-21,1173.7582142857143,1299.0,449,0,1,5,21,9,472.0,477.0,433.0
seller_1,p102,2024-09-22,1169.4874347826087,1299.0,582,0,1,6,22,9,449.0,446.0,492.0
seller_1,p102,2024-09-23,1243.0658604651162,1299.0,438,0,0,0,23,9,582.0,473.0,436.0
seller_1,p102,2024-09-24,1244.69960591133,1299.0,404,0,0,1,24,9,438.0,464.0,520.0
seller_1,p102,2024-09-25,1173.182794117647,1299.0,449,0,0,2,25,9,404.0,443.0,459.0
seller_1,p102,2024-09-26,1177.9150717703349,1299.0,452,0,0,3,26,9,449.0,426.0,472.0
seller_1,p102,2024-09-27,1173.4618781725887,1299.0,464,0,0,4,27,9,452.0,472.0,507.0
seller_1,p102,2024-09-28,1107.8164467005076,1299.0,555,0,1,5,28,9,464.0,449.0,505.0
seller_1,p102,2024-09-29,1110.343212435233,1299.0,511,0,1,6,29,9,555.0,582.0,451.0
seller_1,p102,2024-09-30,1180.2966336633665,1299.0,463,0,0,0,30,9,511.0,438.0,671.0
seller_1,p102,2024-10-01,1238.7276439790576,1299.0,396,0,0,1,1,10,463.0,404.0,504.0
seller_1,p102,2024-10-02,1240.2491919191918,1299.0,437,0,0,2,2,10,396.0,449.0,509.0
seller_1,p102,2024-10-03,1240.8615277777778,1299.0,466,0,0,3,3,10,437.0,452.0,469.0
seller_1,p102,2024-10-04,1241.801126126126,1299.0,490,0,0,4,4,10,466.0,464.0,504.0
seller_1,p102,2024-10-05,1171.1986096256683,1299.0,436,0,1,5,5,10,490.0,555.0,484.0
seller_1,p102,2024-10-06,1165.5044761904762,1299.0,503,0,1,6,6,10,436.0,511.0,447.0
seller_1,p102,2024-10-07,1241.8806756756758,1299.0,477,0,0,0,7,10,503.0,463.0,521.0
seller_1,p102,2024-10-08,1238.5101826484017,1299.0,430,0,0,1,8,10,477.0,396.0,545.0
seller_1,p102,2024-10-09,1246.84400921659,1299.0,438,0,0,2,9,10,430.0,437.0,424.0
seller_1,p102,2024-10-10,1246.7353714285714,1299.0,367,0,0,3,10,10,438.0,466.0,443.0
seller_1,p102,2024-10-11,1241.3252036199094,1299.0,464,0,0,4,11,10,367.0,490.0,436.0
seller_1,p102,2024-10-12,1165.4143497757848,1299.0,568,0,1,5,12,10,464.0,436.0,433.0
seller_1,p102,2024-10-13,1168.1846733668342,1299.0,445,0,1,6,13,10,568.0,503.0,417.0
seller_1,p102,2024-10-14,1239.0690547263682,1299.0,419,1,0,0,14,10,445.0,477.0,477.0
seller_1,p102,2024-10-15,1239.4283673469388,1299.0,401,0,0,1,15,10,419.0,430.0,446.0
seller_1,p102,2024-10-16,1236.952157894737,1299.0,378,0,0,2,16,10,401.0,438.0,473.0
seller_1,p102,2024-10-17,1239.0883043478261,1299.0,512,0,0,3,17,10,378.0,367.0,464.0
seller_1,p102,2024-10-18,1241.4576233183857,1299.0,464,0,0,4,18,10,512.0,464.0,443.0
seller_1,p102,2024-10-19,1168.2366210045661,1299.0,505,0,1,5,19,10,464.0,568.0,426.0
seller_1,p102,2024-10-20,1171.5057608695652,1299.0,443,0,1,6,20,10,505.0,445.0,472.0
seller_1,p102,2024-10-21,1243.3508,1299.0,413,0,0,0,21,10,443.0,419.0,449.0
seller_1,p102,2024-10-22,1246.5397652582158,1299.0,444,0,0,1,22,10,413.0,401.0,582.0
seller_1,p102,2024-10-23,1241.7338834951456,1299.0,429,0,0,2,23,10,444.0,378.0,438.0
seller_1,p102,2024-10-24,1245.288238341969,1299.0,389,0,0,3,24,10,429.0,512.0,404.0
seller_1,p102,2024-10-25,1176.895497382199,1299.0,433,0,0,4,25,10,389.0,464.0,449.0
seller_1,p102,2024-10-26,1111.9701913875597,1299.0,524,0,1,5,26,10,433.0,505.0,452.0
seller_1,p102,2024-10-27,1101.178028846154,1299.0,551,0,1,6,27,10,524.0,443.0,464.0
seller_1,p102,2024-10-28,1174.0499061032865,1299.0,508,0,0,0,28,10,551.0,413.0,555.0
seller_1,p102,2024-10-29,1179.3116129032258,1299.0,503,0,0,1,29,10,508.0,444.0,511.0
seller_1,p102,2024-10-30,1058.9623831775702,1299.0,635,0,0,2,30,10,503.0,429.0,463.0
seller_1,p102,2024-10-31,1059.3505761316871,1299.0,736,0,0,3,31,10,635.0,389.0,396.0
seller_1,p102,2024-11-01,1107.1950753768845,1299.0,630,0,0,4,1,11,736.0,433.0,437.0
seller_1,p102,2024-11-02,1170.3202884615384,1299.0,632,0,1,5,2,11,630.0,524.0,466.0
seller_1,p102,2024-11-03,1169.0896296296296,1299.0,598,0,1,6,3,11,632.0,551.0,490.0
seller_1,p102,2024-11-04,1235.2709722222223,1299.0,517,0,0,0,4,11,598.0,508.0,436.0
seller_1,p102,2024-11-05,1240.5251231527093,1299.0,464,0,0,1,5,11,517.0,503.0,503.0
seller_1,p102,2024-11-06,1246.0791509433964,1299.0,489,0,0,2,6,11,464.0,635.0,477.0
seller_1,p102,2024-11-07,1242.2027555555555,1299.0,514,0,0,3,7,11,489.0,736.0,430.0
seller_1,p102,2024-11-08,1243.341198156682,1299.0,510,0,0,4,8,11,514.0,630.0,438.0
seller_1,p102,2024-11-09,1175.2613636363637,1299.0,509,0,1,5,9,11,510.0,632.0,367.0
seller_1,p102,2024-11-10,1171.9628934010152,1299.0,537,0,1,6,10,11,509.0,598.0,464.0
seller_1,p102,2024-11-11,1241.0131300813007,1299.0,568,1,0,0,11,11,537.0,517.0,568.0
seller_1,p102,2024-11-12,1238.925076923077,1299.0,461,0,0,1,12,11,568.0,464.0,445.0
seller_1,p102,2024-11-13,1247.2847208121827,1299.0,431,0,0,2,13,11,461.0,489.0,419.0
seller_1,p102,2024-11-14,1236.1496585365853,1299.0,466,0,0,3,14,11,431.0,514.0,401.0
seller_1,p102,2024-11-15,1240.3683490566038,1299.0,489,0,0,4,15,11,466.0,510.0,378.0
seller_1,p102,2024-11-16,1167.5076923076924,1299.0,557,0,1,5,16,11,489.0,509.0,512.0
seller_1,p102,2024-11-17,1166.4560396039603,1299.0,529,0,1,6,17,11,557.0,537.0,464.0
seller_1,p102,2024-11-18,1241.37921875,1299.0,464,0,0,0,18,11,529.0,568.0,505.0
seller_1,p102,2024-11-19,1242.3265789473683,1299.0,447,0,0,1,19,11,464.0,461.0,443.0
seller_1,p102,2024-11-20,1240.3995454545457,1299.0,513,0,0,2,20,11,447.0,431.0,413.0
seller_1,p102,2024-11-21,1239.9528634361234,1299.0,521,0,0,3,21,11,513.0,466.0,444.0
seller_1,p102,2024-11-22,1104.6637055837564,1299.0,650,0,0,4,22,11,521.0,489.0,429.0
seller_1,p102,2024-11-23,1101.0505347593582,1299.0,647,0,1,5,23,11,650.0,557.0,389.0
seller_1,p102,2024-11-24,1102.6282233502538,1299.0,642,0,1,6,24,11,647.0,529.0,433.0
seller_1,p102,2024-11-25,1178.7642346938776,1299.0,548,0,0,0,25,11,642.0,464.0,524.0
seller_1,p102,2024-11-26,1180.6657407407406,1299.0,540,0,0,1,26,11,548.0,447.0,551.0
seller_1,p102,2024-11-27,1180.637619047619,1299.0,547,0,0,2,27,11,540.0,513.0,508.0
seller_1,p102,2024-11-28,1180.4507853403143,1299.0,483,1,0,3,28,11,547.0,521.0,503.0
seller_1,p102,2024-11-29,1178.6916438356163,1299.0,556,0,0,4,29,11,483.0,650.0,635.0
seller_1,p102,2024-11-30,1107.1914285714286,1299.0,675,0,1,5,30,11,556.0,647.0,736.0
seller_1,p102,2024-12-01,1166.0200490196078,1299.0,579,0,1,6,1,12,675.0,642.0,630.0
seller_1,p102,2024-12-02,1241.9149758454107,1299.0,533,0,0,0,2,12,579.0,548.0,632.0
seller_1,p102,2024-12-03,1241.7991121495327,1299.0,523,0,0,1,3,12,533.0,540.0,598.0
seller_1,p102,2024-12-04,1237.6568911917097,1299.0,502,0,0,2,4,12,523.0,547.0,517.0
seller_1,p102,2024-12-05,1238.6952232142855,1299.0,539,0,0,3,5,12,502.0,483.0,464.0
seller_1,p102,2024-12-06,1246.7573267326734,1299.0,439,0,0,4,6,12,539.0,556.0,489.0
seller_1,p102,2024-12-07,1162.7611797752809,1299.0,476,0,1,5,7,12,439.0,675.0,514.0
seller_1,p102,2024-12-08,1177.4303773584904,1299.0,550,0,1,6,8,12,476.0,579.0,510.0
seller_1,p102,2024-12-09,1239.817663551402,1299.0,495,0,0,0,9,12,550.0,533.0,509.0
seller_1,p102,2024-12-10,1249.5412994350281,1299.0,389,0,0,1,10,12,495.0,523.0,537.0
seller_1,p102,2024-12-11,1236.4549735449734,1299.0,434,0,0,2,11,12,389.0,502.0,568.0
seller_1,p102,2024-12-12,1238.5186307053941,1299.0,598,0,0,3,12,12,434.0,539.0,461.0
seller_1,p102,2024-12-13,1238.670812182741,1299.0,454,0,0,4,13,12,598.0,439.0,431.0
seller_1,p102,2024-12-14,1172.2680555555555,1299.0,626,0,1,5,14,12,454.0,476.0,466.0
seller_1,p102,2024-12-15,1169.6350232558138,1299.0,572,0,1,6,15,12,626.0,550.0,489.0
seller_1,p102,2024-12-16,1241.6975117370891,1299.0,515,0,0,0,16,12,572.0,495.0,557.0
seller_1,p102,2024-12-17,1238.6665876777251,1299.0,495,0,0,1,17,12,515.0,389.0,529.0
seller_1,p102,2024-12-18,1239.429336492891,1299.0,533,0,0,2,18,12,495.0,434.0,464.0
seller_1,p102,2024-12-19,1237.0411282051282,1299.0,480,0,0,3,19,12,533.0,598.0,447.0
seller_1,p102,2024-12-20,1243.28965,1299.0,460,0,0,4,20,12,480.0,454.0,513.0
seller_1,p102,2024-12-21,1166.031453488372,1299.0,463,0,1,5,21,12,460.0,626.0,521.0
seller_1,p102,2024-12-22,1170.4679326923076,1299.0,531,0,1,6,22,12,463.0,572.0,650.0
seller_1,p102,2024-12-23,1236.5197354497354,1299.0,392,0,0,0,23,12,531.0,515.0,647.0
seller_1,p102,2024-12-24,1101.805,1299.0,616,0,0,1,24,12,392.0,495.0,642.0
seller_1,p102,2024-12-25,1058.8608163265305,1299.0,636,1,0,2,25,12,616.0,533.0,548.0
seller_1,p102,2024-12-26,1056.6728820960698,1299.0,777,0,0,3,26,12,636.0,480.0,540.0
seller_1,p102,2024-12-27,1175.5886666666665,1299.0,450,0,0,4,27,12,777.0,460.0,547.0
seller_1,p102,2024-12-28,1108.166188118812,1299.0,589,0,1,5,28,12,450.0,463.0,483.0
seller_1,p102,2024-12-29,1108.0777157360405,1299.0,578,0,1,6,29,12,589.0,531.0,556.0
seller_1,p102,2024-12-30,1181.170894736842,1299.0,475,0,0,0,30,12,578.0,392.0,675.0
seller_1,p102,2024-12-31,1058.4657368421051,1299.0,648,0,0,1,31,12,475.0,616.0,579.0
seller_1,p102,2025-01-01,1104.6257407407409,1299.0,621,1,0,2,1,1,648.0,636.0,533.0
seller_1,p102,2025-01-02,1107.4355555555555,1299.0,606,0,0,3,2,1,621.0,777.0,523.0
seller_1,p102,2025-01-03,1242.52408839779,1299.0,390,0,0,4,3,1,606.0,450.0,502.0
seller_1,p102,2025-01-04,1173.1210407239819,1299.0,579,0,1,5,4,1,390.0,589.0,539.0
seller_1,p102,2025-01-05,1166.474797979798,1299.0,490,0,1,6,5,1,579.0,578.0,439.0
seller_1,p102,2025-01-06,1248.4474883720932,1299.0,430,0,0,0,6,1,490.0,475.0,476.0
seller_1,p102,2025-01-07,1242.6101869158879,1299.0,418,0,0,1,7,1,430.0,648.0,550.0
seller_1,p102,2025-01-08,1243.8597674418604,1299.0,445,0,0,2,8,1,418.0,621.0,495.0
seller_1,p102,2025-01-09,1242.7228703703704,1299.0,464,0,0,3,9,1,445.0,606.0,389.0
seller_1,p102,2025-01-10,1241.5169339622644,1299.0,445,0,0,4,10,1,464.0,390.0,434.0
seller_1,p102,2025-01-11,1174.7766341463414,1299.0,477,0,1,5,11,1,445.0,579.0,598.0
seller_1,p102,2025-01-12,1163.147175925926,1299.0,516,0,1,6,12,1,477.0,490.0,454.0
seller_1,p102,2025-01-13,1239.4252941176471,1299.0,470,0,0,0,13,1,516.0,430.0,626.0
seller_1,p102,2025-01-14,1237.84421875,1299.0,367,0,0,1,14,1,470.0,418.0,572.0
seller_1,p102,2025-01-15,1240.4490222222223,1299.0,483,0,0,2,15,1,367.0,445.0,515.0
seller_1,p102,2025-01-16,1243.994862385321,1299.0,476,0,0,3,16,1,483.0,464.0,495.0
seller_1,p102,2025-01-17,1241.2684037558686,1299.0,456,0,0,4,17,1,476.0,445.0,533.0
seller_1,p102,2025-01-18,1172.2088151658768,1299.0,501,0,1,5,18,1,456.0,477.0,480.0
seller_1,p102,2025-01-19,1163.727549019608,1299.0,486,0,1,6,19,1,501.0,516.0,460.0
seller_1,p102,2025-01-20,1239.688623853211,1299.0,433,1,0,0,20,1,486.0,470.0,463.0
seller_1,p102,2025-01-21,1244.767963800905,1299.0,448,0,0,1,21,1,433.0,367.0,531.0
seller_1,p102,2025-01-22,1241.9089393939394,1299.0,430,0,0,2,22,1,448.0,483.0,392.0
seller_1,p102,2025-01-23,1238.6182407407407,1299.0,427,0,0,3,23,1,430.0,476.0,616.0
seller_1,p102,2025-01-24,1237.4225698324021,1299.0,349,0,0,4,24,1,427.0,456.0,636.0
seller_1,p102,2025-01-25,1107.7527699530517,1299.0,557,0,1,5,25,1,349.0,501.0,777.0
seller_1,p102,2025-01-26,1105.205070422535,1299.0,558,0,1,6,26,1,557.0,486.0,450.0
seller_1,p102,2025-01-27,1176.5400934579438,1299.0,487,0,0,0,27,1,558.0,433.0,589.0
seller_1,p102,2025-01-28,1182.6136448598131,1299.0,494,0,0,1,28,1,487.0,448.0,578.0
seller_1,p102,2025-01-29,1181.9940000000001,1299.0,519,0,0,2,29,1,494.0,430.0,475.0
seller_1,p102,2025-01-30,1178.0947222222221,1299.0,428,0,0,3,30,1,519.0,427.0,648.0
seller_1,p102,2025-01-31,1183.3316842105262,1299.0,416,0,0,4,31,1,428.0,349.0,621.0
seller_1,p102,2025-02-01,1170.8689351851851,1299.0,541,0,1,5,1,2,416.0,557.0,606.0
seller_1,p102,2025-02-02,1169.7797500000001,1299.0,506,0,1,6,2,2,541.0,558.0,390.0
seller_1,p102,2025-02-03,1245.680693069307,1299.0,417,0,0,0,3,2,506.0,487.0,579.0
seller_1,p102,2025-02-04,1238.1016972477064,1299.0,488,0,0,1,4,2,417.0,494.0,490.0
seller_1,p102,2025-02-05,1236.888292682927,1299.0,459,0,0,2,5,2,488.0,519.0,430.0
seller_1,p102,2025-02-06,1238.8116417910446,1299.0,425,0,0,3,6,2,459.0,428.0,418.0
seller_1,p102,2025-02-07,1247.588701923077,1299.0,414,0,0,4,7,2,425.0,416.0,445.0
seller_1,p102,2025-02-08,1163.3496097560976,1299.0,514,0,1,5,8,2,414.0,541.0,464.0
seller_1,p102,2025-02-09,1175.310625,1299.0,499,0,1,6,9,2,514.0,506.0,445.0
seller_1,p102,2025-02-10,1246.4586238532108,1299.0,442,0,0,0,10,2,499.0,417.0,477.0
seller_1,p102,2025-02-11,1242.3227586206897,1299.0,431,0,0,1,11,2,442.0,488.0,516.0
seller_1,p102,2025-02-12,1248.6904545454547,1299.0,467,0,0,2,12,2,431.0,459.0,470.0
seller_1,p102,2025-02-13,1101.0523152709359,1299.0,578,0,0,3,13,2,467.0,425.0,367.0
seller_1,p102,2025-02-14,1095.9561780104711,1299.0,554,0,0,4,14,2,578.0,414.0,483.0
seller_1,p102,2025-02-15,1109.1743718592966,1299.0,605,0,1,5,15,2,554.0,514.0,476.0
seller_1,p102,2025-02-16,1173.2948815165878,1299.0,507,0,1,6,16,2,605.0,499.0,456.0
seller_1,p102,2025-02-17,1236.6756565656565,1299.0,399,1,0,0,17,2,507.0,442.0,501.0
seller_1,p102,2025-02-18,1245.0496803652968,1299.0,487,0,0,1,18,2,399.0,431.0,486.0
seller_1,p102,2025-02-19,1242.2391457286433,1299.0,406,0,0,2,19,2,487.0,467.0,433.0
seller_1,p102,2025-02-20,1237.1905699481865,1299.0,414,0,0,3,20,2,406.0,578.0,448.0
seller_1,p102,2025-02-21,1238.5982969432314,1299.0,496,0,0,4,21,2,414.0,554.0,430.0
seller_1,p102,2025-02-22,1171.1542105263156,1299.0,433,0,1,5,22,2,496.0,605.0,427.0
seller_1,p102,2025-02-23,1170.7208260869563,1299.0,529,0,1,6,23,2,433.0,507.0,349.0
seller_1,p102,2025-02-24,1239.907264957265,1299.0,501,0,0,0,24,2,529.0,399.0,557.0
seller_1,p102,2025-02-25,1178.480476190476,1299.0,468,0,0,1,25,2,501.0,487.0,558.0
seller_1,p102,2025-02-26,1173.0485353535353,1299.0,460,0,0,2,26,2,468.0,406.0,487.0
seller_1,p102,2025-02-27,1181.9865641025642,1299.0,460,0,0,3,27,2,460.0,414.0,494.0
seller_1,p102,2025-02-28,1187.9555609756096,1299.0,455,0,0,4,28,2,460.0,496.0,519.0
seller_1,p102,2025-03-01,1169.8480104712041,1299.0,472,0,1,5,1,3,455.0,433.0,428.0
seller_1,p102,2025-03-02,1164.739336734694,1299.0,500,0,1,6,2,3,472.0,529.0,416.0
seller_1,p102,2025-03-03,1240.6119444444444,1299.0,439,0,0,0,3,3,500.0,501.0,541.0
seller_1,p102,2025-03-04,1240.4939819004524,1299.0,456,0,0,1,4,3,439.0,468.0,506.0
seller_1,p102,2025-03-05,1238.008350515464,1299.0,433,0,0,2,5,3,456.0,460.0,417.0
seller_1,p102,2025-03-06,1240.2431950207467,1299.0,488,0,0,3,6,3,433.0,460.0,488.0
seller_1,p102,2025-03-07,1241.2501041666667,1299.0,367,0,0,4,7,3,488.0,455.0,459.0
seller_1,p102,2025-03-08,1164.2941704035875,1299.0,517,0,1,5,8,3,367.0,472.0,425.0
seller_1,p102,2025-03-09,1170.8295594713657,1299.0,531,0,1,6,9,3,517.0,500.0,414.0
seller_1,p102,2025-03-10,1237.6233640552996,1299.0,474,0,0,0,10,3,531.0,439.0,514.0
seller_1,p102,2025-03-11,1244.23828125,1299.0,379,0,0,1,11,3,474.0,456.0,499.0
seller_1,p102,2025-03-12,1240.4231460674157,1299.0,377,0,0,2,12,3,379.0,433.0,442.0
seller_1,p102,2025-03-13,1239.4914655172415,1299.0,480,0,0,3,13,3,377.0,488.0,431.0
seller_1,p102,2025-03-14,1240.2635869565217,1299.0,367,0,0,4,14,3,480.0,367.0,467.0
seller_1,p102,2025-03-15,1166.5763425925925,1299.0,483,0,1,5,15,3,367.0,517.0,578.0
seller_1,p102,2025-03-16,1163.9194210526316,1299.0,471,0,1,6,16,3,483.0,531.0,554.0
seller_1,p102,2025-03-17,1240.4470731707318,1299.0,447,0,0,0,17,3,471.0,474.0,605.0
seller_1,p102,2025-03-18,1239.1650952380953,1299.0,462,0,0,1,18,3,447.0,379.0,507.0
seller_1,p102,2025-03-19,1241.6462,1299.0,405,0,0,2,19,3,462.0,377.0,399.0
seller_1,p102,2025-03-20,1246.8151707317074,1299.0,407,0,0,3,20,3,405.0,480.0,487.0
seller_1,p102,2025-03-21,1243.6501860465116,1299.0,441,0,0,4,21,3,407.0,367.0,406.0
seller_1,p102,2025-03-22,1166.3707929515417,1299.0,530,0,1,5,22,3,441.0,483.0,414.0
seller_1,p102,2025-03-23,1169.12265,1299.0,467,0,1,6,23,3,530.0,471.0,496.0
seller_1,p102,2025-03-24,1243.9729302325582,1299.0,436,0,0,0,24,3,467.0,447.0,433.0
seller_1,p102,2025-03-25,1177.50615720524,1299.0,524,0,0,1,25,3,436.0,462.0,529.0
seller_1,p102,2025-03-26,1182.6051724137933,1299.0,523,0,0,2,26,3,524.0,405.0,501.0
seller_1,p102,2025-03-27,1184.9647826086957,1299.0,519,0,0,3,27,3,523.0,407.0,468.0
seller_1,p102,2025-03-28,1182.5056696428571,1299.0,508,0,0,4,28,3,519.0,441.0,460.0
seller_1,p102,2025-03-29,1106.7611013215858,1299.0,572,0,1,5,29,3,508.0,530.0,460.0
seller_1,p102,2025-03-30,1106.9718181818182,1299.0,432,0,1,6,30,3,572.0,467.0,455.0
seller_1,p102,2025-03-31,1185.4589552238806,1299.0,434,0,0,0,31,3,432.0,436.0,472.0
seller_1,p102,2025-04-01,1240.3140476190476,1299.0,468,0,0,1,1,4,434.0,524.0,500.0
seller_1,p102,2025-04-02,1244.5880357142855,1299.0,478,0,0,2,2,4,468.0,523.0,439.0
seller_1,p102,2025-04-03,1240.535918367347,1299.0,422,0,0,3,3,4,478.0,519.0,456.0
seller_1,p102,2025-04-04,1243.3147395833332,1299.0,413,0,0,4,4,4,422.0,508.0,433.0
seller_1,p102,2025-04-05,1164.710210526316,1299.0,518,0,1,5,5,4,413.0,572.0,488.0
seller_1,p102,2025-04-06,1165.212027027027,1299.0,537,0,1,6,6,4,518.0,432.0,367.0
seller_1,p102,2025-04-07,1239.291761658031,1299.0,432,0,0,0,7,4,537.0,434.0,517.0
seller_1,p102,2025-04-08,1241.6102752293577,1299.0,467,0,0,1,8,4,432.0,468.0,531.0
seller_1,p102,2025-04-09,1244.3416738197425,1299.0,466,0,0,2,9,4,467.0,478.0,474.0
seller_1,p102,2025-04-10,1236.6055405405405,1299.0,459,0,0,3,10,4,466.0,422.0,379.0
seller_1,p102,2025-04-11,1241.8845355191256,1299.0,374,0,0,4,11,4,459.0,413.0,377.0
seller_1,p102,2025-04-12,1166.0267441860465,1299.0,502,0,1,5,12,4,374.0,518.0,480.0
seller_1,p102,2025-04-13,1168.5360869565218,1299.0,479,0,1,6,13,4,502.0,537.0,367.0
seller_1,p102,2025-04-14,1245.4536714975845,1299.0,390,0,0,0,14,4,479.0,432.0,483.0
seller_1,p102,2025-04-15,1240.2858762886597,1299.0,423,0,0,1,15,4,390.0,467.0,471.0
