product-sale-prediction-AI/data/prepared_daily_sales.csv
seller_id,product_id,date,sale_price,original_price,quantity,is_holiday,is_weekend,day_of_week,day_of_month,month,lag_1,lag_7,lag_30
seller_1,p102,2025-04-16,1240.225529953917,1299.0,456,0,0,2,16,4,423.0,466.0,447.0
seller_1,p102,2025-04-17,1235.615894736842,1299.0,405,0,0,3,17,4,456.0,459.0,462.0
seller_1,p102,2025-04-18,1242.0414572864322,1299.0,431,0,0,4,18,4,405.0,374.0,405.0
seller_1,p102,2025-04-19,1167.6986633663366,1299.0,497,0,1,5,19,4,431.0,502.0,407.0
seller_1,p102,2025-04-20,1171.0079894179894,1299.0,405,0,1,6,20,4,497.0,479.0,441.0
seller_1,p102,2025-04-21,1240.6154098360655,1299.0,365,0,0,0,21,4,405.0,390.0,530.0
seller_1,p102,2025-04-22,1241.148888888889,1299.0,404,0,0,1,22,4,365.0,423.0,467.0
seller_1,p102,2025-04-23,1243.2979702970297,1299.0,400,0,0,2,23,4,404.0,456.0,436.0
seller_1,p102,2025-04-24,1242.2755399061034,1299.0,419,0,0,3,24,4,400.0,405.0,524.0
seller_1,p102,2025-04-25,1170.93755,1299.0,463,0,0,4,25,4,419.0,431.0,523.0
seller_1,p102,2025-04-26,1105.2893658536586,1299.0,509,0,1,5,26,4,463.0,497.0,519.0
seller_1,p102,2025-04-27,1107.5320895522389,1299.0,512,0,1,6,27,4,509.0,405.0,508.0
seller_1,p102,2025-04-28,1183.4261946902654,1299.0,520,0,0,0,28,4,512.0,365.0,572.0
seller_1,p102,2025-04-29,1177.1263888888889,1299.0,528,0,0,1,29,4,520.0,404.0,432.0
seller_1,p102,2025-04-30,1179.85,1299.0,482,0,0,2,30,4,528.0,400.0,434.0
seller_1,p102,2025-05-01,1242.9504186046513,1299.0,434,0,0,3,1,5,482.0,419.0,468.0
seller_1,p102,2025-05-02,1241.06245,1299.0,424,0,0,4,2,5,434.0,463.0,478.0
seller_1,p102,2025-05-03,1169.5273008849556,1299.0,570,0,1,5,3,5,424.0,509.0,422.0
seller_1,p102,2025-05-04,1163.0968235294117,1299.0,431,0,1,6,4,5,570.0,512.0,413.0
seller_1,p102,2025-05-05,1237.5717616580312,1299.0,427,0,0,0,5,5,431.0,520.0,518.0
seller_1,p102,2025-05-06,1244.533179916318,1299.0,501,0,0,1,6,5,427.0,528.0,537.0
seller_1,p102,2025-05-07,1238.4649047619048,1299.0,449,0,0,2,7,5,501.0,482.0,432.0
seller_1,p102,2025-05-08,1245.9959728506788,1299.0,459,0,0,3,8,5,449.0,434.0,467.0
seller_1,p102,2025-05-09,1247.4335046728972,1299.0,408,0,0,4,9,5,459.0,424.0,466.0
seller_1,p102,2025-05-10,1173.693796791444,1299.0,449,0,1,5,10,5,408.0,570.0,459.0
seller_1,p102,2025-05-11,1170.9254146341464,1299.0,468,0,1,6,11,5,449.0,431.0,374.0
seller_1,p102,2025-05-12,1240.8551131221718,1299.0,451,0,0,0,12,5,468.0,427.0,502.0
seller_1,p102,2025-05-13,1241.107837837838,1299.0,450,0,0,1,13,5,451.0,501.0,479.0
seller_1,p102,2025-05-14,1240.9003092783505,1299.0,420,0,0,2,14,5,450.0,449.0,390.0
seller_1,p102,2025-05-15,1242.5151741293532,1299.0,450,0,0,3,15,5,420.0,459.0,423.0
seller_1,p102,2025-05-16,1243.3791414141415,1299.0,409,0,0,4,16,5,450.0,408.0,456.0
seller_1,p102,2025-05-17,1171.5531250000001,1299.0,457,0,1,5,17,5,409.0,449.0,405.0
seller_1,p102,2025-05-18,1168.510945273632,1299.0,481,0,1,6,18,5,457.0,468.0,431.0
seller_1,p102,2025-05-19,1236.1695,1299.0,407,0,0,0,19,5,481.0,451.0,497.0
seller_1,p102,2025-05-20,1238.063062200957,1299.0,409,0,0,1,20,5,407.0,450.0,405.0
seller_1,p102,2025-05-21,1238.3040465116278,1299.0,459,0,0,2,21,5,409.0,420.0,365.0
seller_1,p102,2025-05-22,1243.9468,1299.0,354,0,0,3,22,5,459.0,450.0,404.0
seller_1,p102,2025-05-23,1243.55807486631,1299.0,388,0,0,4,23,5,354.0,409.0,400.0
seller_1,p102,2025-05-24,1169.6715068493152,1299.0,527,0,1,5,24,5,388.0,457.0,419.0
seller_1,p200,2023-01-01,937.4830501930502,1099.99,778,0,1,6,1,1,0.0,0.0,0.0
seller_1,p200,2023-01-02,938.6219272727272,1099.99,798,1,0,0,2,1,778.0,0.0,0.0
seller_1,p200,2023-01-03,1053.2802066115703,1099.99,519,0,0,1,3,1,798.0,0.0,0.0
seller_1,p200,2023-01-04,1051.5527685950412,1099.99,518,0,0,2,4,1,519.0,0.0,0.0
seller_1,p200,2023-01-05,1048.087747035573,1099.99,515,0,0,3,5,1,518.0,0.0,0.0
seller_1,p200,2023-01-06,1047.6894715447154,1099.99,494,0,0,4,6,1,515.0,0.0,0.0
seller_1,p200,2023-01-07,988.8478787878788,1099.99,645,0,1,5,7,1,494.0,0.0,0.0
seller_1,p200,2023-01-08,986.8102150537634,1099.99,632,0,1,6,8,1,645.0,778.0,0.0
seller_1,p200,2023-01-09,1051.3450714285714,1099.99,612,0,0,0,9,1,632.0,798.0,0.0
seller_1,p200,2023-01-10,1054.639460580913,1099.99,503,0,0,1,10,1,612.0,519.0,0.0
seller_1,p200,2023-01-11,1051.7993214285714,1099.99,559,0,0,2,11,1,503.0,518.0,0.0
seller_1,p200,2023-01-12,1053.6567175572518,1099.99,534,0,0,3,12,1,559.0,515.0,0.0
seller_1,p200,2023-01-13,1050.2734572490706,1099.99,546,0,0,4,13,1,534.0,494.0,0.0
seller_1,p200,2023-01-14,988.7231818181818,1099.99,708,0,1,5,14,1,546.0,645.0,0.0
seller_1,p200,2023-01-15,994.1853112033195,1099.99,557,0,1,6,15,1,708.0,632.0,0.0
seller_1,p200,2023-01-16,1051.196853448276,1099.99,494,1,0,0,16,1,557.0,612.0,0.0
seller_1,p200,2023-01-17,1053.3234831460675,1099.99,534,0,0,1,17,1,494.0,503.0,0.0
seller_1,p200,2023-01-18,1054.0998154981548,1099.99,531,0,0,2,18,1,534.0,559.0,0.0
seller_1,p200,2023-01-19,1053.46052,1099.99,557,0,0,3,19,1,531.0,534.0,0.0
seller_1,p200,2023-01-20,1052.3371264367815,1099.99,537,0,0,4,20,1,557.0,546.0,0.0
seller_1,p200,2023-01-21,991.7743697478991,1099.99,594,0,1,5,21,1,537.0,708.0,0.0
seller_1,p200,2023-01-22,988.2513360323886,1099.99,605,0,1,6,22,1,594.0,557.0,0.0
seller_1,p200,2023-01-23,1053.6004961832061,1099.99,524,0,0,0,23,1,605.0,494.0,0.0
seller_1,p200,2023-01-24,1052.0368846153847,1099.99,516,0,0,1,24,1,524.0,534.0,0.0
seller_1,p200,2023-01-25,1002.3440684410646,1099.99,635,0,0,2,25,1,516.0,531.0,0.0
seller_1,p200,2023-01-26,998.7491791044777,1099.99,640,0,0,3,26,1,635.0,557.0,0.0
seller_1,p200,2023-01-27,1000.8733984375,1099.99,602,0,0,4,27,1,640.0,537.0,0.0
seller_1,p200,2023-01-28,938.0542173913044,1099.99,603,0,1,5,28,1,602.0,594.0,0.0
seller_1,p200,2023-01-29,937.4695348837209,1099.99,671,0,1,6,29,1,603.0,605.0,0.0
seller_1,p200,2023-01-30,991.6843560606061,1099.99,602,0,0,0,30,1,671.0,524.0,0.0
seller_1,p200,2023-01-31,1000.4559409594095,1099.99,624,0,0,1,31,1,602.0,516.0,778.0
seller_1,p200,2023-02-01,1051.8013523131672,1099.99,648,0,0,2,1,2,624.0,635.0,798.0
seller_1,p200,2023-02-02,1053.000909090909,1099.99,551,0,0,3,2,2,648.0,640.0,519.0
seller_1,p200,2023-02-03,1051.0688796680497,1099.99,499,0,0,4,3,2,551.0,602.0,518.0
seller_1,p200,2023-02-04,988.23640625,1099.99,650,0,1,5,4,2,499.0,603.0,515.0
seller_1,p200,2023-02-05,990.2368548387096,1099.99,612,0,1,6,5,2,650.0,671.0,494.0
seller_1,p200,2023-02-06,1052.455632183908,1099.99,571,0,0,0,6,2,612.0,602.0,645.0
seller_1,p200,2023-02-07,1048.872803030303,1099.99,573,0,0,1,7,2,571.0,624.0,632.0
seller_1,p200,2023-02-08,1049.2563940520445,1099.99,572,0,0,2,8,2,573.0,648.0,612.0
seller_1,p200,2023-02-09,1045.401550387597,1099.99,537,0,0,3,9,2,572.0,551.0,503.0
seller_1,p200,2023-02-10,1052.2444852941176,1099.99,570,0,0,4,10,2,537.0,499.0,559.0
seller_1,p200,2023-02-11,993.4895306859205,1099.99,644,0,1,5,11,2,570.0,650.0,534.0
seller_1,p200,2023-02-12,992.3576190476191,1099.99,729,0,1,6,12,2,644.0,612.0,546.0
seller_1,p200,2023-02-13,933.980081300813,1099.99,704,0,0,0,13,2,729.0,571.0,708.0
seller_1,p200,2023-02-14,934.9730597014925,1099.99,746,0,0,1,14,2,704.0,573.0,557.0
seller_1,p200,2023-02-15,933.9379513888889,1099.99,772,0,0,2,15,2,746.0,572.0,494.0
seller_1,p200,2023-02-16,1051.7951229508196,1099.99,501,0,0,3,16,2,772.0,537.0,534.0
seller_1,p200,2023-02-17,1049.0710743801653,1099.99,513,0,0,4,17,2,501.0,570.0,531.0
seller_1,p200,2023-02-18,987.2493822393823,1099.99,625,0,1,5,18,2,513.0,644.0,557.0
seller_1,p200,2023-02-19,990.249918699187,1099.99,581,0,1,6,19,2,625.0,729.0,537.0
seller_1,p200,2023-02-20,1050.99184501845,1099.99,568,1,0,0,20,2,581.0,704.0,594.0
seller_1,p200,2023-02-21,1053.265589353612,1099.99,544,0,0,1,21,2,568.0,746.0,605.0
seller_1,p200,2023-02-22,1051.6356390977444,1099.99,577,0,0,2,22,2,544.0,772.0,524.0
seller_1,p200,2023-02-23,1045.452549800797,1099.99,529,0,0,3,23,2,577.0,501.0,516.0
seller_1,p200,2023-02-24,1050.596336996337,1099.99,565,0,0,4,24,2,529.0,513.0,635.0
seller_1,p200,2023-02-25,940.6705813953489,1099.99,673,0,1,5,25,2,565.0,625.0,640.0
seller_1,p200,2023-02-26,938.9860392156863,1099.99,665,0,1,6,26,2,673.0,581.0,602.0
seller_1,p200,2023-02-27,999.7271636363636,1099.99,633,0,0,0,27,2,665.0,568.0,603.0
seller_1,p200,2023-02-28,994.9612903225806,1099.99,552,0,0,1,28,2,633.0,544.0,671.0
seller_1,p200,2023-03-01,1049.3554183266933,1099.99,521,0,0,2,1,3,552.0,577.0,602.0
seller_1,p200,2023-03-02,1050.7836434108526,1099.99,549,0,0,3,2,3,521.0,529.0,624.0
seller_1,p200,2023-03-03,1052.8487984496123,1099.99,559,0,0,4,3,3,549.0,565.0,648.0
seller_1,p200,2023-03-04,985.7578695652173,1099.99,558,0,1,5,4,3,559.0,673.0,551.0
seller_1,p200,2023-03-05,990.3429482071713,1099.99,636,0,1,6,5,3,558.0,665.0,499.0
seller_1,p200,2023-03-06,1049.5520000000001,1099.99,521,0,0,0,6,3,636.0,633.0,650.0
seller_1,p200,2023-03-07,1047.7054838709678,1099.99,497,0,0,1,7,3,521.0,552.0,612.0
seller_1,p200,2023-03-08,1051.3412698412699,1099.99,512,0,0,2,8,3,497.0,521.0,571.0
seller_1,p200,2023-03-09,1048.0704280155642,1099.99,535,0,0,3,9,3,512.0,549.0,573.0
seller_1,p200,2023-03-10,1051.3320599250935,1099.99,565,0,0,4,10,3,535.0,559.0,572.0
seller_1,p200,2023-03-11,990.0486178861788,1099.99,617,0,1,5,11,3,565.0,558.0,537.0
seller_1,p200,2023-03-12,990.4140807174888,1099.99,527,0,1,6,12,3,617.0,636.0,570.0
seller_1,p200,2023-03-13,1048.4497318007664,1099.99,522,0,0,0,13,3,527.0,521.0,644.0
seller_1,p200,2023-03-14,1052.3342412451364,1099.99,553,0,0,1,14,3,522.0,497.0,729.0
seller_1,p200,2023-03-15,1050.554935064935,1099.99,487,0,0,2,15,3,553.0,512.0,704.0
seller_1,p200,2023-03-16,1051.2576512455516,1099.99,624,0,0,3,16,3,487.0,535.0,746.0
seller_1,p200,2023-03-17,1051.1587062937062,1099.99,577,0,0,4,17,3,624.0,565.0,772.0
seller_1,p200,2023-03-18,994.0794932432432,1099.99,661,0,1,5,18,3,577.0,617.0,501.0
seller_1,p200,2023-03-19,988.11452,1099.99,628,0,1,6,19,3,661.0,527.0,513.0
seller_1,p200,2023-03-20,1054.2404961832062,1099.99,556,0,0,0,20,3,628.0,522.0,625.0
seller_1,p200,2023-03-21,1047.3394372294372,1099.99,483,0,0,1,21,3,556.0,553.0,581.0
seller_1,p200,2023-03-22,1051.7011985018726,1099.99,539,0,0,2,22,3,483.0,487.0,568.0
seller_1,p200,2023-03-23,1047.1738735177864,1099.99,532,0,0,3,23,3,539.0,624.0,544.0
seller_1,p200,2023-03-24,1053.669137254902,1099.99,548,0,0,4,24,3,532.0,577.0,577.0
seller_1,p200,2023-03-25,941.5857707509882,1099.99,638,0,1,5,25,3,548.0,661.0,529.0
seller_1,p200,2023-03-26,935.9378545454546,1099.99,731,0,1,6,26,3,638.0,628.0,565.0
seller_1,p200,2023-03-27,1000.9744897959183,1099.99,520,0,0,0,27,3,731.0,556.0,673.0
seller_1,p200,2023-03-28,998.3225769230769,1099.99,581,0,0,1,28,3,520.0,483.0,665.0
seller_1,p200,2023-03-29,1000.4254545454545,1099.99,586,0,0,2,29,3,581.0,539.0,633.0
seller_1,p200,2023-03-30,994.3354054054054,1099.99,562,0,0,3,30,3,586.0,532.0,552.0
seller_1,p200,2023-03-31,1000.4868016194332,1099.99,527,0,0,4,31,3,562.0,548.0,521.0
seller_1,p200,2023-04-01,988.001086142322,1099.99,665,0,1,5,1,4,527.0,638.0,549.0
seller_1,p200,2023-04-02,988.8982945736434,1099.99,633,0,1,6,2,4,665.0,731.0,559.0
seller_1,p200,2023-04-03,1051.2195918367347,1099.99,637,0,0,0,3,4,633.0,520.0,558.0
seller_1,p200,2023-04-04,1054.1611827956988,1099.99,596,0,0,1,4,4,637.0,581.0,636.0
seller_1,p200,2023-04-05,1051.1241767068273,1099.99,544,0,0,2,5,4,596.0,586.0,521.0
seller_1,p200,2023-04-06,1047.9253710247349,1099.99,609,0,0,3,6,4,544.0,562.0,497.0
seller_1,p200,2023-04-07,1052.1706343283581,1099.99,535,0,0,4,7,4,609.0,527.0,512.0
seller_1,p200,2023-04-08,986.6043703703704,1099.99,633,0,1,5,8,4,535.0,665.0,535.0
seller_1,p200,2023-04-09,989.7914448669201,1099.99,639,0,1,6,9,4,633.0,633.0,565.0
seller_1,p200,2023-04-10,1049.7903623188406,1099.99,581,0,0,0,10,4,639.0,637.0,617.0
seller_1,p200,2023-04-11,1049.7830204081633,1099.99,475,0,0,1,11,4,581.0,596.0,527.0
seller_1,p200,2023-04-12,1051.0836015325672,1099.99,532,0,0,2,12,4,475.0,544.0,522.0
seller_1,p200,2023-04-13,1049.956875,1099.99,556,0,0,3,13,4,532.0,609.0,553.0
seller_1,p200,2023-04-14,1053.708395522388,1099.99,538,0,0,4,14,4,556.0,535.0,487.0
seller_1,p200,2023-04-15,991.7729965156793,1099.99,680,0,1,5,15,4,538.0,633.0,624.0
seller_1,p200,2023-04-16,994.9988679245283,1099.99,624,0,1,6,16,4,680.0,639.0,577.0
seller_1,p200,2023-04-17,1055.979416058394,1099.99,528,0,0,0,17,4,624.0,581.0,661.0
seller_1,p200,2023-04-18,1049.2861200000002,1099.99,493,0,0,1,18,4,528.0,475.0,628.0
seller_1,p200,2023-04-19,1050.634,1099.99,552,0,0,2,19,4,493.0,532.0,556.0
seller_1,p200,2023-04-20,1052.517975708502,1099.99,507,0,0,3,20,4,552.0,556.0,483.0
seller_1,p200,2023-04-21,1049.7501824817518,1099.99,561,0,0,4,21,4,507.0,538.0,539.0
seller_1,p200,2023-04-22,992.135081300813,1099.99,620,0,1,5,22,4,561.0,680.0,532.0
seller_1,p200,2023-04-23,991.9125842696628,1099.99,617,0,1,6,23,4,620.0,624.0,548.0
seller_1,p200,2023-04-24,1052.872329749104,1099.99,577,0,0,0,24,4,617.0,528.0,638.0
seller_1,p200,2023-04-25,998.8768060836501,1099.99,647,0,0,1,25,4,577.0,493.0,731.0
seller_1,p200,2023-04-26,998.655138339921,1099.99,570,0,0,2,26,4,647.0,552.0,520.0
seller_1,p200,2023-04-27,999.9010256410256,1099.99,600,0,0,3,27,4,570.0,507.0,581.0
seller_1,p200,2023-04-28,1002.7581818181818,1099.99,574,0,0,4,28,4,600.0,561.0,586.0
seller_1,p200,2023-04-29,934.2104577464789,1099.99,749,0,1,5,29,4,574.0,620.0,562.0
seller_1,p200,2023-04-30,933.9637109375,1099.99,686,0,1,6,30,4,749.0,617.0,527.0
seller_1,p200,2023-05-01,1053.8889666666666,1099.99,637,0,0,0,1,5,686.0,577.0,665.0
seller_1,p200,2023-05-02,1050.2089930555555,1099.99,649,0,0,1,2,5,637.0,647.0,633.0
seller_1,p200,2023-05-03,1046.793984962406,1099.99,557,0,0,2,3,5,649.0,570.0,637.0
seller_1,p200,2023-05-04,1051.9302255639097,1099.99,568,0,0,3,4,5,557.0,600.0,596.0
seller_1,p200,2023-05-05,1054.8048117154813,1099.99,537,0,0,4,5,5,568.0,574.0,544.0
seller_1,p200,2023-05-06,985.3587596899225,1099.99,663,0,1,5,6,5,537.0,749.0,609.0
seller_1,p200,2023-05-07,986.6498326359832,1099.99,538,0,1,6,7,5,663.0,686.0,535.0
seller_1,p200,2023-05-08,1046.8933834586467,1099.99,584,0,0,0,8,5,538.0,637.0,633.0
seller_1,p200,2023-05-09,1049.1781918819188,1099.99,562,0,0,1,9,5,584.0,649.0,639.0
seller_1,p200,2023-05-10,1046.6917894736841,1099.99,619,0,0,2,10,5,562.0,557.0,581.0
seller_1,p200,2023-05-11,1050.238079710145,1099.99,597,0,0,3,11,5,619.0,568.0,475.0
seller_1,p200,2023-05-12,1052.0175524475526,1099.99,595,0,0,4,12,5,597.0,537.0,532.0
seller_1,p200,2023-05-13,988.5051209677418,1099.99,585,0,1,5,13,5,595.0,663.0,556.0
seller_1,p200,2023-05-14,988.8472156862746,1099.99,658,0,1,6,14,5,585.0,538.0,538.0
seller_1,p200,2023-05-15,1049.3513533834587,1099.99,552,0,0,0,15,5,658.0,584.0,680.0
seller_1,p200,2023-05-16,1047.1701509433963,1099.99,513,0,0,1,16,5,552.0,562.0,624.0
seller_1,p200,2023-05-17,1051.1951209677418,1099.99,509,0,0,2,17,5,513.0,619.0,528.0
seller_1,p200,2023-05-18,1052.9856140350878,1099.99,457,0,0,3,18,5,509.0,597.0,493.0
seller_1,p200,2023-05-19,1052.5645945945946,1099.99,551,0,0,4,19,5,457.0,595.0,552.0
seller_1,p200,2023-05-20,991.1729885057471,1099.99,663,0,1,5,20,5,551.0,585.0,507.0
seller_1,p200,2023-05-21,991.892213740458,1099.99,621,0,1,6,21,5,663.0,658.0,561.0
seller_1,p200,2023-05-22,1051.1028630705393,1099.99,544,0,0,0,22,5,621.0,552.0,620.0
seller_1,p200,2023-05-23,1047.878255319149,1099.99,504,0,0,1,23,5,544.0,513.0,617.0
seller_1,p200,2023-05-24,1052.4783703703704,1099.99,568,0,0,2,24,5,504.0,509.0,577.0
seller_1,p200,2023-05-25,995.2500787401574,1099.99,568,0,0,3,25,5,568.0,457.0,647.0
seller_1,p200,2023-05-26,994.1642570281124,1099.99,595,0,0,4,26,5,568.0,551.0,570.0
seller_1,p200,2023-05-27,936.9992063492062,1099.99,643,0,1,5,27,5,595.0,663.0,600.0
seller_1,p200,2023-05-28,936.4377394636016,1099.99,672,0,1,6,28,5,643.0,621.0,574.0
seller_1,p200,2023-05-29,996.5152713178295,1099.99,613,1,0,0,29,5,672.0,544.0,749.0
seller_1,p200,2023-05-30,996.7135950413224,1099.99,563,0,0,1,30,5,613.0,504.0,686.0
seller_1,p200,2023-05-31,991.3447272727273,1099.99,660,0,0,2,31,5,563.0,568.0,637.0
seller_1,p200,2023-06-01,1051.4564015151516,1099.99,562,0,0,3,1,6,660.0,568.0,649.0
seller_1,p200,2023-06-02,1053.3499300699302,1099.99,610,0,0,4,2,6,562.0,595.0,557.0
seller_1,p200,2023-06-03,991.1615175097277,1099.99,617,0,1,5,3,6,610.0,643.0,568.0
seller_1,p200,2023-06-04,988.138996282528,1099.99,661,0,1,6,4,6,617.0,672.0,537.0
seller_1,p200,2023-06-05,1055.0025468164795,1099.99,621,0,0,0,5,6,661.0,613.0,663.0
seller_1,p200,2023-06-06,1054.9992083333334,1099.99,487,0,0,1,6,6,621.0,563.0,538.0
seller_1,p200,2023-06-07,1046.2631205673758,1099.99,606,0,0,2,7,6,487.0,660.0,584.0
seller_1,p200,2023-06-08,1051.1807874015747,1099.99,534,0,0,3,8,6,606.0,562.0,562.0
seller_1,p200,2023-06-09,1050.7595471698114,1099.99,546,0,0,4,9,6,534.0,610.0,619.0
seller_1,p200,2023-06-10,994.3103587443945,1099.99,523,0,1,5,10,6,546.0,617.0,597.0
seller_1,p200,2023-06-11,996.3759420289855,1099.99,650,0,1,6,11,6,523.0,661.0,595.0
seller_1,p200,2023-06-12,1048.7820146520146,1099.99,558,0,0,0,12,6,650.0,621.0,585.0
seller_1,p200,2023-06-13,1051.7630952380953,1099.99,542,0,0,1,13,6,558.0,487.0,658.0
seller_1,p200,2023-06-14,1050.2129818181818,1099.99,603,0,0,2,14,6,542.0,606.0,552.0
seller_1,p200,2023-06-15,1055.070932835821,1099.99,577,0,0,3,15,6,603.0,534.0,513.0
seller_1,p200,2023-06-16,1052.2470416666667,1099.99,522,0,0,4,16,6,577.0,546.0,509.0
seller_1,p200,2023-06-17,990.5144404332129,1099.99,656,0,1,5,17,6,522.0,523.0,457.0
seller_1,p200,2023-06-18,988.8459176029962,1099.99,617,0,1,6,18,6,656.0,650.0,551.0
seller_1,p200,2023-06-19,1051.4898872180452,1099.99,533,1,0,0,19,6,617.0,558.0,663.0
seller_1,p200,2023-06-20,1052.6882490272374,1099.99,552,0,0,1,20,6,533.0,542.0,621.0
seller_1,p200,2023-06-21,1051.9231818181818,1099.99,542,0,0,2,21,6,552.0,603.0,544.0
seller_1,p200,2023-06-22,1049.571462450593,1099.99,560,0,0,3,22,6,542.0,577.0,504.0
seller_1,p200,2023-06-23,1051.9686220472443,1099.99,523,0,0,4,23,6,560.0,522.0,568.0
