product-sale-prediction-AI/data/prepared_daily_sales.csv
seller_id,product_id,date,sale_price,original_price,quantity,is_holiday,is_weekend,day_of_week,day_of_month,month,lag_1,lag_7,lag_30
seller_1,p200,2023-06-24,988.0010000000001,1099.99,629,0,1,5,24,6,523.0,656.0,568.0
seller_1,p200,2023-06-25,931.6001030927836,1099.99,757,0,1,6,25,6,629.0,617.0,595.0
seller_1,p200,2023-06-26,996.2359375,1099.99,580,0,0,0,26,6,757.0,533.0,643.0
seller_1,p200,2023-06-27,999.439453125,1099.99,549,0,0,1,27,6,580.0,552.0,672.0
seller_1,p200,2023-06-28,1003.5079775280899,1099.99,609,0,0,2,28,6,549.0,542.0,613.0
seller_1,p200,2023-06-29,1001.3954940711462,1099.99,565,0,0,3,29,6,609.0,560.0,563.0
seller_1,p200,2023-06-30,1004.5348821548821,1099.99,696,0,0,4,30,6,565.0,523.0,660.0
seller_1,p200,2023-07-01,990.7226022304833,1099.99,644,0,1,5,1,7,696.0,629.0,562.0
seller_1,p200,2023-07-02,990.8921454545456,1099.99,673,0,1,6,2,7,644.0,757.0,610.0
seller_1,p200,2023-07-03,938.541067193676,1099.99,731,0,0,0,3,7,673.0,580.0,617.0
seller_1,p200,2023-07-04,937.8609049773756,1099.99,660,1,0,1,4,7,731.0,549.0,661.0
seller_1,p200,2023-07-05,931.5935510204082,1099.99,720,0,0,2,5,7,660.0,609.0,621.0
seller_1,p200,2023-07-06,1053.9016393442623,1099.99,523,0,0,3,6,7,720.0,565.0,487.0
seller_1,p200,2023-07-07,1049.1936444444445,1099.99,477,0,0,4,7,7,523.0,696.0,606.0
seller_1,p200,2023-07-08,988.9068702290076,1099.99,645,0,1,5,8,7,477.0,644.0,534.0
seller_1,p200,2023-07-09,992.6457894736842,1099.99,682,0,1,6,9,7,645.0,673.0,546.0
seller_1,p200,2023-07-10,1050.8724291497974,1099.99,503,0,0,0,10,7,682.0,731.0,523.0
seller_1,p200,2023-07-11,1047.0642160278746,1099.99,583,0,0,1,11,7,503.0,660.0,650.0
seller_1,p200,2023-07-12,1050.2109417040358,1099.99,438,0,0,2,12,7,583.0,720.0,558.0
seller_1,p200,2023-07-13,1054.9854744525549,1099.99,557,0,0,3,13,7,438.0,523.0,542.0
seller_1,p200,2023-07-14,1049.9844881889765,1099.99,532,0,0,4,14,7,557.0,477.0,603.0
seller_1,p200,2023-07-15,989.8640769230769,1099.99,655,0,1,5,15,7,532.0,645.0,577.0
seller_1,p200,2023-07-16,986.5335069444445,1099.99,684,0,1,6,16,7,655.0,682.0,522.0
seller_1,p200,2023-07-17,1055.1450757575758,1099.99,567,0,0,0,17,7,684.0,503.0,656.0
seller_1,p200,2023-07-18,1051.8261842105262,1099.99,491,0,0,1,18,7,567.0,583.0,617.0
seller_1,p200,2023-07-19,1051.362625,1099.99,498,0,0,2,19,7,491.0,438.0,533.0
seller_1,p200,2023-07-20,1053.94225,1099.99,505,0,0,3,20,7,498.0,557.0,552.0
seller_1,p200,2023-07-21,1052.7128294573643,1099.99,559,0,0,4,21,7,505.0,532.0,542.0
seller_1,p200,2023-07-22,991.7807823129251,1099.99,686,0,1,5,22,7,559.0,655.0,560.0
seller_1,p200,2023-07-23,995.0332684824903,1099.99,619,0,1,6,23,7,686.0,684.0,523.0
seller_1,p200,2023-07-24,1050.213244274809,1099.99,511,0,0,0,24,7,619.0,567.0,629.0
seller_1,p200,2023-07-25,996.1623245614036,1099.99,552,0,0,1,25,7,511.0,491.0,757.0
seller_1,p200,2023-07-26,1003.7687551867219,1099.99,531,0,0,2,26,7,552.0,498.0,580.0
seller_1,p200,2023-07-27,997.0449084249085,1099.99,601,0,0,3,27,7,531.0,505.0,549.0
seller_1,p200,2023-07-28,1004.9414801444043,1099.99,597,0,0,4,28,7,601.0,559.0,609.0
seller_1,p200,2023-07-29,939.0044827586207,1099.99,621,0,1,5,29,7,597.0,686.0,565.0
seller_1,p200,2023-07-30,936.2116605166052,1099.99,739,0,1,6,30,7,621.0,619.0,696.0
seller_1,p200,2023-07-31,996.8602996254682,1099.99,579,0,0,0,31,7,739.0,511.0,644.0
seller_1,p200,2023-08-01,1048.3981623931625,1099.99,545,0,0,1,1,8,579.0,552.0,673.0
seller_1,p200,2023-08-02,1049.3064388489208,1099.99,589,0,0,2,2,8,545.0,531.0,731.0
seller_1,p200,2023-08-03,1051.8638759689923,1099.99,549,0,0,3,3,8,589.0,601.0,660.0
seller_1,p200,2023-08-04,1053.38329588015,1099.99,559,0,0,4,4,8,549.0,597.0,720.0
seller_1,p200,2023-08-05,992.8674590163935,1099.99,588,0,1,5,5,8,559.0,621.0,523.0
seller_1,p200,2023-08-06,986.1159328358209,1099.99,672,0,1,6,6,8,588.0,739.0,477.0
seller_1,p200,2023-08-07,1054.5230000000001,1099.99,557,0,0,0,7,8,672.0,579.0,645.0
seller_1,p200,2023-08-08,1052.363976833977,1099.99,556,0,0,1,8,8,557.0,545.0,682.0
seller_1,p200,2023-08-09,1055.9943137254902,1099.99,490,0,0,2,9,8,556.0,589.0,503.0
seller_1,p200,2023-08-10,1054.000076335878,1099.99,537,0,0,3,10,8,490.0,549.0,583.0
seller_1,p200,2023-08-11,1055.1101612903226,1099.99,488,0,0,4,11,8,537.0,559.0,438.0
seller_1,p200,2023-08-12,992.6642348754449,1099.99,666,0,1,5,12,8,488.0,588.0,557.0
seller_1,p200,2023-08-13,988.7256826568265,1099.99,653,0,1,6,13,8,666.0,672.0,532.0
seller_1,p200,2023-08-14,1050.5506882591092,1099.99,492,0,0,0,14,8,653.0,557.0,655.0
seller_1,p200,2023-08-15,1051.408484848485,1099.99,535,0,0,1,15,8,492.0,556.0,684.0
seller_1,p200,2023-08-16,1049.848273381295,1099.99,580,0,0,2,16,8,535.0,490.0,567.0
seller_1,p200,2023-08-17,1052.151818181818,1099.99,506,0,0,3,17,8,580.0,537.0,491.0
seller_1,p200,2023-08-18,1050.3794936708862,1099.99,499,0,0,4,18,8,506.0,488.0,498.0
seller_1,p200,2023-08-19,988.4667527675276,1099.99,647,0,1,5,19,8,499.0,666.0,505.0
seller_1,p200,2023-08-20,993.75,1099.99,618,0,1,6,20,8,647.0,653.0,559.0
seller_1,p200,2023-08-21,1054.9381856540085,1099.99,456,0,0,0,21,8,618.0,492.0,686.0
seller_1,p200,2023-08-22,1051.0911594202898,1099.99,538,0,0,1,22,8,456.0,535.0,619.0
seller_1,p200,2023-08-23,1051.3073023255815,1099.99,439,0,0,2,23,8,538.0,580.0,511.0
seller_1,p200,2023-08-24,1053.8980859375,1099.99,541,0,0,3,24,8,439.0,506.0,552.0
seller_1,p200,2023-08-25,998.23,1099.99,590,0,0,4,25,8,541.0,499.0,531.0
seller_1,p200,2023-08-26,940.3611711711711,1099.99,572,0,1,5,26,8,590.0,647.0,601.0
seller_1,p200,2023-08-27,937.6911475409837,1099.99,614,0,1,6,27,8,572.0,618.0,597.0
seller_1,p200,2023-08-28,991.9933472803348,1099.99,540,0,0,0,28,8,614.0,456.0,621.0
seller_1,p200,2023-08-29,999.3209398496241,1099.99,595,0,0,1,29,8,540.0,538.0,739.0
seller_1,p200,2023-08-30,997.4542268041237,1099.99,665,0,0,2,30,8,595.0,439.0,579.0
seller_1,p200,2023-08-31,1002.9640243902439,1099.99,529,0,0,3,31,8,665.0,541.0,545.0
seller_1,p200,2023-09-01,1047.8304710144928,1099.99,594,0,0,4,1,9,529.0,590.0,589.0
seller_1,p200,2023-09-02,986.1515189873418,1099.99,575,0,1,5,2,9,594.0,572.0,549.0
seller_1,p200,2023-09-03,989.3485546875,1099.99,644,0,1,6,3,9,575.0,614.0,559.0
seller_1,p200,2023-09-04,1049.4244664031621,1099.99,562,1,0,0,4,9,644.0,540.0,588.0
seller_1,p200,2023-09-05,1053.2772950819672,1099.99,552,0,0,1,5,9,562.0,595.0,672.0
seller_1,p200,2023-09-06,1048.3997101449277,1099.99,543,0,0,2,6,9,552.0,665.0,557.0
seller_1,p200,2023-09-07,1051.317299270073,1099.99,580,0,0,3,7,9,543.0,529.0,556.0
seller_1,p200,2023-09-08,1052.5589552238805,1099.99,572,0,0,4,8,9,580.0,594.0,490.0
seller_1,p200,2023-09-09,991.2872016460906,1099.99,580,0,1,5,9,9,572.0,575.0,537.0
seller_1,p200,2023-09-10,990.8799259259259,1099.99,643,0,1,6,10,9,580.0,644.0,488.0
seller_1,p200,2023-09-11,1053.4523134328358,1099.99,518,0,0,0,11,9,643.0,562.0,666.0
seller_1,p200,2023-09-12,1051.3642124542125,1099.99,535,0,0,1,12,9,518.0,552.0,653.0
seller_1,p200,2023-09-13,1050.3326274509805,1099.99,548,0,0,2,13,9,535.0,543.0,492.0
seller_1,p200,2023-09-14,1047.0127586206897,1099.99,534,0,0,3,14,9,548.0,580.0,535.0
seller_1,p200,2023-09-15,1054.2870155038759,1099.99,534,0,0,4,15,9,534.0,572.0,580.0
seller_1,p200,2023-09-16,989.5842508710801,1099.99,693,0,1,5,16,9,534.0,580.0,506.0
seller_1,p200,2023-09-17,991.1190391459075,1099.99,661,0,1,6,17,9,693.0,643.0,499.0
seller_1,p200,2023-09-18,1048.357052238806,1099.99,586,0,0,0,18,9,661.0,518.0,647.0
seller_1,p200,2023-09-19,1057.1036781609196,1099.99,524,0,0,1,19,9,586.0,535.0,618.0
seller_1,p200,2023-09-20,1052.0655762081785,1099.99,541,0,0,2,20,9,524.0,548.0,456.0
seller_1,p200,2023-09-21,1052.3858203125,1099.99,514,0,0,3,21,9,541.0,534.0,538.0
seller_1,p200,2023-09-22,1056.3675619834712,1099.99,482,0,0,4,22,9,514.0,534.0,439.0
seller_1,p200,2023-09-23,985.0720512820512,1099.99,686,0,1,5,23,9,482.0,693.0,541.0
seller_1,p200,2023-09-24,987.5969696969697,1099.99,515,0,1,6,24,9,686.0,661.0,590.0
seller_1,p200,2023-09-25,999.8622968197881,1099.99,657,0,0,0,25,9,515.0,586.0,572.0
seller_1,p200,2023-09-26,1006.5319771863117,1099.99,589,0,0,1,26,9,657.0,524.0,614.0
seller_1,p200,2023-09-27,997.0471906354514,1099.99,710,0,0,2,27,9,589.0,541.0,540.0
seller_1,p200,2023-09-28,997.3229323308271,1099.99,616,0,0,3,28,9,710.0,514.0,595.0
seller_1,p200,2023-09-29,997.8675925925926,1099.99,608,0,0,4,29,9,616.0,482.0,665.0
seller_1,p200,2023-09-30,935.9115294117647,1099.99,694,0,1,5,30,9,608.0,686.0,529.0
seller_1,p200,2023-10-01,990.1347577092511,1099.99,585,0,1,6,1,10,694.0,515.0,594.0
seller_1,p200,2023-10-02,1052.3521875,1099.99,565,0,0,0,2,10,585.0,657.0,575.0
seller_1,p200,2023-10-03,1054.449540229885,1099.99,589,0,0,1,3,10,565.0,589.0,644.0
seller_1,p200,2023-10-04,1054.0850561797754,1099.99,572,0,0,2,4,10,589.0,710.0,562.0
seller_1,p200,2023-10-05,1050.5633070866143,1099.99,532,0,0,3,5,10,572.0,616.0,552.0
seller_1,p200,2023-10-06,1051.916023622047,1099.99,553,0,0,4,6,10,532.0,608.0,543.0
seller_1,p200,2023-10-07,986.4630795847752,1099.99,715,0,1,5,7,10,553.0,694.0,580.0
seller_1,p200,2023-10-08,991.2973279352227,1099.99,574,0,1,6,8,10,715.0,585.0,572.0
seller_1,p200,2023-10-09,1050.8792335766423,1099.99,567,1,0,0,9,10,574.0,565.0,580.0
seller_1,p200,2023-10-10,1049.793536121673,1099.99,532,0,0,1,10,10,567.0,589.0,643.0
seller_1,p200,2023-10-11,1054.865182186235,1099.99,534,0,0,2,11,10,532.0,572.0,518.0
seller_1,p200,2023-10-12,1053.4067253521127,1099.99,610,0,0,3,12,10,534.0,532.0,535.0
seller_1,p200,2023-10-13,1054.6768220338984,1099.99,500,0,0,4,13,10,610.0,553.0,548.0
seller_1,p200,2023-10-14,994.5111235955055,1099.99,660,0,1,5,14,10,500.0,715.0,534.0
seller_1,p200,2023-10-15,993.3360743801652,1099.99,582,0,1,6,15,10,660.0,574.0,534.0
seller_1,p200,2023-10-16,1055.8179133858268,1099.99,538,0,0,0,16,10,582.0,567.0,693.0
seller_1,p200,2023-10-17,1051.2229831932773,1099.99,481,0,0,1,17,10,538.0,532.0,661.0
seller_1,p200,2023-10-18,1049.4447037037037,1099.99,564,0,0,2,18,10,481.0,534.0,586.0
seller_1,p200,2023-10-19,1050.2775094339622,1099.99,538,0,0,3,19,10,564.0,610.0,524.0
seller_1,p200,2023-10-20,1054.5685658914729,1099.99,556,0,0,4,20,10,538.0,500.0,541.0
seller_1,p200,2023-10-21,995.2118503937007,1099.99,605,0,1,5,21,10,556.0,660.0,514.0
seller_1,p200,2023-10-22,988.7068965517242,1099.99,636,0,1,6,22,10,605.0,582.0,482.0
seller_1,p200,2023-10-23,1046.6374427480916,1099.99,554,0,0,0,23,10,636.0,538.0,686.0
seller_1,p200,2023-10-24,1055.143956043956,1099.99,581,0,0,1,24,10,554.0,481.0,515.0
seller_1,p200,2023-10-25,1003.6586415094339,1099.99,606,0,0,2,25,10,581.0,564.0,657.0
seller_1,p200,2023-10-26,997.414362934363,1099.99,600,0,0,3,26,10,606.0,538.0,589.0
seller_1,p200,2023-10-27,998.6122761194031,1099.99,626,0,0,4,27,10,600.0,556.0,710.0
seller_1,p200,2023-10-28,937.5944787644788,1099.99,680,0,1,5,28,10,626.0,605.0,616.0
seller_1,p200,2023-10-29,938.2756640625,1099.99,654,0,1,6,29,10,680.0,636.0,608.0
seller_1,p200,2023-10-30,897.9393950177936,1099.99,846,0,0,0,30,10,654.0,554.0,694.0
seller_1,p200,2023-10-31,898.883037542662,1099.99,879,0,0,1,31,10,846.0,581.0,585.0
seller_1,p200,2023-11-01,935.6398909090909,1099.99,892,0,0,2,1,11,879.0,606.0,565.0
seller_1,p200,2023-11-02,1052.1292217898833,1099.99,627,0,0,3,2,11,892.0,600.0,589.0
seller_1,p200,2023-11-03,1050.6813028169013,1099.99,713,0,0,4,3,11,627.0,626.0,572.0
seller_1,p200,2023-11-04,987.6878008298755,1099.99,699,0,1,5,4,11,713.0,680.0,532.0
seller_1,p200,2023-11-05,985.1396680497926,1099.99,659,0,1,6,5,11,699.0,654.0,553.0
seller_1,p200,2023-11-06,1053.1686594202897,1099.99,673,0,0,0,6,11,659.0,846.0,715.0
seller_1,p200,2023-11-07,1049.5293004115226,1099.99,552,0,0,1,7,11,673.0,879.0,574.0
seller_1,p200,2023-11-08,1051.5681132075472,1099.99,614,0,0,2,8,11,552.0,892.0,567.0
seller_1,p200,2023-11-09,1050.8465725806452,1099.99,560,0,0,3,9,11,614.0,627.0,532.0
seller_1,p200,2023-11-10,1054.56216,1099.99,580,1,0,4,10,11,560.0,713.0,534.0
seller_1,p200,2023-11-11,990.6767434210526,1099.99,814,0,1,5,11,11,580.0,699.0,610.0
seller_1,p200,2023-11-12,992.8692164179105,1099.99,740,0,1,6,12,11,814.0,659.0,500.0
seller_1,p200,2023-11-13,1046.2632196969696,1099.99,632,0,0,0,13,11,740.0,673.0,660.0
seller_1,p200,2023-11-14,1048.9626938775511,1099.99,547,0,0,1,14,11,632.0,552.0,582.0
seller_1,p200,2023-11-15,1054.3773333333334,1099.99,542,0,0,2,15,11,547.0,614.0,538.0
seller_1,p200,2023-11-16,1049.055634920635,1099.99,594,0,0,3,16,11,542.0,560.0,481.0
seller_1,p200,2023-11-17,1054.25,1099.99,573,0,0,4,17,11,594.0,580.0,564.0
seller_1,p200,2023-11-18,991.0578113207547,1099.99,679,0,1,5,18,11,573.0,814.0,538.0
seller_1,p200,2023-11-19,989.6993971631205,1099.99,754,0,1,6,19,11,679.0,740.0,556.0
seller_1,p200,2023-11-20,1051.382140077821,1099.99,602,0,0,0,20,11,754.0,632.0,605.0
seller_1,p200,2023-11-21,1050.8533716475094,1099.99,588,0,0,1,21,11,602.0,547.0,636.0
seller_1,p200,2023-11-22,933.7073251028806,1099.99,753,0,0,2,22,11,588.0,542.0,554.0
seller_1,p200,2023-11-23,935.97275,1099.99,741,1,0,3,23,11,753.0,594.0,581.0
seller_1,p200,2023-11-24,933.0651127819549,1099.99,839,0,0,4,24,11,741.0,573.0,606.0
seller_1,p200,2023-11-25,936.4708910891089,1099.99,944,0,1,5,25,11,839.0,679.0,600.0
seller_1,p200,2023-11-26,936.2449411764705,1099.99,748,0,1,6,26,11,944.0,754.0,626.0
seller_1,p200,2023-11-27,1002.427566539924,1099.99,687,0,0,0,27,11,748.0,602.0,680.0
seller_1,p200,2023-11-28,997.7979919678716,1099.99,652,0,0,1,28,11,687.0,588.0,654.0
seller_1,p200,2023-11-29,994.478,1099.99,590,0,0,2,29,11,652.0,753.0,846.0
seller_1,p200,2023-11-30,998.3462825278812,1099.99,718,0,0,3,30,11,590.0,741.0,879.0
seller_1,p200,2023-12-01,1047.574296875,1099.99,570,0,0,4,1,12,718.0,839.0,892.0
seller_1,p200,2023-12-02,989.315938697318,1099.99,706,0,1,5,2,12,570.0,944.0,627.0
seller_1,p200,2023-12-03,989.9381578947368,1099.99,751,0,1,6,3,12,706.0,748.0,713.0
seller_1,p200,2023-12-04,1053.9147014925375,1099.99,644,0,0,0,4,12,751.0,687.0,699.0
seller_1,p200,2023-12-05,1054.526446886447,1099.99,614,0,0,1,5,12,644.0,652.0,659.0
seller_1,p200,2023-12-06,1051.8356428571428,1099.99,660,0,0,2,6,12,614.0,590.0,673.0
seller_1,p200,2023-12-07,1052.0843295019158,1099.99,588,0,0,3,7,12,660.0,718.0,552.0
seller_1,p200,2023-12-08,1051.135325670498,1099.99,585,0,0,4,8,12,588.0,570.0,614.0
seller_1,p200,2023-12-09,990.1769879518073,1099.99,666,0,1,5,9,12,585.0,706.0,560.0
seller_1,p200,2023-12-10,991.9241635687731,1099.99,746,0,1,6,10,12,666.0,751.0,580.0
seller_1,p200,2023-12-11,1051.1049466192171,1099.99,670,0,0,0,11,12,746.0,644.0,814.0
seller_1,p200,2023-12-12,1046.3695384615385,1099.99,581,0,0,1,12,12,670.0,614.0,740.0
seller_1,p200,2023-12-13,1050.3949785407726,1099.99,502,0,0,2,13,12,581.0,660.0,632.0
seller_1,p200,2023-12-14,1055.660200803213,1099.99,542,0,0,3,14,12,502.0,588.0,547.0
seller_1,p200,2023-12-15,1052.1433333333332,1099.99,598,0,0,4,15,12,542.0,585.0,542.0
seller_1,p200,2023-12-16,989.928523206751,1099.99,624,0,1,5,16,12,598.0,666.0,594.0
seller_1,p200,2023-12-17,994.940968992248,1099.99,700,0,1,6,17,12,624.0,746.0,573.0
seller_1,p200,2023-12-18,1048.0988932806324,1099.99,571,0,0,0,18,12,700.0,670.0,679.0
seller_1,p200,2023-12-19,1051.52996,1099.99,610,0,0,1,19,12,571.0,581.0,754.0
seller_1,p200,2023-12-20,1048.789375,1099.99,602,0,0,2,20,12,610.0,502.0,602.0
seller_1,p200,2023-12-21,1050.9081850533807,1099.99,646,0,0,3,21,12,602.0,542.0,588.0
seller_1,p200,2023-12-22,1045.9656826568266,1099.99,663,0,0,4,22,12,646.0,598.0,753.0
seller_1,p200,2023-12-23,989.872042253521,1099.99,801,0,1,5,23,12,663.0,624.0,741.0
seller_1,p200,2023-12-24,937.9767300380229,1099.99,855,0,1,6,24,12,801.0,700.0,839.0
seller_1,p200,2023-12-25,894.9987890625,1099.99,851,1,0,0,25,12,855.0,571.0,944.0
seller_1,p200,2023-12-26,894.6848301886793,1099.99,847,0,0,1,26,12,851.0,610.0,748.0
seller_1,p200,2023-12-27,1001.7185877862596,1099.99,682,0,0,2,27,12,847.0,602.0,687.0
seller_1,p200,2023-12-28,1005.9939423076922,1099.99,753,0,0,3,28,12,682.0,646.0,652.0
seller_1,p200,2023-12-29,995.2773285198556,1099.99,709,0,0,4,29,12,753.0,663.0,590.0
seller_1,p200,2023-12-30,932.220234375,1099.99,742,0,1,5,30,12,709.0,801.0,718.0
seller_1,p200,2023-12-31,896.9559836065574,1099.99,840,0,1,6,31,12,742.0,855.0,570.0
seller_1,p200,2024-01-01,931.8104270462634,1099.99,818,1,0,0,1,1,840.0,851.0,706.0
seller_1,p200,2024-01-02,932.679925093633,1099.99,773,0,0,1,2,1,818.0,847.0,751.0
seller_1,p200,2024-01-03,1050.8375746268655,1099.99,559,0,0,2,3,1,773.0,682.0,644.0
seller_1,p200,2024-01-04,1050.555,1099.99,529,0,0,3,4,1,559.0,753.0,614.0
seller_1,p200,2024-01-05,1051.3368482490273,1099.99,550,0,0,4,5,1,529.0,709.0,660.0
seller_1,p200,2024-01-06,992.0128947368421,1099.99,634,0,1,5,6,1,550.0,742.0,588.0
seller_1,p200,2024-01-07,991.5122362869198,1099.99,558,0,1,6,7,1,634.0,840.0,585.0
seller_1,p200,2024-01-08,1050.9585227272728,1099.99,542,0,0,0,8,1,558.0,818.0,666.0
seller_1,p200,2024-01-09,1052.284214559387,1099.99,555,0,0,1,9,1,542.0,773.0,746.0
seller_1,p200,2024-01-10,1053.8939591836734,1099.99,482,0,0,2,10,1,555.0,559.0,670.0
seller_1,p200,2024-01-11,1053.0330991735539,1099.99,533,0,0,3,11,1,482.0,529.0,581.0
seller_1,p200,2024-01-12,1053.938806584362,1099.99,472,0,0,4,12,1,533.0,550.0,502.0
seller_1,p200,2024-01-13,989.8875294117647,1099.99,631,0,1,5,13,1,472.0,634.0,542.0
seller_1,p200,2024-01-14,989.3729999999999,1099.99,504,0,1,6,14,1,631.0,558.0,598.0
seller_1,p200,2024-01-15,1048.6759574468085,1099.99,604,1,0,0,15,1,504.0,542.0,624.0
seller_1,p200,2024-01-16,1048.7949637681158,1099.99,580,0,0,1,16,1,604.0,555.0,700.0
seller_1,p200,2024-01-17,1058.4167164179105,1099.99,533,0,0,2,17,1,580.0,482.0,571.0
seller_1,p200,2024-01-18,1048.6996356275304,1099.99,509,0,0,3,18,1,533.0,533.0,610.0
seller_1,p200,2024-01-19,1050.095634920635,1099.99,493,0,0,4,19,1,509.0,472.0,602.0
seller_1,p200,2024-01-20,990.7667588932806,1099.99,599,0,1,5,20,1,493.0,631.0,646.0
seller_1,p200,2024-01-21,991.201825095057,1099.99,594,0,1,6,21,1,599.0,504.0,663.0
