product-sale-prediction-AI/data/prepared_daily_sales.csv
seller_id,product_id,date,sale_price,original_price,quantity,is_holiday,is_weekend,day_of_week,day_of_month,month,lag_1,lag_7,lag_30
seller_1,p200,2024-01-22,1049.846109090909,1099.99,581,0,0,0,22,1,594.0,604.0,801.0
seller_1,p200,2024-01-23,1050.4415537848606,1099.99,541,0,0,1,23,1,581.0,580.0,855.0
seller_1,p200,2024-01-24,1052.7811152416357,1099.99,553,0,0,2,24,1,541.0,533.0,851.0
seller_1,p200,2024-01-25,993.7749790794979,1099.99,522,0,0,3,25,1,553.0,509.0,847.0
seller_1,p200,2024-01-26,990.281976284585,1099.99,576,0,0,4,26,1,522.0,493.0,682.0
seller_1,p200,2024-01-27,932.6746062992127,1099.99,640,0,1,5,27,1,576.0,599.0,753.0
seller_1,p200,2024-01-28,940.4270416666666,1099.99,633,0,1,6,28,1,640.0,594.0,709.0
seller_1,p200,2024-01-29,996.0938864628821,1099.99,520,0,0,0,29,1,633.0,581.0,742.0
seller_1,p200,2024-01-30,999.8099613899614,1099.99,610,0,0,1,30,1,520.0,541.0,840.0
seller_1,p200,2024-01-31,995.6310196078432,1099.99,558,0,0,2,31,1,610.0,553.0,818.0
seller_1,p200,2024-02-01,1049.560303030303,1099.99,559,0,0,3,1,2,558.0,522.0,773.0
seller_1,p200,2024-02-02,1048.7735907335907,1099.99,598,0,0,4,2,2,559.0,576.0,559.0
seller_1,p200,2024-02-03,990.307561983471,1099.99,599,0,1,5,3,2,598.0,640.0,529.0
seller_1,p200,2024-02-04,985.4586428571428,1099.99,692,0,1,6,4,2,599.0,633.0,550.0
seller_1,p200,2024-02-05,1052.4007251908397,1099.99,544,0,0,0,5,2,692.0,520.0,634.0
seller_1,p200,2024-02-06,1051.2658695652174,1099.99,497,0,0,1,6,2,544.0,610.0,558.0
seller_1,p200,2024-02-07,1051.91861003861,1099.99,535,0,0,2,7,2,497.0,558.0,542.0
seller_1,p200,2024-02-08,1053.5405,1099.99,486,0,0,3,8,2,535.0,559.0,555.0
seller_1,p200,2024-02-09,1049.0773234200742,1099.99,518,0,0,4,9,2,486.0,598.0,482.0
seller_1,p200,2024-02-10,993.0504201680673,1099.99,561,0,1,5,10,2,518.0,599.0,533.0
seller_1,p200,2024-02-11,987.8215226337448,1099.99,579,0,1,6,11,2,561.0,692.0,472.0
seller_1,p200,2024-02-12,1051.0246694214877,1099.99,492,0,0,0,12,2,579.0,544.0,631.0
seller_1,p200,2024-02-13,936.9189864864866,1099.99,814,0,0,1,13,2,492.0,497.0,504.0
seller_1,p200,2024-02-14,934.0932203389831,1099.99,670,0,0,2,14,2,814.0,535.0,604.0
seller_1,p200,2024-02-15,933.4529553264605,1099.99,840,0,0,3,15,2,670.0,486.0,580.0
seller_1,p200,2024-02-16,1052.7722108843539,1099.99,640,0,0,4,16,2,840.0,518.0,533.0
seller_1,p200,2024-02-17,994.3375373134329,1099.99,648,0,1,5,17,2,640.0,561.0,509.0
seller_1,p200,2024-02-18,986.5021754385965,1099.99,708,0,1,6,18,2,648.0,579.0,493.0
seller_1,p200,2024-02-19,1047.9392619926198,1099.99,556,1,0,0,19,2,708.0,492.0,599.0
seller_1,p200,2024-02-20,1053.4895884773662,1099.99,487,0,0,1,20,2,556.0,814.0,594.0
seller_1,p200,2024-02-21,1050.026480836237,1099.99,595,0,0,2,21,2,487.0,670.0,581.0
seller_1,p200,2024-02-22,1050.789537366548,1099.99,574,0,0,3,22,2,595.0,840.0,541.0
seller_1,p200,2024-02-23,1051.2082790697675,1099.99,475,0,0,4,23,2,574.0,640.0,553.0
seller_1,p200,2024-02-24,988.536340425532,1099.99,591,0,1,5,24,2,475.0,648.0,522.0
seller_1,p200,2024-02-25,939.2165991902834,1099.99,594,0,1,6,25,2,591.0,708.0,576.0
seller_1,p200,2024-02-26,995.319347826087,1099.99,669,0,0,0,26,2,594.0,556.0,640.0
seller_1,p200,2024-02-27,997.8228571428572,1099.99,653,0,0,1,27,2,669.0,487.0,633.0
seller_1,p200,2024-02-28,995.9230078125,1099.99,589,0,0,2,28,2,653.0,595.0,520.0
seller_1,p200,2024-02-29,996.2328846153846,1099.99,601,0,0,3,29,2,589.0,574.0,610.0
seller_1,p200,2024-03-01,1049.368395522388,1099.99,591,0,0,4,1,3,601.0,475.0,558.0
seller_1,p200,2024-03-02,989.2975563909775,1099.99,629,0,1,5,2,3,591.0,591.0,559.0
seller_1,p200,2024-03-03,991.8460869565217,1099.99,572,0,1,6,3,3,629.0,594.0,598.0
seller_1,p200,2024-03-04,1051.5759073359072,1099.99,581,0,0,0,4,3,572.0,669.0,599.0
seller_1,p200,2024-03-05,1051.771649484536,1099.99,621,0,0,1,5,3,581.0,653.0,692.0
seller_1,p200,2024-03-06,1054.397971014493,1099.99,583,0,0,2,6,3,621.0,589.0,544.0
seller_1,p200,2024-03-07,1048.9991397849462,1099.99,531,0,0,3,7,3,583.0,601.0,497.0
seller_1,p200,2024-03-08,1050.8183038869258,1099.99,577,0,0,4,8,3,531.0,591.0,535.0
seller_1,p200,2024-03-09,990.6352985074627,1099.99,616,0,1,5,9,3,577.0,629.0,486.0
seller_1,p200,2024-03-10,991.7663405797102,1099.99,678,0,1,6,10,3,616.0,572.0,518.0
seller_1,p200,2024-03-11,1050.7770106761566,1099.99,589,0,0,0,11,3,678.0,581.0,561.0
seller_1,p200,2024-03-12,1051.3829032258063,1099.99,527,0,0,1,12,3,589.0,621.0,579.0
seller_1,p200,2024-03-13,1051.3361089494163,1099.99,529,0,0,2,13,3,527.0,583.0,492.0
seller_1,p200,2024-03-14,1047.7715936254979,1099.99,499,0,0,3,14,3,529.0,531.0,814.0
seller_1,p200,2024-03-15,1049.0235272727273,1099.99,547,0,0,4,15,3,499.0,577.0,670.0
seller_1,p200,2024-03-16,991.4345348837209,1099.99,632,0,1,5,16,3,547.0,616.0,840.0
seller_1,p200,2024-03-17,991.619044117647,1099.99,651,0,1,6,17,3,632.0,678.0,640.0
seller_1,p200,2024-03-18,1054.6531679389313,1099.99,534,0,0,0,18,3,651.0,589.0,648.0
seller_1,p200,2024-03-19,1050.1824444444444,1099.99,574,0,0,1,19,3,534.0,527.0,708.0
seller_1,p200,2024-03-20,1049.2077697841728,1099.99,588,0,0,2,20,3,574.0,529.0,556.0
seller_1,p200,2024-03-21,1052.0521487603305,1099.99,516,0,0,3,21,3,588.0,499.0,487.0
seller_1,p200,2024-03-22,1052.6601984126985,1099.99,542,0,0,4,22,3,516.0,547.0,595.0
seller_1,p200,2024-03-23,991.7064905660376,1099.99,623,0,1,5,23,3,542.0,632.0,574.0
seller_1,p200,2024-03-24,990.0109230769231,1099.99,605,0,1,6,24,3,623.0,651.0,475.0
seller_1,p200,2024-03-25,999.1379757085019,1099.99,545,0,0,0,25,3,605.0,534.0,591.0
seller_1,p200,2024-03-26,998.7768548387097,1099.99,541,0,0,1,26,3,545.0,574.0,594.0
seller_1,p200,2024-03-27,1000.7304014598541,1099.99,611,0,0,2,27,3,541.0,588.0,669.0
seller_1,p200,2024-03-28,1002.8433333333332,1099.99,554,0,0,3,28,3,611.0,516.0,653.0
seller_1,p200,2024-03-29,1001.1973161764705,1099.99,596,0,0,4,29,3,554.0,542.0,589.0
seller_1,p200,2024-03-30,938.2879230769231,1099.99,680,0,1,5,30,3,596.0,623.0,601.0
seller_1,p200,2024-03-31,937.4429249011857,1099.99,711,0,1,6,31,3,680.0,605.0,591.0
seller_1,p200,2024-04-01,1055.8564347826086,1099.99,498,0,0,0,1,4,711.0,545.0,629.0
seller_1,p200,2024-04-02,1049.9183566433567,1099.99,609,0,0,1,2,4,498.0,541.0,572.0
seller_1,p200,2024-04-03,1049.80492248062,1099.99,568,0,0,2,3,4,609.0,611.0,581.0
seller_1,p200,2024-04-04,1049.8444491525424,1099.99,488,0,0,3,4,4,568.0,554.0,621.0
seller_1,p200,2024-04-05,1051.372064777328,1099.99,536,0,0,4,5,4,488.0,596.0,583.0
seller_1,p200,2024-04-06,994.1125660377359,1099.99,645,0,1,5,6,4,536.0,680.0,531.0
seller_1,p200,2024-04-07,990.0368181818183,1099.99,575,0,1,6,7,4,645.0,711.0,577.0
seller_1,p200,2024-04-08,1048.6521285140561,1099.99,510,0,0,0,8,4,575.0,498.0,616.0
seller_1,p200,2024-04-09,1049.986163265306,1099.99,513,0,0,1,9,4,510.0,609.0,678.0
seller_1,p200,2024-04-10,1052.63673992674,1099.99,584,0,0,2,10,4,513.0,568.0,589.0
seller_1,p200,2024-04-11,1058.122775665399,1099.99,528,0,0,3,11,4,584.0,488.0,527.0
seller_1,p200,2024-04-12,1053.038046875,1099.99,487,0,0,4,12,4,528.0,536.0,529.0
seller_1,p200,2024-04-13,987.0274315068493,1099.99,682,0,1,5,13,4,487.0,645.0,499.0
seller_1,p200,2024-04-14,987.0027380952381,1099.99,604,0,1,6,14,4,682.0,575.0,547.0
seller_1,p200,2024-04-15,1050.2143243243243,1099.99,536,0,0,0,15,4,604.0,510.0,632.0
seller_1,p200,2024-04-16,1049.6635023041474,1099.99,471,0,0,1,16,4,536.0,513.0,651.0
seller_1,p200,2024-04-17,1051.9996313364056,1099.99,472,0,0,2,17,4,471.0,584.0,534.0
seller_1,p200,2024-04-18,1045.5393442622951,1099.99,516,0,0,3,18,4,472.0,528.0,574.0
seller_1,p200,2024-04-19,1050.5452016129032,1099.99,505,0,0,4,19,4,516.0,487.0,588.0
seller_1,p200,2024-04-20,992.3122021660649,1099.99,662,0,1,5,20,4,505.0,682.0,516.0
seller_1,p200,2024-04-21,991.9415699658704,1099.99,682,0,1,6,21,4,662.0,604.0,542.0
seller_1,p200,2024-04-22,1055.352765151515,1099.99,566,0,0,0,22,4,682.0,536.0,623.0
seller_1,p200,2024-04-23,1051.427659574468,1099.99,532,0,0,1,23,4,566.0,471.0,605.0
seller_1,p200,2024-04-24,1050.3997269624574,1099.99,582,0,0,2,24,4,532.0,472.0,545.0
seller_1,p200,2024-04-25,999.9455430711612,1099.99,615,0,0,3,25,4,582.0,516.0,541.0
seller_1,p200,2024-04-26,993.5244444444444,1099.99,473,0,0,4,26,4,615.0,505.0,611.0
seller_1,p200,2024-04-27,938.804435483871,1099.99,653,0,1,5,27,4,473.0,662.0,554.0
seller_1,p200,2024-04-28,937.6243018867924,1099.99,696,0,1,6,28,4,653.0,682.0,596.0
seller_1,p200,2024-04-29,998.7769803921569,1099.99,574,0,0,0,29,4,696.0,566.0,680.0
seller_1,p200,2024-04-30,996.1781785714286,1099.99,661,0,0,1,30,4,574.0,532.0,711.0
seller_1,p200,2024-05-01,1047.1011453744493,1099.99,485,0,0,2,1,5,661.0,582.0,498.0
seller_1,p200,2024-05-02,1052.826371681416,1099.99,498,0,0,3,2,5,485.0,615.0,609.0
seller_1,p200,2024-05-03,1051.3265384615386,1099.99,582,0,0,4,3,5,498.0,473.0,568.0
seller_1,p200,2024-05-04,990.131514084507,1099.99,688,0,1,5,4,5,582.0,653.0,488.0
seller_1,p200,2024-05-05,992.6583467741935,1099.99,599,0,1,6,5,5,688.0,696.0,536.0
seller_1,p200,2024-05-06,1049.4998400000002,1099.99,490,0,0,0,6,5,599.0,574.0,645.0
seller_1,p200,2024-05-07,1048.4677385159011,1099.99,612,0,0,1,7,5,490.0,661.0,575.0
seller_1,p200,2024-05-08,1049.5960278745645,1099.99,620,0,0,2,8,5,612.0,485.0,510.0
seller_1,p200,2024-05-09,1051.9632156862745,1099.99,511,0,0,3,9,5,620.0,498.0,513.0
seller_1,p200,2024-05-10,1047.8367896678967,1099.99,587,0,0,4,10,5,511.0,582.0,584.0
seller_1,p200,2024-05-11,992.3844401544402,1099.99,634,0,1,5,11,5,587.0,688.0,528.0
seller_1,p200,2024-05-12,989.6226148409894,1099.99,689,0,1,6,12,5,634.0,599.0,487.0
seller_1,p200,2024-05-13,1053.2412550607287,1099.99,509,0,0,0,13,5,689.0,490.0,682.0
seller_1,p200,2024-05-14,1052.2163475177306,1099.99,555,0,0,1,14,5,509.0,612.0,604.0
seller_1,p200,2024-05-15,1051.83325,1099.99,526,0,0,2,15,5,555.0,620.0,536.0
seller_1,p200,2024-05-16,1048.153,1099.99,583,0,0,3,16,5,526.0,511.0,471.0
seller_1,p200,2024-05-17,1052.7861153846154,1099.99,525,0,0,4,17,5,583.0,587.0,472.0
seller_1,p200,2024-05-18,992.2167286245352,1099.99,681,0,1,5,18,5,525.0,634.0,516.0
seller_1,p200,2024-05-19,986.9977695167287,1099.99,696,0,1,6,19,5,681.0,689.0,505.0
seller_1,p200,2024-05-20,1051.0169491525423,1099.99,505,0,0,0,20,5,696.0,509.0,662.0
seller_1,p200,2024-05-21,1050.2647014925374,1099.99,542,0,0,1,21,5,505.0,555.0,682.0
seller_1,p200,2024-05-22,1055.1599610894941,1099.99,503,0,0,2,22,5,542.0,526.0,566.0
seller_1,p200,2024-05-23,1049.6662903225806,1099.99,526,0,0,3,23,5,503.0,583.0,532.0
seller_1,p200,2024-05-24,1047.28,1099.99,606,0,0,4,24,5,526.0,525.0,582.0
seller_1,p200,2024-05-25,937.375444015444,1099.99,636,0,1,5,25,5,606.0,681.0,615.0
seller_1,p200,2024-05-26,934.6403174603174,1099.99,673,0,1,6,26,5,636.0,696.0,473.0
seller_1,p200,2024-05-27,999.3817269076304,1099.99,560,1,0,0,27,5,673.0,505.0,653.0
seller_1,p200,2024-05-28,995.6937109375,1099.99,615,0,0,1,28,5,560.0,542.0,696.0
seller_1,p200,2024-05-29,999.3226428571429,1099.99,614,0,0,2,29,5,615.0,503.0,574.0
seller_1,p200,2024-05-30,1005.0823456790124,1099.99,558,0,0,3,30,5,614.0,526.0,661.0
seller_1,p200,2024-05-31,1001.6646666666667,1099.99,531,0,0,4,31,5,558.0,606.0,485.0
seller_1,p200,2024-06-01,990.9426382978723,1099.99,590,0,1,5,1,6,531.0,636.0,498.0
seller_1,p200,2024-06-02,990.0737735849057,1099.99,632,0,1,6,2,6,590.0,673.0,582.0
seller_1,p200,2024-06-03,1048.5118505338078,1099.99,603,0,0,0,3,6,632.0,560.0,688.0
seller_1,p200,2024-06-04,1048.7208050847457,1099.99,481,0,0,1,4,6,603.0,615.0,599.0
seller_1,p200,2024-06-05,1051.0808396946566,1099.99,548,0,0,2,5,6,481.0,614.0,490.0
seller_1,p200,2024-06-06,1054.7802510460251,1099.99,541,0,0,3,6,6,548.0,558.0,612.0
seller_1,p200,2024-06-07,1049.1278571428572,1099.99,522,0,0,4,7,6,541.0,531.0,620.0
seller_1,p200,2024-06-08,992.5318297872341,1099.99,535,0,1,5,8,6,522.0,590.0,511.0
seller_1,p200,2024-06-09,991.8742682926829,1099.99,564,0,1,6,9,6,535.0,632.0,587.0
seller_1,p200,2024-06-10,1047.5714498141263,1099.99,542,0,0,0,10,6,564.0,603.0,634.0
seller_1,p200,2024-06-11,1052.1776494023904,1099.99,514,0,0,1,11,6,542.0,481.0,689.0
seller_1,p200,2024-06-12,1052.06328125,1099.99,501,0,0,2,12,6,514.0,548.0,509.0
seller_1,p200,2024-06-13,1050.6284,1099.99,616,0,0,3,13,6,501.0,541.0,555.0
seller_1,p200,2024-06-14,1048.714,1099.99,547,0,0,4,14,6,616.0,522.0,526.0
seller_1,p200,2024-06-15,989.0965055762083,1099.99,618,0,1,5,15,6,547.0,535.0,583.0
seller_1,p200,2024-06-16,988.0839669421488,1099.99,581,0,1,6,16,6,618.0,564.0,525.0
seller_1,p200,2024-06-17,1049.9374725274724,1099.99,570,0,0,0,17,6,581.0,542.0,681.0
seller_1,p200,2024-06-18,1048.111577060932,1099.99,576,0,0,1,18,6,570.0,514.0,696.0
seller_1,p200,2024-06-19,1050.3278076923077,1099.99,519,1,0,2,19,6,576.0,501.0,505.0
seller_1,p200,2024-06-20,1050.3692653061225,1099.99,478,0,0,3,20,6,519.0,616.0,542.0
seller_1,p200,2024-06-21,1052.1529109589042,1099.99,599,0,0,4,21,6,478.0,547.0,503.0
seller_1,p200,2024-06-22,991.5089516129033,1099.99,591,0,1,5,22,6,599.0,618.0,526.0
seller_1,p200,2024-06-23,990.4112068965517,1099.99,537,0,1,6,23,6,591.0,581.0,606.0
seller_1,p200,2024-06-24,1052.092062937063,1099.99,572,0,0,0,24,6,537.0,570.0,636.0
seller_1,p200,2024-06-25,1001.58359375,1099.99,629,0,0,1,25,6,572.0,576.0,673.0
seller_1,p200,2024-06-26,995.0342687747036,1099.99,547,0,0,2,26,6,629.0,519.0,560.0
seller_1,p200,2024-06-27,1007.3965853658536,1099.99,551,0,0,3,27,6,547.0,478.0,615.0
seller_1,p200,2024-06-28,995.3793155893536,1099.99,660,0,0,4,28,6,551.0,599.0,614.0
seller_1,p200,2024-06-29,938.7927586206897,1099.99,668,0,1,5,29,6,660.0,591.0,558.0
seller_1,p200,2024-06-30,939.3215720524018,1099.99,595,0,1,6,30,6,668.0,537.0,531.0
seller_1,p200,2024-07-01,1052.6151612903227,1099.99,613,0,0,0,1,7,595.0,572.0,590.0
seller_1,p200,2024-07-02,1050.3267063492065,1099.99,530,0,0,1,2,7,613.0,629.0,632.0
seller_1,p200,2024-07-03,933.84336,1099.99,704,0,0,2,3,7,530.0,547.0,603.0
seller_1,p200,2024-07-04,940.0540562248996,1099.99,712,1,0,3,4,7,704.0,551.0,481.0
seller_1,p200,2024-07-05,936.855243902439,1099.99,708,0,0,4,5,7,712.0,660.0,548.0
seller_1,p200,2024-07-06,991.076380597015,1099.99,645,0,1,5,6,7,708.0,668.0,541.0
seller_1,p200,2024-07-07,987.7526765799255,1099.99,696,0,1,6,7,7,645.0,595.0,522.0
seller_1,p200,2024-07-08,1054.4157761732852,1099.99,552,0,0,0,8,7,696.0,613.0,535.0
seller_1,p200,2024-07-09,1050.23,1099.99,572,0,0,1,9,7,552.0,530.0,564.0
seller_1,p200,2024-07-10,1053.0844912280702,1099.99,611,0,0,2,10,7,572.0,704.0,542.0
seller_1,p200,2024-07-11,1050.5792444444444,1099.99,486,0,0,3,11,7,611.0,712.0,514.0
seller_1,p200,2024-07-12,1048.6813524590164,1099.99,494,0,0,4,12,7,486.0,708.0,501.0
seller_1,p200,2024-07-13,989.1898863636363,1099.99,647,0,1,5,13,7,494.0,645.0,616.0
seller_1,p200,2024-07-14,988.0841700404859,1099.99,587,0,1,6,14,7,647.0,696.0,547.0
seller_1,p200,2024-07-15,1054.1390783410138,1099.99,448,0,0,0,15,7,587.0,552.0,618.0
seller_1,p200,2024-07-16,1057.4412734082398,1099.99,539,0,0,1,16,7,448.0,572.0,581.0
seller_1,p200,2024-07-17,1050.680679245283,1099.99,539,0,0,2,17,7,539.0,611.0,570.0
seller_1,p200,2024-07-18,1053.7960080645162,1099.99,537,0,0,3,18,7,539.0,486.0,576.0
seller_1,p200,2024-07-19,1051.0109375,1099.99,534,0,0,4,19,7,537.0,494.0,519.0
seller_1,p200,2024-07-20,990.7984074074075,1099.99,607,0,1,5,20,7,534.0,647.0,478.0
seller_1,p200,2024-07-21,990.6230534351145,1099.99,606,0,1,6,21,7,607.0,587.0,599.0
seller_1,p200,2024-07-22,1054.3127472527472,1099.99,568,0,0,0,22,7,606.0,448.0,591.0
seller_1,p200,2024-07-23,1050.2904149377594,1099.99,488,0,0,1,23,7,568.0,539.0,537.0
seller_1,p200,2024-07-24,1050.1184435797666,1099.99,502,0,0,2,24,7,488.0,539.0,572.0
seller_1,p200,2024-07-25,996.9004104477611,1099.99,584,0,0,3,25,7,502.0,537.0,629.0
seller_1,p200,2024-07-26,997.5121917808219,1099.99,488,0,0,4,26,7,584.0,534.0,547.0
seller_1,p200,2024-07-27,932.6790079365079,1099.99,646,0,1,5,27,7,488.0,607.0,551.0
seller_1,p200,2024-07-28,939.3684926470588,1099.99,715,0,1,6,28,7,646.0,606.0,660.0
seller_1,p200,2024-07-29,1004.0245255474451,1099.99,594,0,0,0,29,7,715.0,568.0,668.0
seller_1,p200,2024-07-30,1005.6056481481481,1099.99,495,0,0,1,30,7,594.0,488.0,595.0
seller_1,p200,2024-07-31,997.9391698113208,1099.99,547,0,0,2,31,7,495.0,502.0,613.0
seller_1,p200,2024-08-01,1052.7304198473282,1099.99,569,0,0,3,1,8,547.0,584.0,530.0
seller_1,p200,2024-08-02,1054.5010726643598,1099.99,673,0,0,4,2,8,569.0,488.0,704.0
seller_1,p200,2024-08-03,993.3325563909775,1099.99,652,0,1,5,3,8,673.0,646.0,712.0
seller_1,p200,2024-08-04,995.7967704280155,1099.99,599,0,1,6,4,8,652.0,715.0,708.0
seller_1,p200,2024-08-05,1052.5531679389312,1099.99,533,0,0,0,5,8,599.0,594.0,645.0
seller_1,p200,2024-08-06,1052.8189219330854,1099.99,549,0,0,1,6,8,533.0,495.0,696.0
seller_1,p200,2024-08-07,1047.923418181818,1099.99,574,0,0,2,7,8,549.0,547.0,552.0
seller_1,p200,2024-08-08,1050.9135537190082,1099.99,473,0,0,3,8,8,574.0,569.0,572.0
seller_1,p200,2024-08-09,1051.83036900369,1099.99,591,0,0,4,9,8,473.0,673.0,611.0
seller_1,p200,2024-08-10,991.5427272727272,1099.99,638,0,1,5,10,8,591.0,652.0,486.0
seller_1,p200,2024-08-11,989.6793951612902,1099.99,607,0,1,6,11,8,638.0,599.0,494.0
seller_1,p200,2024-08-12,1048.9984824902724,1099.99,490,0,0,0,12,8,607.0,533.0,647.0
seller_1,p200,2024-08-13,1048.8200806451614,1099.99,497,0,0,1,13,8,490.0,549.0,587.0
seller_1,p200,2024-08-14,1049.7476136363637,1099.99,563,0,0,2,14,8,497.0,574.0,448.0
seller_1,p200,2024-08-15,1053.3689130434782,1099.99,580,0,0,3,15,8,563.0,473.0,539.0
seller_1,p200,2024-08-16,1050.9333206106871,1099.99,522,0,0,4,16,8,580.0,591.0,539.0
seller_1,p200,2024-08-17,991.859923076923,1099.99,608,0,1,5,17,8,522.0,638.0,537.0
seller_1,p200,2024-08-18,990.2764609053497,1099.99,534,0,1,6,18,8,608.0,607.0,534.0
seller_1,p200,2024-08-19,1051.001224489796,1099.99,526,0,0,0,19,8,534.0,490.0,607.0
seller_1,p200,2024-08-20,1052.9878819444446,1099.99,578,0,0,1,20,8,526.0,497.0,606.0
