product-sale-prediction-AI/data/prepared_daily_sales.csv
seller_id,product_id,date,sale_price,original_price,quantity,is_holiday,is_weekend,day_of_week,day_of_month,month,lag_1,lag_7,lag_30
seller_1,p200,2024-08-21,1053.3665384615383,1099.99,530,0,0,2,21,8,578.0,563.0,568.0
seller_1,p200,2024-08-22,1050.473188976378,1099.99,557,0,0,3,22,8,530.0,580.0,488.0
seller_1,p200,2024-08-23,1047.4990725806451,1099.99,491,0,0,4,23,8,557.0,522.0,502.0
seller_1,p200,2024-08-24,990.6413358778626,1099.99,652,0,1,5,24,8,491.0,608.0,584.0
seller_1,p200,2024-08-25,931.84336,1099.99,608,0,1,6,25,8,652.0,534.0,488.0
seller_1,p200,2024-08-26,999.5043542435424,1099.99,591,0,0,0,26,8,608.0,526.0,646.0
seller_1,p200,2024-08-27,993.3935984848484,1099.99,597,0,0,1,27,8,591.0,578.0,715.0
seller_1,p200,2024-08-28,1004.1405172413793,1099.99,640,0,0,2,28,8,597.0,530.0,594.0
seller_1,p200,2024-08-29,996.3873568281938,1099.99,529,0,0,3,29,8,640.0,557.0,495.0
seller_1,p200,2024-08-30,998.7140495867768,1099.99,571,0,0,4,30,8,529.0,491.0,547.0
seller_1,p200,2024-08-31,936.6329875518671,1099.99,619,0,1,5,31,8,571.0,652.0,569.0
seller_1,p200,2024-09-01,992.166338028169,1099.99,713,0,1,6,1,9,619.0,608.0,673.0
seller_1,p200,2024-09-02,1049.7578358208955,1099.99,595,1,0,0,2,9,713.0,591.0,652.0
seller_1,p200,2024-09-03,1052.4262921348316,1099.99,561,0,0,1,3,9,595.0,597.0,599.0
seller_1,p200,2024-09-04,1052.8217692307692,1099.99,572,0,0,2,4,9,561.0,640.0,533.0
seller_1,p200,2024-09-05,1050.235650406504,1099.99,506,0,0,3,5,9,572.0,529.0,549.0
seller_1,p200,2024-09-06,1048.656654676259,1099.99,591,0,0,4,6,9,506.0,571.0,574.0
seller_1,p200,2024-09-07,986.6785763888888,1099.99,703,0,1,5,7,9,591.0,619.0,473.0
seller_1,p200,2024-09-08,991.8735968379447,1099.99,593,0,1,6,8,9,703.0,713.0,591.0
seller_1,p200,2024-09-09,1048.0375357142857,1099.99,589,0,0,0,9,9,593.0,595.0,638.0
seller_1,p200,2024-09-10,1048.4525688073395,1099.99,463,0,0,1,10,9,589.0,561.0,607.0
seller_1,p200,2024-09-11,1050.4947136563876,1099.99,459,0,0,2,11,9,463.0,572.0,490.0
seller_1,p200,2024-09-12,1046.6626459143968,1099.99,547,0,0,3,12,9,459.0,506.0,497.0
seller_1,p200,2024-09-13,1053.17984,1099.99,517,0,0,4,13,9,547.0,591.0,563.0
seller_1,p200,2024-09-14,995.1627067669174,1099.99,597,0,1,5,14,9,517.0,703.0,580.0
seller_1,p200,2024-09-15,990.9126119402986,1099.99,616,0,1,6,15,9,597.0,593.0,522.0
seller_1,p200,2024-09-16,1047.243851851852,1099.99,564,0,0,0,16,9,616.0,589.0,608.0
seller_1,p200,2024-09-17,1054.1094871794871,1099.99,546,0,0,1,17,9,564.0,463.0,534.0
seller_1,p200,2024-09-18,1050.0488235294117,1099.99,523,0,0,2,18,9,546.0,459.0,526.0
seller_1,p200,2024-09-19,1049.3801293103447,1099.99,483,0,0,3,19,9,523.0,547.0,578.0
seller_1,p200,2024-09-20,1051.8729213483145,1099.99,504,0,0,4,20,9,483.0,517.0,530.0
seller_1,p200,2024-09-21,987.0143846153845,1099.99,622,0,1,5,21,9,504.0,597.0,557.0
seller_1,p200,2024-09-22,990.492576923077,1099.99,628,0,1,6,22,9,622.0,616.0,491.0
seller_1,p200,2024-09-23,1053.2916236162362,1099.99,607,0,0,0,23,9,628.0,564.0,652.0
seller_1,p200,2024-09-24,1047.120274509804,1099.99,509,0,0,1,24,9,607.0,546.0,608.0
seller_1,p200,2024-09-25,996.3934432234431,1099.99,608,0,0,2,25,9,509.0,523.0,591.0
seller_1,p200,2024-09-26,997.1087121212122,1099.99,600,0,0,3,26,9,608.0,483.0,597.0
seller_1,p200,2024-09-27,997.9894594594595,1099.99,692,0,0,4,27,9,600.0,504.0,640.0
seller_1,p200,2024-09-28,940.0962949640287,1099.99,695,0,1,5,28,9,692.0,622.0,529.0
seller_1,p200,2024-09-29,937.3036431226766,1099.99,743,0,1,6,29,9,695.0,628.0,571.0
seller_1,p200,2024-09-30,996.286693877551,1099.99,571,0,0,0,30,9,743.0,607.0,619.0
seller_1,p200,2024-10-01,1050.9807364341084,1099.99,566,0,0,1,1,10,571.0,509.0,713.0
seller_1,p200,2024-10-02,1050.9026838235295,1099.99,597,0,0,2,2,10,566.0,608.0,595.0
seller_1,p200,2024-10-03,1052.45,1099.99,575,0,0,3,3,10,597.0,600.0,561.0
seller_1,p200,2024-10-04,1050.200846153846,1099.99,556,0,0,4,4,10,575.0,692.0,572.0
seller_1,p200,2024-10-05,988.618028673835,1099.99,711,0,1,5,5,10,556.0,695.0,506.0
seller_1,p200,2024-10-06,990.9235658914729,1099.99,612,0,1,6,6,10,711.0,743.0,591.0
seller_1,p200,2024-10-07,1048.584090909091,1099.99,522,0,0,0,7,10,612.0,571.0,703.0
seller_1,p200,2024-10-08,1054.5960074626864,1099.99,581,0,0,1,8,10,522.0,566.0,593.0
seller_1,p200,2024-10-09,1051.432405063291,1099.99,510,0,0,2,9,10,581.0,597.0,589.0
seller_1,p200,2024-10-10,1049.9357499999999,1099.99,483,0,0,3,10,10,510.0,575.0,463.0
seller_1,p200,2024-10-11,1051.2534432234431,1099.99,527,0,0,4,11,10,483.0,556.0,459.0
seller_1,p200,2024-10-12,988.5912648221343,1099.99,597,0,1,5,12,10,527.0,711.0,547.0
seller_1,p200,2024-10-13,990.2139705882354,1099.99,695,0,1,6,13,10,597.0,612.0,517.0
seller_1,p200,2024-10-14,1052.0286454183267,1099.99,492,1,0,0,14,10,695.0,522.0,597.0
seller_1,p200,2024-10-15,1053.847722007722,1099.99,521,0,0,1,15,10,492.0,581.0,616.0
seller_1,p200,2024-10-16,1055.4677692307691,1099.99,535,0,0,2,16,10,521.0,510.0,564.0
seller_1,p200,2024-10-17,1052.6570762711865,1099.99,470,0,0,3,17,10,535.0,483.0,546.0
seller_1,p200,2024-10-18,1051.6083272727271,1099.99,585,0,0,4,18,10,470.0,527.0,523.0
seller_1,p200,2024-10-19,992.7085770750988,1099.99,621,0,1,5,19,10,585.0,597.0,483.0
seller_1,p200,2024-10-20,990.2006477732793,1099.99,545,0,1,6,20,10,621.0,695.0,504.0
seller_1,p200,2024-10-21,1055.8514068441064,1099.99,593,0,0,0,21,10,545.0,492.0,622.0
seller_1,p200,2024-10-22,1050.9458015267176,1099.99,558,0,0,1,22,10,593.0,521.0,628.0
seller_1,p200,2024-10-23,1049.3394820717133,1099.99,498,0,0,2,23,10,558.0,535.0,607.0
seller_1,p200,2024-10-24,1049.9609836065574,1099.99,487,0,0,3,24,10,498.0,470.0,509.0
seller_1,p200,2024-10-25,999.9593511450382,1099.99,617,0,0,4,25,10,487.0,585.0,608.0
seller_1,p200,2024-10-26,930.25656,1099.99,708,0,1,5,26,10,617.0,621.0,600.0
seller_1,p200,2024-10-27,932.4712411347518,1099.99,753,0,1,6,27,10,708.0,545.0,692.0
seller_1,p200,2024-10-28,998.6004198473282,1099.99,599,0,0,0,28,10,753.0,593.0,695.0
seller_1,p200,2024-10-29,996.7807264957265,1099.99,535,0,0,1,29,10,599.0,558.0,743.0
seller_1,p200,2024-10-30,897.1266545454545,1099.99,806,0,0,2,30,10,535.0,498.0,571.0
seller_1,p200,2024-10-31,899.9742372881357,1099.99,718,0,0,3,31,10,806.0,487.0,566.0
seller_1,p200,2024-11-01,935.9383011583011,1099.99,808,0,0,4,1,11,718.0,617.0,597.0
seller_1,p200,2024-11-02,994.9967088607596,1099.99,687,0,1,5,2,11,808.0,708.0,575.0
seller_1,p200,2024-11-03,988.9249815498155,1099.99,721,0,1,6,3,11,687.0,753.0,556.0
seller_1,p200,2024-11-04,1053.7169003690037,1099.99,665,0,0,0,4,11,721.0,599.0,711.0
seller_1,p200,2024-11-05,1053.0182720588234,1099.99,656,0,0,1,5,11,665.0,535.0,612.0
seller_1,p200,2024-11-06,1047.1193189964156,1099.99,646,0,0,2,6,11,656.0,806.0,522.0
seller_1,p200,2024-11-07,1046.3526007326009,1099.99,648,0,0,3,7,11,646.0,718.0,581.0
seller_1,p200,2024-11-08,1052.5499221789885,1099.99,580,0,0,4,8,11,648.0,808.0,510.0
seller_1,p200,2024-11-09,992.0859734513274,1099.99,586,0,1,5,9,11,580.0,687.0,483.0
seller_1,p200,2024-11-10,989.1050427350427,1099.99,584,0,1,6,10,11,586.0,721.0,527.0
seller_1,p200,2024-11-11,1054.0542205323195,1099.99,592,1,0,0,11,11,584.0,665.0,597.0
seller_1,p200,2024-11-12,1054.39368852459,1099.99,565,0,0,1,12,11,592.0,656.0,695.0
seller_1,p200,2024-11-13,1052.7361538461537,1099.99,624,0,0,2,13,11,565.0,646.0,492.0
seller_1,p200,2024-11-14,1049.1315416666666,1099.99,527,0,0,3,14,11,624.0,648.0,521.0
seller_1,p200,2024-11-15,1049.8485714285714,1099.99,525,0,0,4,15,11,527.0,580.0,535.0
seller_1,p200,2024-11-16,992.442156133829,1099.99,712,0,1,5,16,11,525.0,586.0,470.0
seller_1,p200,2024-11-17,987.4906844106464,1099.99,733,0,1,6,17,11,712.0,584.0,585.0
seller_1,p200,2024-11-18,1055.9360655737705,1099.99,563,0,0,0,18,11,733.0,592.0,621.0
seller_1,p200,2024-11-19,1046.5843852459016,1099.99,571,0,0,1,19,11,563.0,565.0,545.0
seller_1,p200,2024-11-20,1053.4301893939394,1099.99,601,0,0,2,20,11,571.0,624.0,593.0
seller_1,p200,2024-11-21,1053.391825726141,1099.99,557,0,0,3,21,11,601.0,527.0,558.0
seller_1,p200,2024-11-22,935.1145228215768,1099.99,750,0,0,4,22,11,557.0,525.0,498.0
seller_1,p200,2024-11-23,936.4788768115942,1099.99,914,0,1,5,23,11,750.0,712.0,487.0
seller_1,p200,2024-11-24,935.7452075471698,1099.99,887,0,1,6,24,11,914.0,733.0,617.0
seller_1,p200,2024-11-25,998.7638938053097,1099.99,567,0,0,0,25,11,887.0,563.0,708.0
seller_1,p200,2024-11-26,1000.8675984251969,1099.99,655,0,0,1,26,11,567.0,571.0,753.0
seller_1,p200,2024-11-27,995.52516,1099.99,651,0,0,2,27,11,655.0,601.0,599.0
seller_1,p200,2024-11-28,995.2747177419355,1099.99,616,1,0,3,28,11,651.0,557.0,535.0
seller_1,p200,2024-11-29,997.4336496350365,1099.99,665,0,0,4,29,11,616.0,750.0,806.0
seller_1,p200,2024-11-30,932.3088446215139,1099.99,738,0,1,5,30,11,665.0,914.0,718.0
seller_1,p200,2024-12-01,990.5172868217054,1099.99,719,0,1,6,1,12,738.0,887.0,808.0
seller_1,p200,2024-12-02,1048.729734848485,1099.99,652,0,0,0,2,12,719.0,567.0,687.0
seller_1,p200,2024-12-03,1052.7366810344827,1099.99,526,0,0,1,3,12,652.0,655.0,721.0
seller_1,p200,2024-12-04,1048.8462867647058,1099.99,670,0,0,2,4,12,526.0,651.0,665.0
seller_1,p200,2024-12-05,1047.83506993007,1099.99,669,0,0,3,5,12,670.0,616.0,656.0
seller_1,p200,2024-12-06,1052.4483333333333,1099.99,526,0,0,4,6,12,669.0,665.0,646.0
seller_1,p200,2024-12-07,991.8585593220339,1099.99,627,0,1,5,7,12,526.0,738.0,648.0
seller_1,p200,2024-12-08,988.130176056338,1099.99,742,0,1,6,8,12,627.0,719.0,580.0
seller_1,p200,2024-12-09,1050.8307692307692,1099.99,604,0,0,0,9,12,742.0,652.0,586.0
seller_1,p200,2024-12-10,1053.425719844358,1099.99,617,0,0,1,10,12,604.0,526.0,584.0
seller_1,p200,2024-12-11,1053.9371698113207,1099.99,603,0,0,2,11,12,617.0,670.0,592.0
seller_1,p200,2024-12-12,1053.8312355212354,1099.99,577,0,0,3,12,12,603.0,669.0,565.0
seller_1,p200,2024-12-13,1051.469077490775,1099.99,599,0,0,4,13,12,577.0,526.0,624.0
seller_1,p200,2024-12-14,991.6922988505747,1099.99,667,0,1,5,14,12,599.0,627.0,527.0
seller_1,p200,2024-12-15,990.7392885375494,1099.99,707,0,1,6,15,12,667.0,742.0,525.0
seller_1,p200,2024-12-16,1052.5796739130435,1099.99,645,0,0,0,16,12,707.0,604.0,712.0
seller_1,p200,2024-12-17,1051.698078291815,1099.99,666,0,0,1,17,12,645.0,617.0,733.0
seller_1,p200,2024-12-18,1052.2825,1099.99,592,0,0,2,18,12,666.0,603.0,563.0
seller_1,p200,2024-12-19,1050.8890598290598,1099.99,538,0,0,3,19,12,592.0,577.0,571.0
seller_1,p200,2024-12-20,1050.7298098859317,1099.99,637,0,0,4,20,12,538.0,599.0,601.0
seller_1,p200,2024-12-21,988.6997233201581,1099.99,672,0,1,5,21,12,637.0,667.0,557.0
seller_1,p200,2024-12-22,986.9916981132075,1099.99,675,0,1,6,22,12,672.0,707.0,750.0
seller_1,p200,2024-12-23,1056.1539285714284,1099.99,581,0,0,0,23,12,675.0,645.0,914.0
seller_1,p200,2024-12-24,935.446096654275,1099.99,823,0,0,1,24,12,581.0,666.0,887.0
seller_1,p200,2024-12-25,895.7761538461538,1099.99,838,1,0,2,25,12,823.0,592.0,567.0
seller_1,p200,2024-12-26,898.2361940298507,1099.99,921,0,0,3,26,12,838.0,538.0,655.0
seller_1,p200,2024-12-27,995.6613333333333,1099.99,638,0,0,4,27,12,921.0,637.0,651.0
seller_1,p200,2024-12-28,935.4299601593626,1099.99,720,0,1,5,28,12,638.0,672.0,616.0
seller_1,p200,2024-12-29,934.9185654008439,1099.99,698,0,1,6,29,12,720.0,675.0,665.0
seller_1,p200,2024-12-30,996.1747348484848,1099.99,684,0,0,0,30,12,698.0,581.0,738.0
seller_1,p200,2024-12-31,897.2984265734266,1099.99,935,0,0,1,31,12,684.0,823.0,719.0
seller_1,p200,2025-01-01,935.0083274021354,1099.99,861,1,0,2,1,1,935.0,838.0,652.0
seller_1,p200,2025-01-02,936.6206293706293,1099.99,866,0,0,3,2,1,861.0,921.0,526.0
seller_1,p200,2025-01-03,1050.3271966527197,1099.99,508,0,0,4,3,1,866.0,638.0,670.0
seller_1,p200,2025-01-04,984.2899616858238,1099.99,685,0,1,5,4,1,508.0,720.0,669.0
seller_1,p200,2025-01-05,991.7525925925926,1099.99,604,0,1,6,5,1,685.0,698.0,526.0
seller_1,p200,2025-01-06,1048.1970955882352,1099.99,584,0,0,0,6,1,604.0,684.0,627.0
seller_1,p200,2025-01-07,1048.1877049180328,1099.99,499,0,0,1,7,1,584.0,935.0,742.0
seller_1,p200,2025-01-08,1054.2554251012145,1099.99,498,0,0,2,8,1,499.0,861.0,604.0
seller_1,p200,2025-01-09,1047.0826978417265,1099.99,565,0,0,3,9,1,498.0,866.0,617.0
seller_1,p200,2025-01-10,1046.9645864661654,1099.99,541,0,0,4,10,1,565.0,508.0,603.0
seller_1,p200,2025-01-11,991.9827027027027,1099.99,516,0,1,5,11,1,541.0,685.0,577.0
seller_1,p200,2025-01-12,993.610371747212,1099.99,665,0,1,6,12,1,516.0,604.0,599.0
seller_1,p200,2025-01-13,1053.080156862745,1099.99,513,0,0,0,13,1,665.0,584.0,667.0
seller_1,p200,2025-01-14,1053.3242023346304,1099.99,504,0,0,1,14,1,513.0,499.0,707.0
seller_1,p200,2025-01-15,1049.8368217054265,1099.99,539,0,0,2,15,1,504.0,498.0,645.0
seller_1,p200,2025-01-16,1049.5943548387097,1099.99,509,0,0,3,16,1,539.0,565.0,666.0
seller_1,p200,2025-01-17,1050.918,1099.99,571,0,0,4,17,1,509.0,541.0,592.0
seller_1,p200,2025-01-18,986.6551398601398,1099.99,687,0,1,5,18,1,571.0,516.0,538.0
seller_1,p200,2025-01-19,995.8651492537313,1099.99,663,0,1,6,19,1,687.0,665.0,637.0
seller_1,p200,2025-01-20,1053.9281712062257,1099.99,542,1,0,0,20,1,663.0,513.0,672.0
seller_1,p200,2025-01-21,1049.4240520446097,1099.99,553,0,0,1,21,1,542.0,504.0,675.0
seller_1,p200,2025-01-22,1051.989829787234,1099.99,476,0,0,2,22,1,553.0,539.0,581.0
seller_1,p200,2025-01-23,1049.5159920634921,1099.99,560,0,0,3,23,1,476.0,509.0,823.0
seller_1,p200,2025-01-24,1049.506075471698,1099.99,541,0,0,4,24,1,560.0,571.0,838.0
seller_1,p200,2025-01-25,942.72375,1099.99,651,0,1,5,25,1,541.0,687.0,921.0
seller_1,p200,2025-01-26,937.0589353612168,1099.99,699,0,1,6,26,1,651.0,663.0,638.0
seller_1,p200,2025-01-27,999.8083773584905,1099.99,605,0,0,0,27,1,699.0,542.0,720.0
seller_1,p200,2025-01-28,1002.9462318840579,1099.99,641,0,0,1,28,1,605.0,553.0,698.0
seller_1,p200,2025-01-29,998.78,1099.99,561,0,0,2,29,1,641.0,476.0,684.0
seller_1,p200,2025-01-30,1000.9841237113402,1099.99,661,0,0,3,30,1,561.0,560.0,935.0
seller_1,p200,2025-01-31,995.570811965812,1099.99,533,0,0,4,31,1,661.0,541.0,861.0
seller_1,p200,2025-02-01,989.770966542751,1099.99,677,0,1,5,1,2,533.0,651.0,866.0
seller_1,p200,2025-02-02,983.2640625,1099.99,511,0,1,6,2,2,677.0,699.0,508.0
seller_1,p200,2025-02-03,1052.0386142322097,1099.99,547,0,0,0,3,2,511.0,605.0,685.0
seller_1,p200,2025-02-04,1046.2781443298968,1099.99,639,0,0,1,4,2,547.0,641.0,604.0
seller_1,p200,2025-02-05,1053.7524789915967,1099.99,508,0,0,2,5,2,639.0,561.0,584.0
seller_1,p200,2025-02-06,1045.78515625,1099.99,545,0,0,3,6,2,508.0,661.0,499.0
seller_1,p200,2025-02-07,1047.7413924050632,1099.99,493,0,0,4,7,2,545.0,533.0,498.0
seller_1,p200,2025-02-08,989.252183908046,1099.99,607,0,1,5,8,2,493.0,677.0,565.0
seller_1,p200,2025-02-09,989.6611673151751,1099.99,585,0,1,6,9,2,607.0,511.0,541.0
seller_1,p200,2025-02-10,1052.1030337078653,1099.99,547,0,0,0,10,2,585.0,547.0,516.0
seller_1,p200,2025-02-11,1052.1302702702703,1099.99,501,0,0,1,11,2,547.0,639.0,665.0
seller_1,p200,2025-02-12,1050.6823507462686,1099.99,556,0,0,2,12,2,501.0,508.0,513.0
seller_1,p200,2025-02-13,934.5827755102041,1099.99,650,0,0,3,13,2,556.0,545.0,504.0
seller_1,p200,2025-02-14,936.4685271317829,1099.99,715,0,0,4,14,2,650.0,493.0,539.0
seller_1,p200,2025-02-15,931.115403508772,1099.99,822,0,1,5,15,2,715.0,607.0,509.0
seller_1,p200,2025-02-16,990.08890625,1099.99,638,0,1,6,16,2,822.0,585.0,571.0
seller_1,p200,2025-02-17,1052.7355056179777,1099.99,544,1,0,0,17,2,638.0,547.0,687.0
seller_1,p200,2025-02-18,1052.2783127572018,1099.99,516,0,0,1,18,2,544.0,501.0,663.0
seller_1,p200,2025-02-19,1048.8701063829787,1099.99,576,0,0,2,19,2,516.0,556.0,542.0
seller_1,p200,2025-02-20,1050.164448979592,1099.99,510,0,0,3,20,2,576.0,650.0,553.0
seller_1,p200,2025-02-21,1050.2188306451612,1099.99,513,0,0,4,21,2,510.0,715.0,476.0
seller_1,p200,2025-02-22,992.3016723549489,1099.99,711,0,1,5,22,2,513.0,822.0,560.0
seller_1,p200,2025-02-23,985.5269649805447,1099.99,637,0,1,6,23,2,711.0,638.0,541.0
seller_1,p200,2025-02-24,1052.5609961685823,1099.99,517,0,0,0,24,2,637.0,544.0,651.0
seller_1,p200,2025-02-25,1002.8715040650407,1099.99,555,0,0,1,25,2,517.0,516.0,699.0
seller_1,p200,2025-02-26,995.7364482758621,1099.99,683,0,0,2,26,2,555.0,576.0,605.0
seller_1,p200,2025-02-27,1001.2741056910569,1099.99,580,0,0,3,27,2,683.0,510.0,641.0
seller_1,p200,2025-02-28,996.3811940298507,1099.99,613,0,0,4,28,2,580.0,513.0,561.0
seller_1,p200,2025-03-01,995.6187250996015,1099.99,607,0,1,5,1,3,613.0,711.0,661.0
seller_1,p200,2025-03-02,992.9760617760618,1099.99,633,0,1,6,2,3,607.0,637.0,533.0
seller_1,p200,2025-03-03,1051.660652920962,1099.99,592,0,0,0,3,3,633.0,517.0,677.0
seller_1,p200,2025-03-04,1050.0986799999998,1099.99,533,0,0,1,4,3,592.0,555.0,511.0
seller_1,p200,2025-03-05,1051.1516014234874,1099.99,567,0,0,2,5,3,533.0,683.0,547.0
seller_1,p200,2025-03-06,1046.2981081081082,1099.99,552,0,0,3,6,3,567.0,580.0,639.0
seller_1,p200,2025-03-07,1055.6064459930312,1099.99,544,0,0,4,7,3,552.0,613.0,508.0
seller_1,p200,2025-03-08,992.2636440677966,1099.99,533,0,1,5,8,3,544.0,607.0,545.0
seller_1,p200,2025-03-09,992.79671875,1099.99,607,0,1,6,9,3,533.0,633.0,493.0
seller_1,p200,2025-03-10,1052.9166304347825,1099.99,538,0,0,0,10,3,607.0,592.0,607.0
seller_1,p200,2025-03-11,1052.1620802919706,1099.99,568,0,0,1,11,3,538.0,533.0,585.0
seller_1,p200,2025-03-12,1048.6583817427386,1099.99,504,0,0,2,12,3,568.0,567.0,547.0
seller_1,p200,2025-03-13,1054.277894736842,1099.99,517,0,0,3,13,3,504.0,552.0,501.0
seller_1,p200,2025-03-14,1053.1826271186442,1099.99,479,0,0,4,14,3,517.0,544.0,556.0
seller_1,p200,2025-03-15,985.4978137651822,1099.99,591,0,1,5,15,3,479.0,533.0,650.0
seller_1,p200,2025-03-16,984.3448582995951,1099.99,577,0,1,6,16,3,591.0,607.0,715.0
seller_1,p200,2025-03-17,1047.2889353612168,1099.99,557,0,0,0,17,3,577.0,538.0,822.0
seller_1,p200,2025-03-18,1052.244861660079,1099.99,512,0,0,1,18,3,557.0,568.0,638.0
seller_1,p200,2025-03-19,1049.1749814126395,1099.99,571,0,0,2,19,3,512.0,504.0,544.0
