product-sale-prediction-AI/data/prepared_daily_sales.csv
seller_id,product_id,date,sale_price,original_price,quantity,is_holiday,is_weekend,day_of_week,day_of_month,month,lag_1,lag_7,lag_30
seller_1,p200,2025-03-20,1048.8711029411766,1099.99,563,0,0,3,20,3,571.0,517.0,516.0
seller_1,p200,2025-03-21,1049.8634671532848,1099.99,563,0,0,4,21,3,563.0,479.0,576.0
seller_1,p200,2025-03-22,989.4369963369963,1099.99,656,0,1,5,22,3,563.0,591.0,510.0
seller_1,p200,2025-03-23,989.93056,1099.99,583,0,1,6,23,3,656.0,577.0,513.0
seller_1,p200,2025-03-24,1051.4575572519084,1099.99,537,0,0,0,24,3,583.0,557.0,711.0
seller_1,p200,2025-03-25,995.878396946565,1099.99,621,0,0,1,25,3,537.0,512.0,637.0
seller_1,p200,2025-03-26,999.4836363636364,1099.99,639,0,0,2,26,3,621.0,571.0,517.0
seller_1,p200,2025-03-27,995.6261176470589,1099.99,602,0,0,3,27,3,639.0,563.0,555.0
seller_1,p200,2025-03-28,993.842927756654,1099.99,575,0,0,4,28,3,602.0,563.0,683.0
seller_1,p200,2025-03-29,935.66516,1099.99,644,0,1,5,29,3,575.0,656.0,580.0
seller_1,p200,2025-03-30,937.8364528301887,1099.99,705,0,1,6,30,3,644.0,583.0,613.0
seller_1,p200,2025-03-31,996.9870740740741,1099.99,625,0,0,0,31,3,705.0,537.0,607.0
seller_1,p200,2025-04-01,1056.6121848739497,1099.99,498,0,0,1,1,4,625.0,621.0,633.0
seller_1,p200,2025-04-02,1053.1781333333333,1099.99,599,0,0,2,2,4,498.0,639.0,592.0
seller_1,p200,2025-04-03,1052.4849557522125,1099.99,509,0,0,3,3,4,599.0,602.0,533.0
seller_1,p200,2025-04-04,1053.6310288065843,1099.99,538,0,0,4,4,4,509.0,575.0,567.0
seller_1,p200,2025-04-05,992.3023529411764,1099.99,551,0,1,5,5,4,538.0,644.0,552.0
seller_1,p200,2025-04-06,989.8097491039426,1099.99,667,0,1,6,6,4,551.0,705.0,544.0
seller_1,p200,2025-04-07,1047.6927016129032,1099.99,518,0,0,0,7,4,667.0,625.0,533.0
seller_1,p200,2025-04-08,1052.0449438202247,1099.99,561,0,0,1,8,4,518.0,498.0,607.0
seller_1,p200,2025-04-09,1055.0345161290322,1099.99,497,0,0,2,9,4,561.0,599.0,538.0
seller_1,p200,2025-04-10,1050.8532746478875,1099.99,617,0,0,3,10,4,497.0,509.0,568.0
seller_1,p200,2025-04-11,1052.166091954023,1099.99,549,0,0,4,11,4,617.0,538.0,504.0
seller_1,p200,2025-04-12,984.9572661870503,1099.99,684,0,1,5,12,4,549.0,551.0,517.0
seller_1,p200,2025-04-13,986.4404365079365,1099.99,608,0,1,6,13,4,684.0,667.0,479.0
seller_1,p200,2025-04-14,1048.6205460750853,1099.99,580,0,0,0,14,4,608.0,518.0,591.0
seller_1,p200,2025-04-15,1045.666596491228,1099.99,595,0,0,1,15,4,580.0,561.0,577.0
seller_1,p200,2025-04-16,1055.8904819277109,1099.99,548,0,0,2,16,4,595.0,497.0,557.0
seller_1,p200,2025-04-17,1048.86463878327,1099.99,537,0,0,3,17,4,548.0,617.0,512.0
seller_1,p200,2025-04-18,1051.6417083333333,1099.99,508,0,0,4,18,4,537.0,549.0,571.0
seller_1,p200,2025-04-19,985.3846721311475,1099.99,583,0,1,5,19,4,508.0,684.0,563.0
seller_1,p200,2025-04-20,987.4675373134328,1099.99,623,0,1,6,20,4,583.0,608.0,563.0
seller_1,p200,2025-04-21,1053.8491902834007,1099.99,491,0,0,0,21,4,623.0,580.0,656.0
seller_1,p200,2025-04-22,1050.395082644628,1099.99,519,0,0,1,22,4,491.0,595.0,583.0
seller_1,p200,2025-04-23,1050.1688461538463,1099.99,505,0,0,2,23,4,519.0,548.0,537.0
seller_1,p200,2025-04-24,1049.280594795539,1099.99,558,0,0,3,24,4,505.0,537.0,621.0
seller_1,p200,2025-04-25,995.8969230769231,1099.99,571,0,0,4,25,4,558.0,508.0,639.0
seller_1,p200,2025-04-26,938.4333703703704,1099.99,688,0,1,5,26,4,571.0,583.0,602.0
seller_1,p200,2025-04-27,941.3869852941177,1099.99,703,0,1,6,27,4,688.0,623.0,575.0
seller_1,p200,2025-04-28,999.8353435114503,1099.99,580,0,0,0,28,4,703.0,491.0,644.0
seller_1,p200,2025-04-29,1002.6014828897338,1099.99,592,0,0,1,29,4,580.0,519.0,705.0
seller_1,p200,2025-04-30,1000.7983524904214,1099.99,579,0,0,2,30,4,592.0,505.0,625.0
seller_1,p200,2025-05-01,1046.6858687258689,1099.99,533,0,0,3,1,5,579.0,558.0,498.0
seller_1,p200,2025-05-02,1050.688892857143,1099.99,599,0,0,4,2,5,533.0,571.0,599.0
seller_1,p200,2025-05-03,989.0557786885246,1099.99,598,0,1,5,3,5,599.0,688.0,509.0
seller_1,p200,2025-05-04,991.8030291970804,1099.99,685,0,1,6,4,5,598.0,703.0,538.0
seller_1,p200,2025-05-05,1052.1489075630252,1099.99,503,0,0,0,5,5,685.0,580.0,551.0
seller_1,p200,2025-05-06,1049.821185770751,1099.99,497,0,0,1,6,5,503.0,592.0,667.0
seller_1,p200,2025-05-07,1049.88140625,1099.99,543,0,0,2,7,5,497.0,579.0,518.0
seller_1,p200,2025-05-08,1049.3842687747035,1099.99,543,0,0,3,8,5,543.0,533.0,561.0
seller_1,p200,2025-05-09,1053.0436398467434,1099.99,548,0,0,4,9,5,543.0,599.0,497.0
seller_1,p200,2025-05-10,992.5259927797835,1099.99,657,0,1,5,10,5,548.0,598.0,617.0
seller_1,p200,2025-05-11,990.8940084388186,1099.99,582,0,1,6,11,5,657.0,685.0,549.0
seller_1,p200,2025-05-12,1053.2660905349794,1099.99,501,0,0,0,12,5,582.0,503.0,684.0
seller_1,p200,2025-05-13,1045.7302755905512,1099.99,518,0,0,1,13,5,501.0,497.0,608.0
seller_1,p200,2025-05-14,1051.7779310344827,1099.99,533,0,0,2,14,5,518.0,543.0,580.0
seller_1,p200,2025-05-15,1050.3994921875,1099.99,514,0,0,3,15,5,533.0,543.0,595.0
seller_1,p200,2025-05-16,1049.95768,1099.99,530,0,0,4,16,5,514.0,548.0,548.0
seller_1,p200,2025-05-17,990.2482083333333,1099.99,564,0,1,5,17,5,530.0,657.0,537.0
seller_1,p200,2025-05-18,988.605982532751,1099.99,585,0,1,6,18,5,564.0,582.0,508.0
seller_1,p200,2025-05-19,1054.2821455938697,1099.99,557,0,0,0,19,5,585.0,501.0,583.0
seller_1,p200,2025-05-20,1053.2140000000002,1099.99,582,0,0,1,20,5,557.0,518.0,623.0
seller_1,p200,2025-05-21,1049.9952631578947,1099.99,500,0,0,2,21,5,582.0,533.0,491.0
seller_1,p200,2025-05-22,1046.788319327731,1099.99,526,0,0,3,22,5,500.0,514.0,519.0
seller_1,p200,2025-05-23,1052.4979766536965,1099.99,536,0,0,4,23,5,526.0,530.0,505.0
seller_1,p200,2025-05-24,993.0332442748091,1099.99,608,0,1,5,24,5,536.0,564.0,558.0
seller_1,p201,2023-01-01,852.903358778626,999.99,819,0,1,6,1,1,0.0,0.0,0.0
seller_1,p201,2023-01-02,845.9108148148149,999.99,798,1,0,0,2,1,819.0,0.0,0.0
seller_1,p201,2023-01-03,956.5073359073359,999.99,578,0,0,1,3,1,798.0,0.0,0.0
seller_1,p201,2023-01-04,958.6033703703704,999.99,576,0,0,2,4,1,578.0,0.0,0.0
seller_1,p201,2023-01-05,957.1975,999.99,522,0,0,3,5,1,576.0,0.0,0.0
seller_1,p201,2023-01-06,953.61204778157,999.99,615,0,0,4,6,1,522.0,0.0,0.0
seller_1,p201,2023-01-07,896.4348846153846,999.99,696,0,1,5,7,1,615.0,0.0,0.0
seller_1,p201,2023-01-08,898.9821818181817,999.9899999999999,518,0,1,6,8,1,696.0,819.0,0.0
seller_1,p201,2023-01-09,955.8586759581882,999.99,611,0,0,0,9,1,518.0,798.0,0.0
seller_1,p201,2023-01-10,955.2154298642533,999.99,479,0,0,1,10,1,611.0,578.0,0.0
seller_1,p201,2023-01-11,958.7545833333334,999.9899999999999,535,0,0,2,11,1,479.0,576.0,0.0
seller_1,p201,2023-01-12,954.9218473895583,999.99,494,0,0,3,12,1,535.0,522.0,0.0
seller_1,p201,2023-01-13,957.0135686274509,999.99,571,0,0,4,13,1,494.0,615.0,0.0
seller_1,p201,2023-01-14,897.7771020408164,999.99,580,0,1,5,14,1,571.0,696.0,0.0
seller_1,p201,2023-01-15,902.179552238806,999.99,658,0,1,6,15,1,580.0,518.0,0.0
seller_1,p201,2023-01-16,954.0216334661354,999.99,515,1,0,0,16,1,658.0,611.0,0.0
seller_1,p201,2023-01-17,955.3421960784314,999.99,528,0,0,1,17,1,515.0,479.0,0.0
seller_1,p201,2023-01-18,956.214674796748,999.99,548,0,0,2,18,1,528.0,535.0,0.0
seller_1,p201,2023-01-19,954.8997709923664,999.99,559,0,0,3,19,1,548.0,494.0,0.0
seller_1,p201,2023-01-20,953.6087966804979,999.99,481,0,0,4,20,1,559.0,571.0,0.0
seller_1,p201,2023-01-21,900.4521167883212,999.99,651,0,1,5,21,1,481.0,580.0,0.0
seller_1,p201,2023-01-22,902.4370220588235,999.9900000000001,630,0,1,6,22,1,651.0,658.0,0.0
seller_1,p201,2023-01-23,956.6079310344828,999.99,567,0,0,0,23,1,630.0,515.0,0.0
seller_1,p201,2023-01-24,958.0580632411068,999.99,561,0,0,1,24,1,567.0,528.0,0.0
seller_1,p201,2023-01-25,909.163188976378,999.99,595,0,0,2,25,1,561.0,548.0,0.0
seller_1,p201,2023-01-26,905.1893307086614,999.99,572,0,0,3,26,1,595.0,559.0,0.0
seller_1,p201,2023-01-27,906.3184444444445,999.99,632,0,0,4,27,1,572.0,481.0,0.0
seller_1,p201,2023-01-28,851.2470353982301,999.99,608,0,1,5,28,1,632.0,651.0,0.0
seller_1,p201,2023-01-29,851.4006530612245,999.99,644,0,1,6,29,1,608.0,630.0,0.0
seller_1,p201,2023-01-30,908.3904724409449,999.99,566,0,0,0,30,1,644.0,567.0,0.0
seller_1,p201,2023-01-31,909.4290943396226,999.9899999999999,611,0,0,1,31,1,566.0,561.0,819.0
seller_1,p201,2023-02-01,953.4468421052632,999.99,492,0,0,2,1,2,611.0,595.0,798.0
seller_1,p201,2023-02-02,956.181094890511,999.99,564,0,0,3,2,2,492.0,572.0,578.0
seller_1,p201,2023-02-03,956.6555893536122,999.99,584,0,0,4,3,2,564.0,632.0,576.0
seller_1,p201,2023-02-04,897.8299999999999,999.9899999999999,692,0,1,5,4,2,584.0,608.0,522.0
seller_1,p201,2023-02-05,897.1775732217574,999.99,570,0,1,6,5,2,692.0,644.0,615.0
seller_1,p201,2023-02-06,954.5436882129277,999.99,565,0,0,0,6,2,570.0,566.0,696.0
seller_1,p201,2023-02-07,952.5486346863469,999.9899999999999,555,0,0,1,7,2,565.0,611.0,518.0
seller_1,p201,2023-02-08,952.2573282442748,999.99,539,0,0,2,8,2,555.0,492.0,611.0
seller_1,p201,2023-02-09,956.3273122529644,999.99,525,0,0,3,9,2,539.0,564.0,479.0
seller_1,p201,2023-02-10,957.4356504065041,999.99,538,0,0,4,10,2,525.0,584.0,535.0
seller_1,p201,2023-02-11,898.1089605734767,999.9900000000001,676,0,1,5,11,2,538.0,692.0,494.0
seller_1,p201,2023-02-12,901.1803076923077,999.99,650,0,1,6,12,2,676.0,570.0,571.0
seller_1,p201,2023-02-13,849.3279352226721,999.99,699,0,0,0,13,2,650.0,565.0,580.0
seller_1,p201,2023-02-14,850.3771428571429,999.99,637,0,0,1,14,2,699.0,555.0,658.0
seller_1,p201,2023-02-15,847.45995951417,999.99,694,0,0,2,15,2,637.0,539.0,515.0
seller_1,p201,2023-02-16,955.4889891696752,999.9899999999999,604,0,0,3,16,2,694.0,525.0,528.0
seller_1,p201,2023-02-17,958.6857347670251,999.9900000000001,574,0,0,4,17,2,604.0,538.0,548.0
seller_1,p201,2023-02-18,901.9537083333333,999.99,594,0,1,5,18,2,574.0,676.0,559.0
seller_1,p201,2023-02-19,899.0707380073801,999.9899999999999,684,0,1,6,19,2,594.0,650.0,481.0
seller_1,p201,2023-02-20,956.609784172662,999.9900000000001,589,1,0,0,20,2,684.0,699.0,651.0
seller_1,p201,2023-02-21,954.2382846715328,999.99,572,0,0,1,21,2,589.0,637.0,630.0
seller_1,p201,2023-02-22,956.5249579831933,999.99,504,0,0,2,22,2,572.0,694.0,567.0
seller_1,p201,2023-02-23,957.1860456273764,999.99,544,0,0,3,23,2,504.0,604.0,561.0
seller_1,p201,2023-02-24,956.7010087719298,999.99,487,0,0,4,24,2,544.0,574.0,595.0
seller_1,p201,2023-02-25,851.2529644268775,999.99,661,0,1,5,25,2,487.0,594.0,572.0
seller_1,p201,2023-02-26,849.7930036630037,999.9900000000001,756,0,1,6,26,2,661.0,684.0,632.0
seller_1,p201,2023-02-27,906.5797307692308,999.99,587,0,0,0,27,2,756.0,589.0,608.0
seller_1,p201,2023-02-28,907.213074074074,999.99,605,0,0,1,28,2,587.0,572.0,644.0
seller_1,p201,2023-03-01,958.5360080645161,999.99,544,0,0,2,1,3,605.0,504.0,566.0
seller_1,p201,2023-03-02,957.9968774703557,999.99,503,0,0,3,2,3,544.0,544.0,611.0
seller_1,p201,2023-03-03,958.3970967741936,999.99,583,0,0,4,3,3,503.0,487.0,492.0
seller_1,p201,2023-03-04,903.2066554054054,999.9899999999999,753,0,1,5,4,3,583.0,661.0,564.0
seller_1,p201,2023-03-05,898.6256170212765,999.99,580,0,1,6,5,3,753.0,756.0,584.0
seller_1,p201,2023-03-06,955.636690647482,999.9900000000001,555,0,0,0,6,3,580.0,587.0,692.0
seller_1,p201,2023-03-07,954.8353639846744,999.99,519,0,0,1,7,3,555.0,605.0,570.0
seller_1,p201,2023-03-08,958.7771673819742,999.99,463,0,0,2,8,3,519.0,544.0,565.0
seller_1,p201,2023-03-09,955.6837918215614,999.99,552,0,0,3,9,3,463.0,503.0,555.0
seller_1,p201,2023-03-10,954.9270403587444,999.99,483,0,0,4,10,3,552.0,583.0,539.0
seller_1,p201,2023-03-11,898.5421245421245,999.9900000000001,620,0,1,5,11,3,483.0,753.0,525.0
seller_1,p201,2023-03-12,901.5910431654676,999.9900000000001,686,0,1,6,12,3,620.0,580.0,538.0
seller_1,p201,2023-03-13,953.3568641114982,999.99,624,0,0,0,13,3,686.0,555.0,676.0
seller_1,p201,2023-03-14,955.3641509433962,999.9899999999999,537,0,0,1,14,3,624.0,519.0,650.0
seller_1,p201,2023-03-15,948.9320408163265,999.99,498,0,0,2,15,3,537.0,463.0,699.0
seller_1,p201,2023-03-16,955.2678057553957,999.9900000000001,572,0,0,3,16,3,498.0,552.0,637.0
seller_1,p201,2023-03-17,955.636693548387,999.99,516,0,0,4,17,3,572.0,483.0,694.0
seller_1,p201,2023-03-18,905.7100414937759,999.99,576,0,1,5,18,3,516.0,620.0,604.0
seller_1,p201,2023-03-19,898.135,999.99,644,0,1,6,19,3,576.0,686.0,574.0
seller_1,p201,2023-03-20,957.4921794871796,999.99,498,0,0,0,20,3,644.0,624.0,594.0
seller_1,p201,2023-03-21,954.8835294117647,999.99,538,0,0,1,21,3,498.0,537.0,684.0
seller_1,p201,2023-03-22,953.3911148648649,999.9899999999999,585,0,0,2,22,3,538.0,498.0,589.0
seller_1,p201,2023-03-23,957.984409448819,999.99,533,0,0,3,23,3,585.0,572.0,572.0
seller_1,p201,2023-03-24,953.5827715355805,999.99,557,0,0,4,24,3,533.0,516.0,504.0
seller_1,p201,2023-03-25,854.4673507462686,999.99,697,0,1,5,25,3,557.0,576.0,544.0
seller_1,p201,2023-03-26,853.7245692883895,999.99,670,0,1,6,26,3,697.0,644.0,487.0
seller_1,p201,2023-03-27,902.9760408163265,999.99,562,0,0,0,27,3,670.0,498.0,661.0
seller_1,p201,2023-03-28,906.8650205761318,999.99,564,0,0,1,28,3,562.0,538.0,756.0
seller_1,p201,2023-03-29,900.8123275862068,999.99,536,0,0,2,29,3,564.0,585.0,587.0
seller_1,p201,2023-03-30,908.9529368029739,999.99,566,0,0,3,30,3,536.0,533.0,605.0
seller_1,p201,2023-03-31,907.1237751004016,999.99,571,0,0,4,31,3,566.0,557.0,544.0
seller_1,p201,2023-04-01,900.3665853658537,999.99,584,0,1,5,1,4,571.0,697.0,503.0
seller_1,p201,2023-04-02,900.1762406015038,999.9900000000001,669,0,1,6,2,4,584.0,670.0,583.0
seller_1,p201,2023-04-03,954.7309923664121,999.99,555,0,0,0,3,4,669.0,562.0,753.0
seller_1,p201,2023-04-04,956.8626070038911,999.99,572,0,0,1,4,4,555.0,564.0,580.0
seller_1,p201,2023-04-05,958.09772,999.99,560,0,0,2,5,4,572.0,536.0,555.0
seller_1,p201,2023-04-06,954.7899581589958,999.99,498,0,0,3,6,4,560.0,566.0,519.0
seller_1,p201,2023-04-07,952.4775,999.99,519,0,0,4,7,4,498.0,571.0,463.0
seller_1,p201,2023-04-08,901.7022348484849,999.9899999999999,624,0,1,5,8,4,519.0,584.0,552.0
seller_1,p201,2023-04-09,899.5538783269963,999.99,648,0,1,6,9,4,624.0,669.0,483.0
seller_1,p201,2023-04-10,958.1504296875,999.99,532,0,0,0,10,4,648.0,555.0,620.0
seller_1,p201,2023-04-11,955.3955144032922,999.99,490,0,0,1,11,4,532.0,572.0,686.0
seller_1,p201,2023-04-12,949.93356,999.99,506,0,0,2,12,4,490.0,560.0,624.0
seller_1,p201,2023-04-13,953.7078707224335,999.99,544,0,0,3,13,4,506.0,498.0,537.0
seller_1,p201,2023-04-14,957.115982905983,999.99,455,0,0,4,14,4,544.0,519.0,498.0
seller_1,p201,2023-04-15,903.4146718146718,999.99,615,0,1,5,15,4,455.0,624.0,572.0
seller_1,p201,2023-04-16,903.4435661764705,999.9900000000001,659,0,1,6,16,4,615.0,648.0,516.0
seller_1,p201,2023-04-17,954.0623371647509,999.99,554,0,0,0,17,4,659.0,532.0,576.0
seller_1,p201,2023-04-18,955.2808988764045,999.99,537,0,0,1,18,4,554.0,490.0,644.0
seller_1,p201,2023-04-19,957.7224390243903,999.99,507,0,0,2,19,4,537.0,506.0,498.0
seller_1,p201,2023-04-20,956.4123706896552,999.99,539,0,0,3,20,4,507.0,544.0,538.0
seller_1,p201,2023-04-21,956.4698901098901,999.9900000000001,574,0,0,4,21,4,539.0,455.0,585.0
seller_1,p201,2023-04-22,895.2735658914728,999.99,612,0,1,5,22,4,574.0,615.0,533.0
seller_1,p201,2023-04-23,897.9795437262358,999.99,638,0,1,6,23,4,612.0,659.0,557.0
seller_1,p201,2023-04-24,950.5292372881356,999.99,506,0,0,0,24,4,638.0,554.0,697.0
seller_1,p201,2023-04-25,902.3419047619047,999.99,568,0,0,1,25,4,506.0,537.0,670.0
seller_1,p201,2023-04-26,908.7993703703703,999.99,611,0,0,2,26,4,568.0,507.0,562.0
seller_1,p201,2023-04-27,909.5673308270677,999.9900000000001,622,0,0,3,27,4,611.0,539.0,564.0
seller_1,p201,2023-04-28,904.199349593496,999.99,526,0,0,4,28,4,622.0,574.0,536.0
seller_1,p201,2023-04-29,851.7445867768595,999.9900000000001,652,0,1,5,29,4,526.0,612.0,566.0
seller_1,p201,2023-04-30,855.6932661290323,999.99,661,0,1,6,30,4,652.0,638.0,571.0
seller_1,p201,2023-05-01,956.4727443609023,999.9900000000001,625,0,0,0,1,5,661.0,506.0,584.0
seller_1,p201,2023-05-02,955.989708029197,999.99,579,0,0,1,2,5,625.0,568.0,669.0
seller_1,p201,2023-05-03,956.6959832635984,999.99,496,0,0,2,3,5,579.0,611.0,555.0
seller_1,p201,2023-05-04,958.8612015503876,999.99,533,0,0,3,4,5,496.0,622.0,572.0
seller_1,p201,2023-05-05,952.9865185185184,999.99,625,0,0,4,5,5,533.0,526.0,560.0
seller_1,p201,2023-05-06,899.6670909090909,999.99,642,0,1,5,6,5,625.0,652.0,498.0
seller_1,p201,2023-05-07,902.9609701492537,999.99,613,0,1,6,7,5,642.0,661.0,519.0
seller_1,p201,2023-05-08,955.803984375,999.99,546,0,0,0,8,5,613.0,625.0,624.0
seller_1,p201,2023-05-09,955.1900775193799,999.99,515,0,0,1,9,5,546.0,579.0,648.0
seller_1,p201,2023-05-10,958.2998431372549,999.99,521,0,0,2,10,5,515.0,496.0,532.0
seller_1,p201,2023-05-11,953.3538306451613,999.99,537,0,0,3,11,5,521.0,533.0,490.0
seller_1,p201,2023-05-12,954.223909774436,999.9900000000001,565,0,0,4,12,5,537.0,625.0,506.0
seller_1,p201,2023-05-13,898.2335531135532,999.9900000000001,655,0,1,5,13,5,565.0,642.0,544.0
seller_1,p201,2023-05-14,900.633813559322,999.99,596,0,1,6,14,5,655.0,613.0,455.0
seller_1,p201,2023-05-15,955.0927049180327,999.99,516,0,0,0,15,5,596.0,546.0,615.0
seller_1,p201,2023-05-16,957.4443461538461,999.99,525,0,0,1,16,5,516.0,515.0,659.0
seller_1,p201,2023-05-17,957.6075800711743,999.99,601,0,0,2,17,5,525.0,521.0,554.0
seller_1,p201,2023-05-18,959.2323076923077,999.9900000000001,547,0,0,3,18,5,601.0,537.0,537.0
seller_1,p201,2023-05-19,954.1732046332047,999.99,540,0,0,4,19,5,547.0,565.0,507.0
seller_1,p201,2023-05-20,900.1209756097561,999.99,628,0,1,5,20,5,540.0,655.0,539.0
seller_1,p201,2023-05-21,901.7057586206897,999.9899999999999,702,0,1,6,21,5,628.0,596.0,574.0
seller_1,p201,2023-05-22,954.2101544401544,999.99,557,0,0,0,22,5,702.0,516.0,612.0
seller_1,p201,2023-05-23,961.9916728624536,999.99,543,0,0,1,23,5,557.0,525.0,638.0
seller_1,p201,2023-05-24,956.6074501992032,999.99,542,0,0,2,24,5,543.0,601.0,506.0
seller_1,p201,2023-05-25,911.1199221789883,999.99,568,0,0,3,25,5,542.0,547.0,568.0
seller_1,p201,2023-05-26,909.3736594202899,999.99,637,0,0,4,26,5,568.0,540.0,611.0
