product-sale-prediction-AI/data/prepared_daily_sales.csv
seller_id,product_id,date,sale_price,original_price,quantity,is_holiday,is_weekend,day_of_week,day_of_month,month,lag_1,lag_7,lag_30
seller_1,p201,2023-05-27,845.0899621212121,999.9899999999999,696,0,1,5,27,5,637.0,628.0,622.0
seller_1,p201,2023-05-28,849.0943416370108,999.99,746,0,1,6,28,5,696.0,702.0,526.0
seller_1,p201,2023-05-29,912.1174721189591,999.99,586,1,0,0,29,5,746.0,557.0,652.0
seller_1,p201,2023-05-30,906.4249193548387,999.99,558,0,0,1,30,5,586.0,543.0,661.0
seller_1,p201,2023-05-31,909.8739737991267,999.99,489,0,0,2,31,5,558.0,542.0,625.0
seller_1,p201,2023-06-01,952.3352589641433,999.99,532,0,0,3,1,6,489.0,568.0,579.0
seller_1,p201,2023-06-02,955.4427559055118,999.99,562,0,0,4,2,6,532.0,637.0,496.0
seller_1,p201,2023-06-03,900.7527346938776,999.99,616,0,1,5,3,6,562.0,696.0,533.0
seller_1,p201,2023-06-04,896.2138034188034,999.99,599,0,1,6,4,6,616.0,746.0,625.0
seller_1,p201,2023-06-05,955.1225735294117,999.9900000000001,559,0,0,0,5,6,599.0,586.0,642.0
seller_1,p201,2023-06-06,958.123754789272,999.99,537,0,0,1,6,6,559.0,558.0,613.0
seller_1,p201,2023-06-07,957.2152127659574,999.99,605,0,0,2,7,6,537.0,489.0,546.0
seller_1,p201,2023-06-08,952.8482307692308,999.99,541,0,0,3,8,6,605.0,532.0,515.0
seller_1,p201,2023-06-09,956.02265625,999.99,517,0,0,4,9,6,541.0,562.0,521.0
seller_1,p201,2023-06-10,903.2640573770492,999.99,569,0,1,5,10,6,517.0,616.0,537.0
seller_1,p201,2023-06-11,901.7038735177865,999.99,582,0,1,6,11,6,569.0,599.0,565.0
seller_1,p201,2023-06-12,955.6285098039215,999.99,567,0,0,0,12,6,582.0,559.0,655.0
seller_1,p201,2023-06-13,957.3670588235294,999.99,483,0,0,1,13,6,567.0,537.0,596.0
seller_1,p201,2023-06-14,954.9185263157896,999.9900000000001,556,0,0,2,14,6,483.0,605.0,516.0
seller_1,p201,2023-06-15,956.7844351464436,999.99,481,0,0,3,15,6,556.0,541.0,525.0
seller_1,p201,2023-06-16,960.3970542635659,999.99,554,0,0,4,16,6,481.0,517.0,601.0
seller_1,p201,2023-06-17,900.2192857142858,999.99,635,0,1,5,17,6,554.0,569.0,547.0
seller_1,p201,2023-06-18,899.2789830508474,999.99,558,0,1,6,18,6,635.0,582.0,540.0
seller_1,p201,2023-06-19,955.505809859155,999.9899999999999,584,1,0,0,19,6,558.0,567.0,628.0
seller_1,p201,2023-06-20,952.4955952380953,999.99,544,0,0,1,20,6,584.0,483.0,702.0
seller_1,p201,2023-06-21,956.25288,999.99,507,0,0,2,21,6,544.0,556.0,557.0
seller_1,p201,2023-06-22,954.7694814814815,999.99,520,0,0,3,22,6,507.0,481.0,543.0
seller_1,p201,2023-06-23,951.24125,999.9899999999999,542,0,0,4,23,6,520.0,554.0,542.0
seller_1,p201,2023-06-24,899.9762737642586,999.99,624,0,1,5,24,6,542.0,635.0,568.0
seller_1,p201,2023-06-25,850.915019455253,999.99,669,0,1,6,25,6,624.0,558.0,637.0
seller_1,p201,2023-06-26,908.8447955390335,999.99,582,0,0,0,26,6,669.0,584.0,696.0
seller_1,p201,2023-06-27,905.1518115942029,999.99,619,0,0,1,27,6,582.0,544.0,746.0
seller_1,p201,2023-06-28,908.0996415770609,999.9900000000001,678,0,0,2,28,6,619.0,507.0,586.0
seller_1,p201,2023-06-29,909.4504104477612,999.99,622,0,0,3,29,6,678.0,520.0,558.0
seller_1,p201,2023-06-30,907.3952845528455,999.99,582,0,0,4,30,6,622.0,542.0,489.0
seller_1,p201,2023-07-01,897.9874733096086,999.99,692,0,1,5,1,7,582.0,624.0,532.0
seller_1,p201,2023-07-02,899.4618650793651,999.99,642,0,1,6,2,7,692.0,669.0,562.0
seller_1,p201,2023-07-03,852.4394094488189,999.99,779,0,0,0,3,7,642.0,582.0,616.0
seller_1,p201,2023-07-04,850.520368852459,999.99,701,1,0,1,4,7,779.0,619.0,599.0
seller_1,p201,2023-07-05,852.3549659863945,999.99,866,0,0,2,5,7,701.0,678.0,559.0
seller_1,p201,2023-07-06,954.7457633587787,999.99,536,0,0,3,6,7,866.0,622.0,537.0
seller_1,p201,2023-07-07,953.8332217573222,999.99,494,0,0,4,7,7,536.0,582.0,605.0
seller_1,p201,2023-07-08,898.6987037037037,999.99,650,0,1,5,8,7,494.0,692.0,541.0
seller_1,p201,2023-07-09,899.787716535433,999.99,603,0,1,6,9,7,650.0,642.0,517.0
seller_1,p201,2023-07-10,952.7417499999999,999.99,537,0,0,0,10,7,603.0,779.0,569.0
seller_1,p201,2023-07-11,953.3242592592592,999.99,564,0,0,1,11,7,537.0,701.0,582.0
seller_1,p201,2023-07-12,952.892265625,999.99,525,0,0,2,12,7,564.0,866.0,567.0
seller_1,p201,2023-07-13,955.6624187725631,999.9899999999999,570,0,0,3,13,7,525.0,536.0,483.0
seller_1,p201,2023-07-14,952.3687732342008,999.99,592,0,0,4,14,7,570.0,494.0,556.0
seller_1,p201,2023-07-15,899.5232780082987,999.99,591,0,1,5,15,7,592.0,650.0,481.0
seller_1,p201,2023-07-16,903.0666153846154,999.99,650,0,1,6,16,7,591.0,603.0,554.0
seller_1,p201,2023-07-17,953.8054583333334,999.99,533,0,0,0,17,7,650.0,537.0,635.0
seller_1,p201,2023-07-18,952.4450400000001,999.99,517,0,0,1,18,7,533.0,564.0,558.0
seller_1,p201,2023-07-19,953.5303053435115,999.99,535,0,0,2,19,7,517.0,525.0,584.0
seller_1,p201,2023-07-20,953.3326970954356,999.99,493,0,0,3,20,7,535.0,570.0,544.0
seller_1,p201,2023-07-21,954.6297674418605,999.99,552,0,0,4,21,7,493.0,592.0,507.0
seller_1,p201,2023-07-22,898.7144106463879,999.99,647,0,1,5,22,7,552.0,591.0,520.0
seller_1,p201,2023-07-23,901.0601619433198,999.99,598,0,1,6,23,7,647.0,650.0,542.0
seller_1,p201,2023-07-24,954.2264179104477,999.99,516,0,0,0,24,7,598.0,533.0,624.0
seller_1,p201,2023-07-25,907.1613402061856,999.9900000000001,675,0,0,1,25,7,516.0,517.0,669.0
seller_1,p201,2023-07-26,908.8473863636364,999.9899999999999,654,0,0,2,26,7,675.0,535.0,582.0
seller_1,p201,2023-07-27,909.1129237288135,999.99,523,0,0,3,27,7,654.0,493.0,619.0
seller_1,p201,2023-07-28,909.0171119133573,999.9899999999999,625,0,0,4,28,7,523.0,552.0,678.0
seller_1,p201,2023-07-29,853.6042007434944,999.99,697,0,1,5,29,7,625.0,647.0,622.0
seller_1,p201,2023-07-30,851.8298281786942,999.9900000000001,748,0,1,6,30,7,697.0,598.0,582.0
seller_1,p201,2023-07-31,913.5718,999.99,548,0,0,0,31,7,748.0,516.0,692.0
seller_1,p201,2023-08-01,955.3574903474903,999.99,573,0,0,1,1,8,548.0,675.0,642.0
seller_1,p201,2023-08-02,957.1817982456141,999.99,518,0,0,2,2,8,573.0,654.0,779.0
seller_1,p201,2023-08-03,954.8524888888888,999.99,457,0,0,3,3,8,518.0,523.0,701.0
seller_1,p201,2023-08-04,956.3820503597123,999.9900000000001,574,0,0,4,4,8,457.0,625.0,866.0
seller_1,p201,2023-08-05,899.1499646643109,999.9899999999999,696,0,1,5,5,8,574.0,697.0,536.0
seller_1,p201,2023-08-06,899.4420164609054,999.99,577,0,1,6,6,8,696.0,748.0,494.0
seller_1,p201,2023-08-07,956.6546616541353,999.9900000000001,562,0,0,0,7,8,577.0,548.0,650.0
seller_1,p201,2023-08-08,956.2348076923076,999.99,549,0,0,1,8,8,562.0,573.0,603.0
seller_1,p201,2023-08-09,953.1903896103896,999.99,482,0,0,2,9,8,549.0,518.0,537.0
seller_1,p201,2023-08-10,956.9983712121212,999.9899999999999,556,0,0,3,10,8,482.0,457.0,564.0
seller_1,p201,2023-08-11,954.7978521126762,999.9899999999999,591,0,0,4,11,8,556.0,574.0,525.0
seller_1,p201,2023-08-12,900.9288537549407,999.99,578,0,1,5,12,8,591.0,696.0,570.0
seller_1,p201,2023-08-13,899.6615648854961,999.99,621,0,1,6,13,8,578.0,577.0,592.0
seller_1,p201,2023-08-14,957.3899115044247,999.99,495,0,0,0,14,8,621.0,562.0,591.0
seller_1,p201,2023-08-15,957.7305017921146,999.9900000000001,599,0,0,1,15,8,495.0,549.0,650.0
seller_1,p201,2023-08-16,956.13578125,999.99,531,0,0,2,16,8,599.0,482.0,533.0
seller_1,p201,2023-08-17,955.4262172284643,999.99,530,0,0,3,17,8,531.0,556.0,517.0
seller_1,p201,2023-08-18,951.8962083333333,999.99,508,0,0,4,18,8,530.0,591.0,535.0
seller_1,p201,2023-08-19,903.09448,999.99,573,0,1,5,19,8,508.0,578.0,493.0
seller_1,p201,2023-08-20,899.5190980392157,999.99,600,0,1,6,20,8,573.0,621.0,552.0
seller_1,p201,2023-08-21,956.7735384615385,999.99,530,0,0,0,21,8,600.0,495.0,647.0
seller_1,p201,2023-08-22,957.604631147541,999.99,481,0,0,1,22,8,530.0,599.0,598.0
seller_1,p201,2023-08-23,957.7510196078432,999.99,558,0,0,2,23,8,481.0,531.0,516.0
seller_1,p201,2023-08-24,953.7943986254295,999.9900000000001,583,0,0,3,24,8,558.0,530.0,675.0
seller_1,p201,2023-08-25,909.2029090909091,999.99,607,0,0,4,25,8,583.0,508.0,654.0
seller_1,p201,2023-08-26,852.1129811320754,999.9899999999999,669,0,1,5,26,8,607.0,573.0,523.0
seller_1,p201,2023-08-27,854.3912328767123,999.99,577,0,1,6,27,8,669.0,600.0,625.0
seller_1,p201,2023-08-28,903.0537313432835,999.99,624,0,0,0,28,8,577.0,530.0,697.0
seller_1,p201,2023-08-29,904.8572222222222,999.99,550,0,0,1,29,8,624.0,481.0,748.0
seller_1,p201,2023-08-30,904.180946969697,999.9899999999999,592,0,0,2,30,8,550.0,558.0,548.0
seller_1,p201,2023-08-31,912.4057954545455,999.9899999999999,619,0,0,3,31,8,592.0,583.0,573.0
seller_1,p201,2023-09-01,951.9729963898918,999.9899999999999,611,0,0,4,1,9,619.0,607.0,518.0
seller_1,p201,2023-09-02,899.1708301886792,999.9899999999999,670,0,1,5,2,9,611.0,669.0,457.0
seller_1,p201,2023-09-03,900.0363565891473,999.99,662,0,1,6,3,9,670.0,577.0,574.0
seller_1,p201,2023-09-04,958.3396124031008,999.99,593,1,0,0,4,9,662.0,624.0,696.0
seller_1,p201,2023-09-05,955.1344927536231,999.99,590,0,0,1,5,9,593.0,550.0,577.0
seller_1,p201,2023-09-06,950.6888047808766,999.99,539,0,0,2,6,9,590.0,592.0,562.0
seller_1,p201,2023-09-07,956.8670542635659,999.99,524,0,0,3,7,9,539.0,619.0,549.0
seller_1,p201,2023-09-08,954.156106557377,999.99,489,0,0,4,8,9,524.0,611.0,482.0
seller_1,p201,2023-09-09,902.639670781893,999.99,579,0,1,5,9,9,489.0,670.0,556.0
seller_1,p201,2023-09-10,901.7273170731708,999.99,602,0,1,6,10,9,579.0,662.0,591.0
seller_1,p201,2023-09-11,957.3959493670886,999.99,469,0,0,0,11,9,602.0,593.0,578.0
seller_1,p201,2023-09-12,955.524031007752,999.99,544,0,0,1,12,9,469.0,590.0,621.0
seller_1,p201,2023-09-13,957.3345381526104,999.99,485,0,0,2,13,9,544.0,539.0,495.0
seller_1,p201,2023-09-14,954.4585135135136,999.99,465,0,0,3,14,9,485.0,524.0,599.0
seller_1,p201,2023-09-15,958.4419330855019,999.99,548,0,0,4,15,9,465.0,489.0,531.0
seller_1,p201,2023-09-16,898.5315283842795,999.99,529,0,1,5,16,9,548.0,579.0,530.0
seller_1,p201,2023-09-17,898.52,999.9900000000001,677,0,1,6,17,9,529.0,602.0,508.0
seller_1,p201,2023-09-18,955.3489082969433,999.99,505,0,0,0,18,9,677.0,469.0,573.0
seller_1,p201,2023-09-19,958.3813768115942,999.99,571,0,0,1,19,9,505.0,544.0,600.0
seller_1,p201,2023-09-20,952.3252490421456,999.99,546,0,0,2,20,9,571.0,485.0,530.0
seller_1,p201,2023-09-21,960.2544398340249,999.99,502,0,0,3,21,9,546.0,465.0,481.0
seller_1,p201,2023-09-22,961.2148484848485,999.9899999999999,558,0,0,4,22,9,502.0,548.0,558.0
seller_1,p201,2023-09-23,898.6918725099601,999.99,630,0,1,5,23,9,558.0,529.0,583.0
seller_1,p201,2023-09-24,898.5517338709677,999.99,598,0,1,6,24,9,630.0,677.0,607.0
seller_1,p201,2023-09-25,911.6978884462152,999.99,589,0,0,0,25,9,598.0,505.0,669.0
seller_1,p201,2023-09-26,904.7385957446809,999.99,553,0,0,1,26,9,589.0,571.0,577.0
seller_1,p201,2023-09-27,904.1746721311475,999.99,577,0,0,2,27,9,553.0,546.0,624.0
seller_1,p201,2023-09-28,909.115528169014,999.9899999999999,663,0,0,3,28,9,577.0,502.0,550.0
seller_1,p201,2023-09-29,910.7975,999.9900000000001,593,0,0,4,29,9,663.0,558.0,592.0
seller_1,p201,2023-09-30,852.1335842293906,999.9900000000001,704,0,1,5,30,9,593.0,630.0,619.0
seller_1,p201,2023-10-01,900.6859848484848,999.9899999999999,688,0,1,6,1,10,704.0,598.0,611.0
seller_1,p201,2023-10-02,953.5867870036101,999.9899999999999,612,0,0,0,2,10,688.0,589.0,670.0
seller_1,p201,2023-10-03,957.4407326007326,999.9900000000001,571,0,0,1,3,10,612.0,553.0,662.0
seller_1,p201,2023-10-04,956.1276404494381,999.99,593,0,0,2,4,10,571.0,577.0,593.0
seller_1,p201,2023-10-05,954.6810486891386,999.99,568,0,0,3,5,10,593.0,663.0,590.0
seller_1,p201,2023-10-06,956.20734375,999.99,512,0,0,4,6,10,568.0,593.0,539.0
seller_1,p201,2023-10-07,900.4755252918287,999.99,578,0,1,5,7,10,512.0,704.0,524.0
seller_1,p201,2023-10-08,900.807969924812,999.9900000000001,648,0,1,6,8,10,578.0,688.0,489.0
seller_1,p201,2023-10-09,958.7538321167883,999.99,565,1,0,0,9,10,648.0,612.0,579.0
seller_1,p201,2023-10-10,953.6662921348315,999.99,515,0,0,1,10,10,565.0,571.0,602.0
seller_1,p201,2023-10-11,954.4758536585366,999.99,516,0,0,2,11,10,515.0,593.0,469.0
seller_1,p201,2023-10-12,956.1721455938697,999.99,570,0,0,3,12,10,516.0,568.0,544.0
seller_1,p201,2023-10-13,956.2413821138211,999.99,517,0,0,4,13,10,570.0,512.0,485.0
seller_1,p201,2023-10-14,899.1065882352941,999.99,636,0,1,5,14,10,517.0,578.0,465.0
seller_1,p201,2023-10-15,899.9115625,999.99,645,0,1,6,15,10,636.0,648.0,548.0
seller_1,p201,2023-10-16,958.0960223048327,999.99,559,0,0,0,16,10,645.0,565.0,529.0
seller_1,p201,2023-10-17,956.6837944664031,999.99,509,0,0,1,17,10,559.0,515.0,677.0
seller_1,p201,2023-10-18,953.8875272727273,999.99,576,0,0,2,18,10,509.0,516.0,505.0
seller_1,p201,2023-10-19,954.4912996389893,999.9899999999999,613,0,0,3,19,10,576.0,570.0,571.0
seller_1,p201,2023-10-20,952.4658333333333,999.99,522,0,0,4,20,10,613.0,517.0,546.0
seller_1,p201,2023-10-21,898.5370169491525,999.99,723,0,1,5,21,10,522.0,636.0,502.0
seller_1,p201,2023-10-22,897.9821782178217,999.9900000000001,753,0,1,6,22,10,723.0,645.0,558.0
seller_1,p201,2023-10-23,959.6112222222222,999.99,537,0,0,0,23,10,753.0,559.0,630.0
seller_1,p201,2023-10-24,953.3332638888888,999.99,618,0,0,1,24,10,537.0,509.0,598.0
seller_1,p201,2023-10-25,906.4165648854962,999.99,590,0,0,2,25,10,618.0,576.0,589.0
seller_1,p201,2023-10-26,908.221776061776,999.99,580,0,0,3,26,10,590.0,613.0,553.0
seller_1,p201,2023-10-27,907.5084230769231,999.99,591,0,0,4,27,10,580.0,522.0,577.0
seller_1,p201,2023-10-28,851.3533922261485,999.9899999999999,725,0,1,5,28,10,591.0,723.0,663.0
seller_1,p201,2023-10-29,852.085401459854,999.99,693,0,1,6,29,10,725.0,753.0,593.0
seller_1,p201,2023-10-30,816.6346641791044,999.99,821,0,0,0,30,10,693.0,537.0,704.0
seller_1,p201,2023-10-31,814.0683064516129,999.99,724,0,0,1,31,10,821.0,618.0,688.0
seller_1,p201,2023-11-01,846.5439024390244,999.99,804,0,0,2,1,11,724.0,590.0,612.0
seller_1,p201,2023-11-02,956.0156680161944,999.99,602,0,0,3,2,11,804.0,580.0,571.0
seller_1,p201,2023-11-03,955.3811196911197,999.99,626,0,0,4,3,11,602.0,591.0,593.0
seller_1,p201,2023-11-04,899.3582575757575,999.9899999999999,722,0,1,5,4,11,626.0,725.0,568.0
seller_1,p201,2023-11-05,901.3531785714287,999.99,780,0,1,6,5,11,722.0,693.0,512.0
seller_1,p201,2023-11-06,956.1236585365854,999.99,571,0,0,0,6,11,780.0,821.0,578.0
seller_1,p201,2023-11-07,959.6790272373541,999.99,578,0,0,1,7,11,571.0,724.0,648.0
seller_1,p201,2023-11-08,956.7560498220641,999.99,672,0,0,2,8,11,578.0,804.0,565.0
seller_1,p201,2023-11-09,959.5977824267782,999.99,562,0,0,3,9,11,672.0,602.0,515.0
seller_1,p201,2023-11-10,955.3948535564854,999.99,571,1,0,4,10,11,562.0,626.0,516.0
seller_1,p201,2023-11-11,898.6466549295775,999.9899999999999,749,0,1,5,11,11,571.0,722.0,570.0
seller_1,p201,2023-11-12,899.4740823970037,999.99,714,0,1,6,12,11,749.0,780.0,517.0
seller_1,p201,2023-11-13,953.9078294573643,999.99,582,0,0,0,13,11,714.0,571.0,636.0
seller_1,p201,2023-11-14,960.1854135338347,999.9900000000001,606,0,0,1,14,11,582.0,578.0,645.0
seller_1,p201,2023-11-15,952.4125992779783,999.9899999999999,630,0,0,2,15,11,606.0,672.0,559.0
seller_1,p201,2023-11-16,953.9799593495935,999.99,574,0,0,3,16,11,630.0,562.0,509.0
seller_1,p201,2023-11-17,955.2172183098592,999.9899999999999,692,0,0,4,17,11,574.0,571.0,576.0
seller_1,p201,2023-11-18,899.5740625,999.99,650,0,1,5,18,11,692.0,749.0,613.0
seller_1,p201,2023-11-19,897.5400000000001,999.99,674,0,1,6,19,11,650.0,714.0,522.0
seller_1,p201,2023-11-20,958.6012075471698,999.9899999999999,591,0,0,0,20,11,674.0,582.0,723.0
seller_1,p201,2023-11-21,955.3921673003803,999.99,623,0,0,1,21,11,591.0,606.0,753.0
seller_1,p201,2023-11-22,854.0749382716049,999.99,753,0,0,2,22,11,623.0,630.0,537.0
seller_1,p201,2023-11-23,848.5986973180077,999.99,766,1,0,3,23,11,753.0,574.0,618.0
seller_1,p201,2023-11-24,849.3344696969697,999.9899999999999,809,0,0,4,24,11,766.0,692.0,590.0
seller_1,p201,2023-11-25,855.0187815126051,999.99,657,0,1,5,25,11,809.0,650.0,580.0
seller_1,p201,2023-11-26,852.7842962962964,999.99,795,0,1,6,26,11,657.0,674.0,591.0
seller_1,p201,2023-11-27,910.1038152610442,999.99,591,0,0,0,27,11,795.0,591.0,725.0
seller_1,p201,2023-11-28,908.31628,999.99,627,0,0,1,28,11,591.0,623.0,693.0
seller_1,p201,2023-11-29,909.86663003663,999.9900000000001,694,0,0,2,29,11,627.0,753.0,821.0
seller_1,p201,2023-11-30,905.8778099173553,999.9900000000001,614,0,0,3,30,11,694.0,766.0,724.0
seller_1,p201,2023-12-01,956.2102469135802,999.99,559,0,0,4,1,12,614.0,809.0,804.0
seller_1,p201,2023-12-02,900.5616666666666,999.99,701,0,1,5,2,12,559.0,657.0,602.0
seller_1,p201,2023-12-03,897.5133047210301,999.99,660,0,1,6,3,12,701.0,795.0,626.0
seller_1,p201,2023-12-04,954.6274485596708,999.99,593,0,0,0,4,12,660.0,591.0,722.0
seller_1,p201,2023-12-05,953.7061660079052,999.99,612,0,0,1,5,12,593.0,627.0,780.0
seller_1,p201,2023-12-06,957.0055859375,999.99,593,0,0,2,6,12,612.0,694.0,571.0
seller_1,p201,2023-12-07,956.4499295774649,999.9899999999999,658,0,0,3,7,12,593.0,614.0,578.0
seller_1,p201,2023-12-08,956.4633707865169,999.99,630,0,0,4,8,12,658.0,559.0,672.0
seller_1,p201,2023-12-09,898.7086971830986,999.9899999999999,743,0,1,5,9,12,630.0,701.0,562.0
seller_1,p201,2023-12-10,903.4725,999.99,714,0,1,6,10,12,743.0,660.0,571.0
seller_1,p201,2023-12-11,956.9841666666667,999.9899999999999,579,0,0,0,11,12,714.0,593.0,749.0
seller_1,p201,2023-12-12,955.77203187251,999.99,599,0,0,1,12,12,579.0,612.0,714.0
seller_1,p201,2023-12-13,953.8853036437248,999.99,551,0,0,2,13,12,599.0,593.0,582.0
seller_1,p201,2023-12-14,958.3892803030303,999.9899999999999,587,0,0,3,14,12,551.0,658.0,606.0
seller_1,p201,2023-12-15,949.8972131147541,999.99,559,0,0,4,15,12,587.0,630.0,630.0
seller_1,p201,2023-12-16,898.1547940074906,999.99,715,0,1,5,16,12,559.0,743.0,574.0
seller_1,p201,2023-12-17,900.672337164751,999.99,705,0,1,6,17,12,715.0,714.0,692.0
seller_1,p201,2023-12-18,957.7828404669261,999.99,577,0,0,0,18,12,705.0,579.0,650.0
seller_1,p201,2023-12-19,952.382,999.99,574,0,0,1,19,12,577.0,599.0,674.0
seller_1,p201,2023-12-20,958.0245419847328,999.99,616,0,0,2,20,12,574.0,551.0,591.0
seller_1,p201,2023-12-21,953.2986641221374,999.99,606,0,0,3,21,12,616.0,587.0,623.0
