product-sale-prediction-AI/data/prepared_daily_sales.csv
seller_id,product_id,date,sale_price,original_price,quantity,is_holiday,is_weekend,day_of_week,day_of_month,month,lag_1,lag_7,lag_30
seller_1,p201,2023-12-22,958.1860769230769,999.99,567,0,0,4,22,12,606.0,559.0,753.0
seller_1,p201,2023-12-23,901.9900763358778,999.99,655,0,1,5,23,12,567.0,715.0,766.0
seller_1,p201,2023-12-24,854.8992276422764,999.99,800,0,1,6,24,12,655.0,705.0,809.0
seller_1,p201,2023-12-25,814.3195488721805,999.9900000000001,909,1,0,0,25,12,800.0,577.0,657.0
seller_1,p201,2023-12-26,815.9691505791507,999.99,839,0,0,1,26,12,909.0,574.0,795.0
seller_1,p201,2023-12-27,904.8463385826772,999.99,652,0,0,2,27,12,839.0,616.0,591.0
seller_1,p201,2023-12-28,910.279427480916,999.99,664,0,0,3,28,12,652.0,606.0,627.0
seller_1,p201,2023-12-29,911.3750373134329,999.99,670,0,0,4,29,12,664.0,567.0,694.0
seller_1,p201,2023-12-30,846.7637944664032,999.99,746,0,1,5,30,12,670.0,655.0,614.0
seller_1,p201,2023-12-31,815.3635915492958,999.9899999999999,957,0,1,6,31,12,746.0,800.0,559.0
seller_1,p201,2024-01-01,852.049076923077,999.99,746,1,0,0,1,1,957.0,909.0,701.0
seller_1,p201,2024-01-02,849.8970610687023,999.99,773,0,0,1,2,1,746.0,839.0,660.0
seller_1,p201,2024-01-03,957.1644782608695,999.99,482,0,0,2,3,1,773.0,652.0,593.0
seller_1,p201,2024-01-04,956.61008097166,999.99,530,0,0,3,4,1,482.0,664.0,612.0
seller_1,p201,2024-01-05,953.4618888888889,999.99,614,0,0,4,5,1,530.0,670.0,593.0
seller_1,p201,2024-01-06,898.497250996016,999.99,630,0,1,5,6,1,614.0,746.0,658.0
seller_1,p201,2024-01-07,902.5674074074075,999.99,597,0,1,6,7,1,630.0,957.0,630.0
seller_1,p201,2024-01-08,952.6576893939394,999.9899999999999,566,0,0,0,8,1,597.0,746.0,743.0
seller_1,p201,2024-01-09,956.1341897233202,999.99,538,0,0,1,9,1,566.0,773.0,714.0
seller_1,p201,2024-01-10,958.1562323943662,999.9899999999999,594,0,0,2,10,1,538.0,482.0,579.0
seller_1,p201,2024-01-11,955.605415162455,999.9899999999999,565,0,0,3,11,1,594.0,530.0,599.0
seller_1,p201,2024-01-12,954.2687447698745,999.99,516,0,0,4,12,1,565.0,614.0,551.0
seller_1,p201,2024-01-13,898.6877131782945,999.99,619,0,1,5,13,1,516.0,630.0,587.0
seller_1,p201,2024-01-14,896.7372556390977,999.9900000000001,602,0,1,6,14,1,619.0,597.0,559.0
seller_1,p201,2024-01-15,956.8346332046333,999.99,573,1,0,0,15,1,602.0,566.0,715.0
seller_1,p201,2024-01-16,955.7434586466165,999.9900000000001,586,0,0,1,16,1,573.0,538.0,705.0
seller_1,p201,2024-01-17,956.3416862745098,999.99,559,0,0,2,17,1,586.0,594.0,577.0
seller_1,p201,2024-01-18,953.3695278969957,999.99,481,0,0,3,18,1,559.0,565.0,574.0
seller_1,p201,2024-01-19,955.2405405405405,999.99,533,0,0,4,19,1,481.0,516.0,616.0
seller_1,p201,2024-01-20,899.7405836575875,999.99,588,0,1,5,20,1,533.0,619.0,606.0
seller_1,p201,2024-01-21,901.5097233201581,999.99,623,0,1,6,21,1,588.0,602.0,567.0
seller_1,p201,2024-01-22,955.3921457489878,999.99,521,0,0,0,22,1,623.0,573.0,655.0
seller_1,p201,2024-01-23,953.9128873239437,999.9899999999999,610,0,0,1,23,1,521.0,586.0,800.0
seller_1,p201,2024-01-24,956.7594466403162,999.99,541,0,0,2,24,1,610.0,559.0,909.0
seller_1,p201,2024-01-25,906.8042857142857,999.99,584,0,0,3,25,1,541.0,481.0,839.0
seller_1,p201,2024-01-26,906.0052697095435,999.99,561,0,0,4,26,1,584.0,533.0,652.0
seller_1,p201,2024-01-27,852.6284189723319,999.99,699,0,1,5,27,1,561.0,588.0,664.0
seller_1,p201,2024-01-28,847.56364,999.99,629,0,1,6,28,1,699.0,623.0,670.0
seller_1,p201,2024-01-29,906.0981640625,999.99,566,0,0,0,29,1,629.0,521.0,746.0
seller_1,p201,2024-01-30,910.5885490196077,999.99,595,0,0,1,30,1,566.0,610.0,957.0
seller_1,p201,2024-01-31,902.4135135135135,999.99,603,0,0,2,31,1,595.0,541.0,746.0
seller_1,p201,2024-02-01,956.1695849056604,999.9899999999999,580,0,0,3,1,2,603.0,584.0,773.0
seller_1,p201,2024-02-02,957.8825098039216,999.99,556,0,0,4,2,2,580.0,561.0,482.0
seller_1,p201,2024-02-03,900.021870503597,999.9900000000001,678,0,1,5,3,2,556.0,699.0,530.0
seller_1,p201,2024-02-04,903.1655849056604,999.9899999999999,636,0,1,6,4,2,678.0,629.0,614.0
seller_1,p201,2024-02-05,959.7632098765432,999.99,511,0,0,0,5,2,636.0,566.0,630.0
seller_1,p201,2024-02-06,955.6057563025211,999.99,540,0,0,1,6,2,511.0,595.0,597.0
seller_1,p201,2024-02-07,955.662,999.99,530,0,0,2,7,2,540.0,603.0,566.0
seller_1,p201,2024-02-08,951.4547955390334,999.99,566,0,0,3,8,2,530.0,580.0,538.0
seller_1,p201,2024-02-09,956.9473493975904,999.99,497,0,0,4,9,2,566.0,556.0,594.0
seller_1,p201,2024-02-10,898.7175862068966,999.9899999999999,688,0,1,5,10,2,497.0,678.0,565.0
seller_1,p201,2024-02-11,900.4259363957598,999.9899999999999,705,0,1,6,11,2,688.0,636.0,516.0
seller_1,p201,2024-02-12,957.613779527559,999.99,521,0,0,0,12,2,705.0,511.0,619.0
seller_1,p201,2024-02-13,848.0713043478261,999.99,797,0,0,1,13,2,521.0,540.0,602.0
seller_1,p201,2024-02-14,850.3377011494254,999.99,710,0,0,2,14,2,797.0,530.0,573.0
seller_1,p201,2024-02-15,849.7022641509434,999.99,593,0,0,3,15,2,710.0,566.0,586.0
seller_1,p201,2024-02-16,954.5750883392226,999.9899999999999,581,0,0,4,16,2,593.0,497.0,559.0
seller_1,p201,2024-02-17,901.9981481481482,999.9900000000001,704,0,1,5,17,2,581.0,688.0,481.0
seller_1,p201,2024-02-18,903.2325619834711,999.9900000000001,570,0,1,6,18,2,704.0,705.0,533.0
seller_1,p201,2024-02-19,953.8393308550186,999.99,526,1,0,0,19,2,570.0,521.0,588.0
seller_1,p201,2024-02-20,955.4694964028778,999.9900000000001,530,0,0,1,20,2,526.0,797.0,623.0
seller_1,p201,2024-02-21,955.772183908046,999.99,549,0,0,2,21,2,530.0,710.0,521.0
seller_1,p201,2024-02-22,953.1379496402877,999.9900000000001,588,0,0,3,22,2,549.0,593.0,610.0
seller_1,p201,2024-02-23,954.5867896678966,999.9899999999999,573,0,0,4,23,2,588.0,581.0,541.0
seller_1,p201,2024-02-24,897.8907194244604,999.9900000000001,674,0,1,5,24,2,573.0,704.0,584.0
seller_1,p201,2024-02-25,851.9091923076924,999.99,685,0,1,6,25,2,674.0,570.0,561.0
seller_1,p201,2024-02-26,902.6033905579399,999.99,539,0,0,0,26,2,685.0,526.0,699.0
seller_1,p201,2024-02-27,905.3450561797753,999.99,628,0,0,1,27,2,539.0,530.0,629.0
seller_1,p201,2024-02-28,904.9462934362934,999.99,574,0,0,2,28,2,628.0,549.0,566.0
seller_1,p201,2024-02-29,907.6015525114154,999.99,506,0,0,3,29,2,574.0,588.0,595.0
seller_1,p201,2024-03-01,953.0324705882352,999.99,566,0,0,4,1,3,506.0,573.0,603.0
seller_1,p201,2024-03-02,899.9691481481482,999.99,692,0,1,5,2,3,566.0,674.0,580.0
seller_1,p201,2024-03-03,898.1142435424354,999.9899999999999,684,0,1,6,3,3,692.0,685.0,556.0
seller_1,p201,2024-03-04,955.3637867647059,999.9900000000001,575,0,0,0,4,3,684.0,539.0,678.0
seller_1,p201,2024-03-05,954.9732824427481,999.99,576,0,0,1,5,3,575.0,628.0,636.0
seller_1,p201,2024-03-06,957.3685826771654,999.99,547,0,0,2,6,3,576.0,574.0,511.0
seller_1,p201,2024-03-07,957.5490625,999.99,507,0,0,3,7,3,547.0,506.0,540.0
seller_1,p201,2024-03-08,954.5478867924528,999.9899999999999,565,0,0,4,8,3,507.0,566.0,530.0
seller_1,p201,2024-03-09,900.5026642335766,999.99,646,0,1,5,9,3,565.0,692.0,566.0
seller_1,p201,2024-03-10,900.1591153846153,999.99,618,0,1,6,10,3,646.0,684.0,497.0
seller_1,p201,2024-03-11,957.912984496124,999.99,535,0,0,0,11,3,618.0,575.0,688.0
seller_1,p201,2024-03-12,954.4921343873518,999.99,557,0,0,1,12,3,535.0,576.0,705.0
seller_1,p201,2024-03-13,957.9081538461538,999.99,537,0,0,2,13,3,557.0,547.0,521.0
seller_1,p201,2024-03-14,955.4149416342412,999.99,541,0,0,3,14,3,537.0,507.0,797.0
seller_1,p201,2024-03-15,954.5900395256917,999.99,498,0,0,4,15,3,541.0,565.0,710.0
seller_1,p201,2024-03-16,900.6820717131475,999.99,623,0,1,5,16,3,498.0,646.0,593.0
seller_1,p201,2024-03-17,899.1505574912892,999.99,704,0,1,6,17,3,623.0,618.0,581.0
seller_1,p201,2024-03-18,956.1594488188977,999.99,521,0,0,0,18,3,704.0,535.0,704.0
seller_1,p201,2024-03-19,957.3352066115702,999.9900000000001,487,0,0,1,19,3,521.0,557.0,570.0
seller_1,p201,2024-03-20,956.6601185770751,999.99,530,0,0,2,20,3,487.0,537.0,526.0
seller_1,p201,2024-03-21,955.8753731343284,999.99,595,0,0,3,21,3,530.0,541.0,530.0
seller_1,p201,2024-03-22,956.9821660649819,999.9899999999999,575,0,0,4,22,3,595.0,498.0,549.0
seller_1,p201,2024-03-23,900.9616725978648,999.99,676,0,1,5,23,3,575.0,623.0,588.0
seller_1,p201,2024-03-24,900.0162724014338,999.9900000000001,649,0,1,6,24,3,676.0,704.0,573.0
seller_1,p201,2024-03-25,909.9910671936758,999.99,591,0,0,0,25,3,649.0,521.0,674.0
seller_1,p201,2024-03-26,908.32832,999.99,576,0,0,1,26,3,591.0,487.0,685.0
seller_1,p201,2024-03-27,907.9501646090536,999.99,554,0,0,2,27,3,576.0,530.0,539.0
seller_1,p201,2024-03-28,909.2302527075813,999.9899999999999,596,0,0,3,28,3,554.0,595.0,628.0
seller_1,p201,2024-03-29,905.8671320754718,999.9899999999999,601,0,0,4,29,3,596.0,575.0,574.0
seller_1,p201,2024-03-30,853.9392657342657,999.99,732,0,1,5,30,3,601.0,676.0,506.0
seller_1,p201,2024-03-31,851.035035971223,999.9900000000001,733,0,1,6,31,3,732.0,649.0,566.0
seller_1,p201,2024-04-01,957.7973308270676,999.9900000000001,566,0,0,0,1,4,733.0,591.0,692.0
seller_1,p201,2024-04-02,954.0646456692914,999.99,572,0,0,1,2,4,566.0,576.0,684.0
seller_1,p201,2024-04-03,952.9275708502024,999.99,523,0,0,2,3,4,572.0,554.0,575.0
seller_1,p201,2024-04-04,954.28248,999.99,521,0,0,3,4,4,523.0,596.0,576.0
seller_1,p201,2024-04-05,956.9467857142857,999.99,558,0,0,4,5,4,521.0,601.0,547.0
seller_1,p201,2024-04-06,898.674785992218,999.99,639,0,1,5,6,4,558.0,732.0,507.0
seller_1,p201,2024-04-07,901.5213605442178,999.99,711,0,1,6,7,4,639.0,733.0,565.0
seller_1,p201,2024-04-08,954.157626459144,999.99,541,0,0,0,8,4,711.0,566.0,646.0
seller_1,p201,2024-04-09,957.4751012145749,999.99,490,0,0,1,9,4,541.0,572.0,618.0
seller_1,p201,2024-04-10,954.4969166666667,999.99,509,0,0,2,10,4,490.0,523.0,535.0
seller_1,p201,2024-04-11,958.4187218045113,999.9900000000001,564,0,0,3,11,4,509.0,521.0,557.0
seller_1,p201,2024-04-12,951.2536466165413,999.9900000000001,528,0,0,4,12,4,564.0,558.0,537.0
seller_1,p201,2024-04-13,898.5192857142857,999.9900000000001,643,0,1,5,13,4,528.0,639.0,541.0
seller_1,p201,2024-04-14,898.5008633093524,999.9900000000001,631,0,1,6,14,4,643.0,711.0,498.0
seller_1,p201,2024-04-15,954.6092063492063,999.99,509,0,0,0,15,4,631.0,541.0,623.0
seller_1,p201,2024-04-16,953.907519379845,999.99,518,0,0,1,16,4,509.0,490.0,704.0
seller_1,p201,2024-04-17,956.7524812030075,999.9900000000001,553,0,0,2,17,4,518.0,509.0,521.0
seller_1,p201,2024-04-18,958.0497003745318,999.99,537,0,0,3,18,4,553.0,564.0,487.0
seller_1,p201,2024-04-19,951.6967068273093,999.99,517,0,0,4,19,4,537.0,528.0,530.0
seller_1,p201,2024-04-20,904.0657142857143,999.99,581,0,1,5,20,4,517.0,643.0,595.0
seller_1,p201,2024-04-21,899.4385144927536,999.99,691,0,1,6,21,4,581.0,631.0,575.0
seller_1,p201,2024-04-22,951.0006569343066,999.99,580,0,0,0,22,4,691.0,509.0,676.0
seller_1,p201,2024-04-23,959.8364166666667,999.99,497,0,0,1,23,4,580.0,518.0,649.0
seller_1,p201,2024-04-24,957.08003875969,999.99,524,0,0,2,24,4,497.0,553.0,591.0
seller_1,p201,2024-04-25,906.5356147540983,999.99,569,0,0,3,25,4,524.0,537.0,576.0
seller_1,p201,2024-04-26,902.9926492537313,999.99,624,0,0,4,26,4,569.0,517.0,554.0
seller_1,p201,2024-04-27,852.8321960784314,999.99,657,0,1,5,27,4,624.0,581.0,596.0
seller_1,p201,2024-04-28,853.0484583333333,999.99,578,0,1,6,28,4,657.0,691.0,601.0
seller_1,p201,2024-04-29,905.348717948718,999.99,510,0,0,0,29,4,578.0,580.0,732.0
seller_1,p201,2024-04-30,905.0344528301887,999.9899999999999,582,0,0,1,30,4,510.0,497.0,733.0
seller_1,p201,2024-05-01,956.5657471264368,999.99,575,0,0,2,1,5,582.0,524.0,566.0
seller_1,p201,2024-05-02,955.660234375,999.99,553,0,0,3,2,5,575.0,569.0,572.0
seller_1,p201,2024-05-03,950.8905791505791,999.99,554,0,0,4,3,5,553.0,624.0,523.0
seller_1,p201,2024-05-04,901.7577906976744,999.99,615,0,1,5,4,5,554.0,657.0,521.0
seller_1,p201,2024-05-05,897.5253584905661,999.9899999999999,661,0,1,6,5,5,615.0,578.0,558.0
seller_1,p201,2024-05-06,953.2194402985075,999.99,539,0,0,0,6,5,661.0,510.0,639.0
seller_1,p201,2024-05-07,957.4676171875,999.99,538,0,0,1,7,5,539.0,582.0,711.0
seller_1,p201,2024-05-08,959.58632,999.99,526,0,0,2,8,5,538.0,575.0,541.0
seller_1,p201,2024-05-09,957.79576,999.99,558,0,0,3,9,5,526.0,553.0,490.0
seller_1,p201,2024-05-10,958.823449477352,999.99,617,0,0,4,10,5,558.0,554.0,509.0
seller_1,p201,2024-05-11,899.151282051282,999.99,557,0,1,5,11,5,617.0,615.0,564.0
seller_1,p201,2024-05-12,900.6059176029962,999.99,668,0,1,6,12,5,557.0,661.0,528.0
seller_1,p201,2024-05-13,956.5230769230769,999.99,493,0,0,0,13,5,668.0,539.0,643.0
seller_1,p201,2024-05-14,955.64912,999.99,537,0,0,1,14,5,493.0,538.0,631.0
seller_1,p201,2024-05-15,953.7056317689531,999.9899999999999,590,0,0,2,15,5,537.0,526.0,509.0
seller_1,p201,2024-05-16,955.8540562248996,999.99,515,0,0,3,16,5,590.0,558.0,518.0
seller_1,p201,2024-05-17,949.757037037037,999.99,495,0,0,4,17,5,515.0,617.0,553.0
seller_1,p201,2024-05-18,899.889169550173,999.9899999999999,662,0,1,5,18,5,495.0,557.0,537.0
seller_1,p201,2024-05-19,901.9388732394367,999.9899999999999,673,0,1,6,19,5,662.0,668.0,517.0
seller_1,p201,2024-05-20,956.1806691449814,999.99,556,0,0,0,20,5,673.0,493.0,581.0
seller_1,p201,2024-05-21,950.3350617283951,999.99,540,0,0,1,21,5,556.0,537.0,691.0
seller_1,p201,2024-05-22,958.4274626865672,999.99,583,0,0,2,22,5,540.0,590.0,580.0
seller_1,p201,2024-05-23,954.7986561264822,999.99,536,0,0,3,23,5,583.0,515.0,497.0
seller_1,p201,2024-05-24,956.0840072202167,999.9899999999999,563,0,0,4,24,5,536.0,495.0,524.0
seller_1,p201,2024-05-25,853.53073800738,999.9899999999999,704,0,1,5,25,5,563.0,662.0,569.0
seller_1,p201,2024-05-26,850.2406926406927,999.99,618,0,1,6,26,5,704.0,673.0,624.0
seller_1,p201,2024-05-27,908.490177935943,999.99,667,1,0,0,27,5,618.0,556.0,657.0
seller_1,p201,2024-05-28,907.5710606060607,999.9899999999999,622,0,0,1,28,5,667.0,540.0,578.0
seller_1,p201,2024-05-29,909.8820895522388,999.99,559,0,0,2,29,5,622.0,583.0,510.0
seller_1,p201,2024-05-30,907.5320149253731,999.99,605,0,0,3,30,5,559.0,536.0,582.0
seller_1,p201,2024-05-31,910.6141106719367,999.99,567,0,0,4,31,5,605.0,563.0,575.0
seller_1,p201,2024-06-01,900.778652173913,999.99,582,0,1,5,1,6,567.0,704.0,553.0
seller_1,p201,2024-06-02,896.4439662447257,999.99,565,0,1,6,2,6,582.0,618.0,554.0
seller_1,p201,2024-06-03,955.0453125,999.99,536,0,0,0,3,6,565.0,667.0,615.0
seller_1,p201,2024-06-04,955.6949454545454,999.99,646,0,0,1,4,6,536.0,622.0,661.0
seller_1,p201,2024-06-05,954.6908764940239,999.99,537,0,0,2,5,6,646.0,559.0,539.0
seller_1,p201,2024-06-06,955.8962592592592,999.99,583,0,0,3,6,6,537.0,605.0,538.0
seller_1,p201,2024-06-07,952.19304,999.99,521,0,0,4,7,6,583.0,567.0,526.0
seller_1,p201,2024-06-08,905.998987854251,999.99,615,0,1,5,8,6,521.0,582.0,558.0
seller_1,p201,2024-06-09,900.5172173913043,999.99,529,0,1,6,9,6,615.0,565.0,617.0
seller_1,p201,2024-06-10,955.98424,999.99,540,0,0,0,10,6,529.0,536.0,557.0
seller_1,p201,2024-06-11,953.0578091872791,999.9899999999999,576,0,0,1,11,6,540.0,646.0,668.0
seller_1,p201,2024-06-12,951.2879562043795,999.99,566,0,0,2,12,6,576.0,537.0,493.0
seller_1,p201,2024-06-13,955.9724902723735,999.99,502,0,0,3,13,6,566.0,583.0,537.0
seller_1,p201,2024-06-14,952.5585384615384,999.99,556,0,0,4,14,6,502.0,521.0,590.0
seller_1,p201,2024-06-15,900.7608727272727,999.99,669,0,1,5,15,6,556.0,615.0,515.0
seller_1,p201,2024-06-16,898.917972027972,999.99,686,0,1,6,16,6,669.0,529.0,495.0
seller_1,p201,2024-06-17,955.9558158995816,999.99,492,0,0,0,17,6,686.0,540.0,662.0
seller_1,p201,2024-06-18,955.0337762237762,999.99,624,0,0,1,18,6,492.0,576.0,673.0
seller_1,p201,2024-06-19,956.2855813953488,999.99,517,1,0,2,19,6,624.0,566.0,556.0
seller_1,p201,2024-06-20,952.4736678200693,999.9899999999999,582,0,0,3,20,6,517.0,502.0,540.0
seller_1,p201,2024-06-21,954.769138576779,999.99,533,0,0,4,21,6,582.0,556.0,583.0
seller_1,p201,2024-06-22,899.5156790123457,999.99,576,0,1,5,22,6,533.0,669.0,536.0
seller_1,p201,2024-06-23,898.2391366906476,999.9900000000001,696,0,1,6,23,6,576.0,686.0,563.0
seller_1,p201,2024-06-24,955.2090287769784,999.9900000000001,585,0,0,0,24,6,696.0,492.0,704.0
seller_1,p201,2024-06-25,904.1242962962963,999.99,568,0,0,1,25,6,585.0,624.0,618.0
seller_1,p201,2024-06-26,909.7495,999.99,580,0,0,2,26,6,568.0,517.0,667.0
seller_1,p201,2024-06-27,908.4952966101696,999.99,533,0,0,3,27,6,580.0,582.0,622.0
seller_1,p201,2024-06-28,907.0798863636363,999.9899999999999,620,0,0,4,28,6,533.0,533.0,559.0
seller_1,p201,2024-06-29,851.5232600732601,999.9900000000001,706,0,1,5,29,6,620.0,576.0,605.0
seller_1,p201,2024-06-30,852.1288235294118,999.9900000000001,741,0,1,6,30,6,706.0,696.0,567.0
seller_1,p201,2024-07-01,955.0704098360656,999.99,510,0,0,0,1,7,741.0,585.0,582.0
seller_1,p201,2024-07-02,955.7299239543727,999.99,570,0,0,1,2,7,510.0,568.0,565.0
seller_1,p201,2024-07-03,850.9823076923077,999.99,742,0,0,2,3,7,570.0,580.0,536.0
seller_1,p201,2024-07-04,850.3227272727272,999.99,826,1,0,3,4,7,742.0,533.0,646.0
seller_1,p201,2024-07-05,849.8024427480916,999.99,785,0,0,4,5,7,826.0,620.0,537.0
seller_1,p201,2024-07-06,901.0080708661417,999.99,589,0,1,5,6,7,785.0,706.0,583.0
seller_1,p201,2024-07-07,902.222125984252,999.99,555,0,1,6,7,7,589.0,741.0,521.0
seller_1,p201,2024-07-08,956.6914173228346,999.99,538,0,0,0,8,7,555.0,510.0,615.0
seller_1,p201,2024-07-09,954.107468879668,999.99,494,0,0,1,9,7,538.0,570.0,529.0
seller_1,p201,2024-07-10,956.1287890625,999.99,539,0,0,2,10,7,494.0,742.0,540.0
seller_1,p201,2024-07-11,959.8440677966103,999.99,511,0,0,3,11,7,539.0,826.0,576.0
seller_1,p201,2024-07-12,952.8578260869566,999.99,574,0,0,4,12,7,511.0,785.0,566.0
seller_1,p201,2024-07-13,902.3204887218045,999.9900000000001,625,0,1,5,13,7,574.0,589.0,502.0
seller_1,p201,2024-07-14,899.5612550607287,999.99,556,0,1,6,14,7,625.0,555.0,556.0
seller_1,p201,2024-07-15,955.331231884058,999.99,579,0,0,0,15,7,556.0,538.0,669.0
seller_1,p201,2024-07-16,954.6196680497925,999.99,491,0,0,1,16,7,579.0,494.0,686.0
seller_1,p201,2024-07-17,954.7825819672132,999.99,491,0,0,2,17,7,491.0,539.0,492.0
seller_1,p201,2024-07-18,957.1365660377359,999.9899999999999,566,0,0,3,18,7,491.0,511.0,624.0
