product-sale-prediction-AI/data/prepared_daily_sales.csv
seller_id,product_id,date,sale_price,original_price,quantity,is_holiday,is_weekend,day_of_week,day_of_month,month,lag_1,lag_7,lag_30
seller_1,p201,2024-07-19,956.0578597785977,999.9899999999999,540,0,0,4,19,7,566.0,574.0,517.0
seller_1,p201,2024-07-20,901.2011111111111,999.99,608,0,1,5,20,7,540.0,625.0,582.0
seller_1,p201,2024-07-21,898.308256227758,999.99,705,0,1,6,21,7,608.0,556.0,533.0
seller_1,p201,2024-07-22,948.6284926470589,999.9900000000001,585,0,0,0,22,7,705.0,579.0,576.0
seller_1,p201,2024-07-23,955.7635000000001,999.99,601,0,0,1,23,7,585.0,491.0,696.0
seller_1,p201,2024-07-24,957.0046037735849,999.9899999999999,561,0,0,2,24,7,601.0,491.0,585.0
seller_1,p201,2024-07-25,905.6141803278688,999.99,543,0,0,3,25,7,561.0,566.0,568.0
seller_1,p201,2024-07-26,907.5520392156862,999.99,576,0,0,4,26,7,543.0,540.0,580.0
seller_1,p201,2024-07-27,852.5887301587301,999.99,680,0,1,5,27,7,576.0,608.0,533.0
seller_1,p201,2024-07-28,851.5231578947369,999.9900000000001,753,0,1,6,28,7,680.0,705.0,620.0
seller_1,p201,2024-07-29,910.5343968871596,999.99,582,0,0,0,29,7,753.0,585.0,706.0
seller_1,p201,2024-07-30,908.3476724137931,999.99,509,0,0,1,30,7,582.0,601.0,741.0
seller_1,p201,2024-07-31,906.7053333333333,999.99,598,0,0,2,31,7,509.0,561.0,510.0
seller_1,p201,2024-08-01,955.5952692307692,999.99,592,0,0,3,1,8,598.0,543.0,570.0
seller_1,p201,2024-08-02,956.8573809523809,999.99,561,0,0,4,2,8,592.0,576.0,742.0
seller_1,p201,2024-08-03,899.9978070175439,999.99,584,0,1,5,3,8,561.0,680.0,826.0
seller_1,p201,2024-08-04,902.671937984496,999.99,629,0,1,6,4,8,584.0,753.0,785.0
seller_1,p201,2024-08-05,954.950919117647,999.9900000000001,600,0,0,0,5,8,629.0,582.0,589.0
seller_1,p201,2024-08-06,958.6863596491228,999.99,463,0,0,1,6,8,600.0,509.0,555.0
seller_1,p201,2024-08-07,955.494,999.9899999999999,545,0,0,2,7,8,463.0,598.0,538.0
seller_1,p201,2024-08-08,957.4228451882846,999.99,509,0,0,3,8,8,545.0,592.0,494.0
seller_1,p201,2024-08-09,957.8550799999999,999.99,531,0,0,4,9,8,509.0,561.0,539.0
seller_1,p201,2024-08-10,902.0005485232068,999.99,563,0,1,5,10,8,531.0,584.0,511.0
seller_1,p201,2024-08-11,900.4083720930232,999.99,618,0,1,6,11,8,563.0,629.0,574.0
seller_1,p201,2024-08-12,958.4246616541353,999.9900000000001,560,0,0,0,12,8,618.0,600.0,625.0
seller_1,p201,2024-08-13,951.6970769230769,999.99,530,0,0,1,13,8,560.0,463.0,556.0
seller_1,p201,2024-08-14,955.041,999.99,520,0,0,2,14,8,530.0,545.0,579.0
seller_1,p201,2024-08-15,955.1652263374485,999.99,463,0,0,3,15,8,520.0,509.0,491.0
seller_1,p201,2024-08-16,954.1156722689076,999.99,491,0,0,4,16,8,463.0,531.0,491.0
seller_1,p201,2024-08-17,898.6910699588477,999.99,562,0,1,5,17,8,491.0,563.0,566.0
seller_1,p201,2024-08-18,899.65876,999.99,601,0,1,6,18,8,562.0,618.0,540.0
seller_1,p201,2024-08-19,955.6165416666666,999.99,483,0,0,0,19,8,601.0,560.0,608.0
seller_1,p201,2024-08-20,960.0231034482758,999.99,549,0,0,1,20,8,483.0,530.0,705.0
seller_1,p201,2024-08-21,957.7534082397004,999.99,533,0,0,2,21,8,549.0,520.0,585.0
seller_1,p201,2024-08-22,956.7102527075812,999.9899999999999,588,0,0,3,22,8,533.0,463.0,601.0
seller_1,p201,2024-08-23,959.1671020408163,999.99,514,0,0,4,23,8,588.0,491.0,561.0
seller_1,p201,2024-08-24,900.9405243445693,999.99,617,0,1,5,24,8,514.0,562.0,543.0
seller_1,p201,2024-08-25,854.4267407407408,999.99,704,0,1,6,25,8,617.0,601.0,576.0
seller_1,p201,2024-08-26,905.313185483871,999.99,554,0,0,0,26,8,704.0,483.0,680.0
seller_1,p201,2024-08-27,908.5367527675277,999.9899999999999,625,0,0,1,27,8,554.0,549.0,753.0
seller_1,p201,2024-08-28,907.1586693548387,999.99,563,0,0,2,28,8,625.0,533.0,582.0
seller_1,p201,2024-08-29,907.4579446640315,999.99,583,0,0,3,29,8,563.0,588.0,509.0
seller_1,p201,2024-08-30,905.615447761194,999.99,611,0,0,4,30,8,583.0,514.0,598.0
seller_1,p201,2024-08-31,853.3770661157025,999.9900000000001,610,0,1,5,31,8,611.0,617.0,592.0
seller_1,p201,2024-09-01,897.3437549407115,999.99,646,0,1,6,1,9,610.0,704.0,561.0
seller_1,p201,2024-09-02,956.7981818181819,999.9900000000001,500,1,0,0,2,9,646.0,554.0,584.0
seller_1,p201,2024-09-03,953.39328125,999.99,555,0,0,1,3,9,500.0,625.0,629.0
seller_1,p201,2024-09-04,953.025962962963,999.99,571,0,0,2,4,9,555.0,563.0,600.0
seller_1,p201,2024-09-05,956.7222426470589,999.9900000000001,568,0,0,3,5,9,571.0,583.0,463.0
seller_1,p201,2024-09-06,955.3920727272728,999.99,584,0,0,4,6,9,568.0,611.0,545.0
seller_1,p201,2024-09-07,899.3770292887028,999.99,554,0,1,5,7,9,584.0,610.0,509.0
seller_1,p201,2024-09-08,899.0302608695652,999.99,561,0,1,6,8,9,554.0,646.0,531.0
seller_1,p201,2024-09-09,958.6340977443609,999.9900000000001,560,0,0,0,9,9,561.0,500.0,563.0
seller_1,p201,2024-09-10,959.4646545454547,999.99,560,0,0,1,10,9,560.0,555.0,618.0
seller_1,p201,2024-09-11,953.7640671641791,999.99,552,0,0,2,11,9,560.0,571.0,560.0
seller_1,p201,2024-09-12,952.9024615384616,999.99,503,0,0,3,12,9,552.0,568.0,530.0
seller_1,p201,2024-09-13,956.3626053639847,999.99,556,0,0,4,13,9,503.0,584.0,520.0
seller_1,p201,2024-09-14,898.8779069767442,999.99,606,0,1,5,14,9,556.0,554.0,463.0
seller_1,p201,2024-09-15,899.431640625,999.99,613,0,1,6,15,9,606.0,561.0,491.0
seller_1,p201,2024-09-16,952.0977042801557,999.99,551,0,0,0,16,9,613.0,560.0,562.0
seller_1,p201,2024-09-17,954.7045488721805,999.9900000000001,570,0,0,1,17,9,551.0,560.0,601.0
seller_1,p201,2024-09-18,960.9404230769231,999.99,556,0,0,2,18,9,570.0,552.0,483.0
seller_1,p201,2024-09-19,961.6498529411765,999.9900000000001,534,0,0,3,19,9,556.0,503.0,549.0
seller_1,p201,2024-09-20,954.1825454545454,999.99,543,0,0,4,20,9,534.0,556.0,533.0
seller_1,p201,2024-09-21,901.8481176470588,999.99,606,0,1,5,21,9,543.0,606.0,588.0
seller_1,p201,2024-09-22,900.5710465116279,999.99,621,0,1,6,22,9,606.0,613.0,514.0
seller_1,p201,2024-09-23,959.1122605363984,999.99,558,0,0,0,23,9,621.0,551.0,617.0
seller_1,p201,2024-09-24,951.823734439834,999.99,532,0,0,1,24,9,558.0,570.0,704.0
seller_1,p201,2024-09-25,908.4564341085272,999.99,571,0,0,2,25,9,532.0,556.0,554.0
seller_1,p201,2024-09-26,906.1825409836066,999.99,550,0,0,3,26,9,571.0,534.0,625.0
seller_1,p201,2024-09-27,914.4881818181818,999.9900000000001,536,0,0,4,27,9,550.0,543.0,563.0
seller_1,p201,2024-09-28,856.0233198380568,999.99,616,0,1,5,28,9,536.0,606.0,583.0
seller_1,p201,2024-09-29,850.9006299212599,999.99,674,0,1,6,29,9,616.0,621.0,611.0
seller_1,p201,2024-09-30,907.4110266159696,999.99,618,0,0,0,30,9,674.0,558.0,610.0
seller_1,p201,2024-10-01,956.0831164383562,999.99,602,0,0,1,1,10,618.0,532.0,646.0
seller_1,p201,2024-10-02,957.8243700787402,999.99,559,0,0,2,2,10,602.0,571.0,500.0
seller_1,p201,2024-10-03,954.0438823529412,999.99,567,0,0,3,3,10,559.0,550.0,555.0
seller_1,p201,2024-10-04,959.6087878787879,999.9899999999999,546,0,0,4,4,10,567.0,536.0,571.0
seller_1,p201,2024-10-05,903.0305357142856,999.99,693,0,1,5,5,10,546.0,616.0,568.0
seller_1,p201,2024-10-06,901.9186692015209,999.99,655,0,1,6,6,10,693.0,674.0,584.0
seller_1,p201,2024-10-07,957.9799615384616,999.99,524,0,0,0,7,10,655.0,618.0,554.0
seller_1,p201,2024-10-08,956.0908171206225,999.99,567,0,0,1,8,10,524.0,602.0,561.0
seller_1,p201,2024-10-09,955.9406015037595,999.9900000000001,555,0,0,2,9,10,567.0,559.0,560.0
seller_1,p201,2024-10-10,953.7908015267176,999.99,541,0,0,3,10,10,555.0,567.0,560.0
seller_1,p201,2024-10-11,954.4889236111111,999.99,561,0,0,4,11,10,541.0,546.0,552.0
seller_1,p201,2024-10-12,900.8313333333333,999.9900000000001,700,0,1,5,12,10,561.0,693.0,503.0
seller_1,p201,2024-10-13,896.8617213114754,999.99,595,0,1,6,13,10,700.0,655.0,556.0
seller_1,p201,2024-10-14,956.310332103321,999.9899999999999,561,1,0,0,14,10,595.0,524.0,606.0
seller_1,p201,2024-10-15,955.0123809523809,999.99,508,0,0,1,15,10,561.0,567.0,613.0
seller_1,p201,2024-10-16,955.6216967509026,999.9899999999999,577,0,0,2,16,10,508.0,555.0,551.0
seller_1,p201,2024-10-17,955.5496853146853,999.99,601,0,0,3,17,10,577.0,541.0,570.0
seller_1,p201,2024-10-18,955.2088602941176,999.9900000000001,558,0,0,4,18,10,601.0,561.0,556.0
seller_1,p201,2024-10-19,897.0004810996564,999.9900000000001,682,0,1,5,19,10,558.0,700.0,534.0
seller_1,p201,2024-10-20,898.9977651515152,999.9899999999999,623,0,1,6,20,10,682.0,595.0,543.0
seller_1,p201,2024-10-21,953.9772932330827,999.9900000000001,569,0,0,0,21,10,623.0,561.0,606.0
seller_1,p201,2024-10-22,952.6052898550724,999.99,582,0,0,1,22,10,569.0,508.0,621.0
seller_1,p201,2024-10-23,955.4744186046512,999.99,507,0,0,2,23,10,582.0,577.0,558.0
seller_1,p201,2024-10-24,956.4351984126985,999.99,516,0,0,3,24,10,507.0,601.0,532.0
seller_1,p201,2024-10-25,904.4464285714286,999.99,556,0,0,4,25,10,516.0,558.0,571.0
seller_1,p201,2024-10-26,852.4875984251969,999.99,640,0,1,5,26,10,556.0,682.0,550.0
seller_1,p201,2024-10-27,852.4621774193548,999.99,668,0,1,6,27,10,640.0,623.0,536.0
seller_1,p201,2024-10-28,901.4646963562753,999.99,572,0,0,0,28,10,668.0,569.0,616.0
seller_1,p201,2024-10-29,909.311052631579,999.9900000000001,580,0,0,1,29,10,572.0,582.0,674.0
seller_1,p201,2024-10-30,815.6728225806452,999.99,717,0,0,2,30,10,580.0,507.0,618.0
seller_1,p201,2024-10-31,815.0039622641509,999.9899999999999,801,0,0,3,31,10,717.0,516.0,602.0
seller_1,p201,2024-11-01,850.67528,999.99,857,0,0,4,1,11,801.0,556.0,559.0
seller_1,p201,2024-11-02,899.4233461538462,999.99,776,0,1,5,2,11,857.0,640.0,567.0
seller_1,p201,2024-11-03,901.8017669172932,999.9900000000001,764,0,1,6,3,11,776.0,668.0,546.0
seller_1,p201,2024-11-04,957.4324150943396,999.9899999999999,665,0,0,0,4,11,764.0,572.0,693.0
seller_1,p201,2024-11-05,952.0662704918034,999.99,610,0,0,1,5,11,665.0,580.0,655.0
seller_1,p201,2024-11-06,955.3430402930403,999.9900000000001,657,0,0,2,6,11,610.0,717.0,524.0
seller_1,p201,2024-11-07,958.2424472573839,999.99,541,0,0,3,7,11,657.0,801.0,567.0
seller_1,p201,2024-11-08,953.386313559322,999.99,560,0,0,4,8,11,541.0,857.0,555.0
seller_1,p201,2024-11-09,901.1299264705882,999.9900000000001,731,0,1,5,9,11,560.0,776.0,541.0
seller_1,p201,2024-11-10,899.9137728937728,999.9900000000001,706,0,1,6,10,11,731.0,764.0,561.0
seller_1,p201,2024-11-11,957.9788448844886,999.9900000000001,693,1,0,0,11,11,706.0,665.0,700.0
seller_1,p201,2024-11-12,955.8841843971633,999.99,659,0,0,1,12,11,693.0,610.0,595.0
seller_1,p201,2024-11-13,955.0774436090226,999.9900000000001,649,0,0,2,13,11,659.0,657.0,561.0
seller_1,p201,2024-11-14,959.104115755627,999.99,702,0,0,3,14,11,649.0,541.0,508.0
seller_1,p201,2024-11-15,956.888193277311,999.99,532,0,0,4,15,11,702.0,560.0,577.0
seller_1,p201,2024-11-16,901.022062937063,999.99,784,0,1,5,16,11,532.0,731.0,601.0
seller_1,p201,2024-11-17,899.909251968504,999.99,679,0,1,6,17,11,784.0,706.0,558.0
seller_1,p201,2024-11-18,956.7386852589642,999.99,576,0,0,0,18,11,679.0,693.0,682.0
seller_1,p201,2024-11-19,956.0987636363635,999.99,648,0,0,1,19,11,576.0,659.0,623.0
seller_1,p201,2024-11-20,959.1999637681159,999.99,650,0,0,2,20,11,648.0,649.0,569.0
seller_1,p201,2024-11-21,959.4383859649123,999.9900000000001,686,0,0,3,21,11,650.0,702.0,582.0
seller_1,p201,2024-11-22,850.9723166023166,999.99,820,0,0,4,22,11,686.0,532.0,507.0
seller_1,p201,2024-11-23,849.8612592592593,999.99,880,0,1,5,23,11,820.0,784.0,516.0
seller_1,p201,2024-11-24,847.9274621212121,999.9899999999999,859,0,1,6,24,11,880.0,679.0,556.0
seller_1,p201,2024-11-25,905.7921722846443,999.99,693,0,0,0,25,11,859.0,576.0,640.0
seller_1,p201,2024-11-26,911.1077067669173,999.9900000000001,675,0,0,1,26,11,693.0,648.0,668.0
seller_1,p201,2024-11-27,911.7781893004116,999.99,635,0,0,2,27,11,675.0,650.0,572.0
seller_1,p201,2024-11-28,910.951867219917,999.99,571,1,0,3,28,11,635.0,686.0,580.0
seller_1,p201,2024-11-29,910.5593191489362,999.99,583,0,0,4,29,11,571.0,820.0,717.0
seller_1,p201,2024-11-30,851.5537743190662,999.99,752,0,1,5,30,11,583.0,880.0,801.0
seller_1,p201,2024-12-01,898.9483928571428,999.99,758,0,1,6,1,12,752.0,859.0,857.0
seller_1,p201,2024-12-02,952.9741803278689,999.99,589,0,0,0,2,12,758.0,693.0,776.0
seller_1,p201,2024-12-03,954.241797752809,999.99,641,0,0,1,3,12,589.0,675.0,764.0
seller_1,p201,2024-12-04,954.8362348178138,999.99,560,0,0,2,4,12,641.0,635.0,665.0
seller_1,p201,2024-12-05,956.2400408163265,999.99,611,0,0,3,5,12,560.0,571.0,610.0
seller_1,p201,2024-12-06,956.2211764705883,999.99,548,0,0,4,6,12,611.0,583.0,657.0
seller_1,p201,2024-12-07,898.8767045454546,999.9899999999999,692,0,1,5,7,12,548.0,752.0,541.0
seller_1,p201,2024-12-08,899.4590874524714,999.99,673,0,1,6,8,12,692.0,758.0,560.0
seller_1,p201,2024-12-09,954.9648062015505,999.99,600,0,0,0,9,12,673.0,589.0,731.0
seller_1,p201,2024-12-10,956.9870671378093,999.9899999999999,627,0,0,1,10,12,600.0,641.0,706.0
seller_1,p201,2024-12-11,957.8242916666666,999.99,537,0,0,2,11,12,627.0,560.0,693.0
seller_1,p201,2024-12-12,956.5190145985401,999.99,637,0,0,3,12,12,537.0,611.0,659.0
seller_1,p201,2024-12-13,955.1650171821307,999.9900000000001,683,0,0,4,13,12,637.0,548.0,649.0
seller_1,p201,2024-12-14,902.0292,999.99,743,0,1,5,14,12,683.0,692.0,702.0
seller_1,p201,2024-12-15,898.684769874477,999.99,638,0,1,6,15,12,743.0,673.0,532.0
seller_1,p201,2024-12-16,955.1736700336701,999.9900000000001,720,0,0,0,16,12,638.0,600.0,784.0
seller_1,p201,2024-12-17,956.57596,999.99,591,0,0,1,17,12,720.0,627.0,679.0
seller_1,p201,2024-12-18,961.3219921875,999.99,579,0,0,2,18,12,591.0,537.0,576.0
seller_1,p201,2024-12-19,954.8872222222221,999.99,620,0,0,3,19,12,579.0,637.0,648.0
seller_1,p201,2024-12-20,957.3109961685824,999.99,587,0,0,4,20,12,620.0,683.0,650.0
seller_1,p201,2024-12-21,900.3020446096655,999.99,735,0,1,5,21,12,587.0,743.0,686.0
seller_1,p201,2024-12-22,901.3547679324894,999.99,634,0,1,6,22,12,735.0,638.0,820.0
seller_1,p201,2024-12-23,954.6206642066421,999.9899999999999,656,0,0,0,23,12,634.0,720.0,880.0
seller_1,p201,2024-12-24,852.7287265917603,999.99,826,0,0,1,24,12,656.0,591.0,859.0
seller_1,p201,2024-12-25,817.5390598290599,999.99,795,1,0,2,25,12,826.0,579.0,693.0
seller_1,p201,2024-12-26,816.434548736462,999.9899999999999,871,0,0,3,26,12,795.0,620.0,675.0
seller_1,p201,2024-12-27,906.6013114754098,999.99,606,0,0,4,27,12,871.0,587.0,635.0
seller_1,p201,2024-12-28,850.1553007518797,999.9900000000001,782,0,1,5,28,12,606.0,735.0,571.0
seller_1,p201,2024-12-29,848.6777042801557,999.99,739,0,1,6,29,12,782.0,634.0,583.0
seller_1,p201,2024-12-30,907.9200383141763,999.99,683,0,0,0,30,12,739.0,656.0,752.0
seller_1,p201,2024-12-31,813.3080308880309,999.99,855,0,0,1,31,12,683.0,826.0,758.0
seller_1,p201,2025-01-01,851.5322666666667,999.99,654,1,0,2,1,1,855.0,795.0,589.0
seller_1,p201,2025-01-02,851.1481467181467,999.99,776,0,0,3,2,1,654.0,871.0,641.0
seller_1,p201,2025-01-03,955.2366260162602,999.99,515,0,0,4,3,1,776.0,606.0,560.0
seller_1,p201,2025-01-04,897.7378039215687,999.99,607,0,1,5,4,1,515.0,782.0,611.0
seller_1,p201,2025-01-05,899.8891836734695,999.99,623,0,1,6,5,1,607.0,739.0,548.0
seller_1,p201,2025-01-06,959.2740160642571,999.99,504,0,0,0,6,1,623.0,683.0,692.0
seller_1,p201,2025-01-07,952.8869,999.99,664,0,0,1,7,1,504.0,855.0,673.0
seller_1,p201,2025-01-08,952.5408771929825,999.99,482,0,0,2,8,1,664.0,654.0,600.0
seller_1,p201,2025-01-09,951.89625,999.99,497,0,0,3,9,1,482.0,776.0,627.0
seller_1,p201,2025-01-10,953.1648660714285,999.99,467,0,0,4,10,1,497.0,515.0,537.0
seller_1,p201,2025-01-11,900.47336996337,999.9900000000001,660,0,1,5,11,1,467.0,607.0,637.0
seller_1,p201,2025-01-12,897.07,999.9900000000001,561,0,1,6,12,1,660.0,623.0,683.0
seller_1,p201,2025-01-13,957.3915662650602,999.99,531,0,0,0,13,1,561.0,504.0,743.0
seller_1,p201,2025-01-14,960.7960456273764,999.99,506,0,0,1,14,1,531.0,664.0,638.0
seller_1,p201,2025-01-15,955.0495620437956,999.99,601,0,0,2,15,1,506.0,482.0,720.0
seller_1,p201,2025-01-16,954.5664822134388,999.99,531,0,0,3,16,1,601.0,497.0,591.0
seller_1,p201,2025-01-17,954.6320220588235,999.9900000000001,580,0,0,4,17,1,531.0,467.0,579.0
seller_1,p201,2025-01-18,900.5639516129032,999.99,615,0,1,5,18,1,580.0,660.0,620.0
seller_1,p201,2025-01-19,900.2480916030535,999.99,614,0,1,6,19,1,615.0,561.0,587.0
seller_1,p201,2025-01-20,956.208458781362,999.9900000000001,589,1,0,0,20,1,614.0,531.0,735.0
seller_1,p201,2025-01-21,956.4261832061069,999.99,569,0,0,1,21,1,589.0,506.0,634.0
seller_1,p201,2025-01-22,957.1548679245284,999.9899999999999,550,0,0,2,22,1,569.0,601.0,656.0
seller_1,p201,2025-01-23,957.3442307692308,999.99,399,0,0,3,23,1,550.0,531.0,826.0
seller_1,p201,2025-01-24,955.2267595818815,999.99,573,0,0,4,24,1,399.0,580.0,795.0
seller_1,p201,2025-01-25,846.6746303501945,999.99,670,0,1,5,25,1,573.0,615.0,871.0
seller_1,p201,2025-01-26,850.8841700404859,999.99,688,0,1,6,26,1,670.0,614.0,606.0
seller_1,p201,2025-01-27,904.9220481927711,999.99,582,0,0,0,27,1,688.0,589.0,782.0
seller_1,p201,2025-01-28,908.9966159695817,999.99,569,0,0,1,28,1,582.0,569.0,739.0
seller_1,p201,2025-01-29,905.7972908366534,999.99,565,0,0,2,29,1,569.0,550.0,683.0
seller_1,p201,2025-01-30,908.3184705882353,999.99,581,0,0,3,30,1,565.0,399.0,855.0
seller_1,p201,2025-01-31,907.001204379562,999.99,597,0,0,4,31,1,581.0,573.0,654.0
seller_1,p201,2025-02-01,899.9208421052632,999.9900000000001,716,0,1,5,1,2,597.0,670.0,776.0
seller_1,p201,2025-02-02,902.0513138686131,999.99,668,0,1,6,2,2,716.0,688.0,515.0
seller_1,p201,2025-02-03,958.434427480916,999.99,593,0,0,0,3,2,668.0,582.0,607.0
seller_1,p201,2025-02-04,953.9529259259259,999.99,549,0,0,1,4,2,593.0,569.0,623.0
seller_1,p201,2025-02-05,955.763601532567,999.99,578,0,0,2,5,2,549.0,565.0,504.0
seller_1,p201,2025-02-06,951.7489156626507,999.99,527,0,0,3,6,2,578.0,581.0,664.0
seller_1,p201,2025-02-07,957.2664468864468,999.9900000000001,548,0,0,4,7,2,527.0,597.0,482.0
seller_1,p201,2025-02-08,901.1180876494025,999.99,617,0,1,5,8,2,548.0,716.0,497.0
seller_1,p201,2025-02-09,901.373903508772,999.99,572,0,1,6,9,2,617.0,668.0,467.0
seller_1,p201,2025-02-10,954.3288846153846,999.99,554,0,0,0,10,2,572.0,593.0,660.0
seller_1,p201,2025-02-11,954.4438735177865,999.99,532,0,0,1,11,2,554.0,549.0,561.0
seller_1,p201,2025-02-12,957.442,999.99,543,0,0,2,12,2,532.0,578.0,531.0
