product-sale-prediction-AI/data/prepared_daily_sales.csv
seller_id,product_id,date,sale_price,original_price,quantity,is_holiday,is_weekend,day_of_week,day_of_month,month,lag_1,lag_7,lag_30
seller_1,p201,2025-02-13,852.7191176470589,999.99,689,0,0,3,13,2,543.0,527.0,506.0
seller_1,p201,2025-02-14,849.856653696498,999.99,711,0,0,4,14,2,689.0,548.0,601.0
seller_1,p201,2025-02-15,852.2395238095238,999.99,709,0,1,5,15,2,711.0,617.0,531.0
seller_1,p201,2025-02-16,904.4829118773947,999.99,632,0,1,6,16,2,709.0,572.0,580.0
seller_1,p201,2025-02-17,953.9878813559322,999.99,511,1,0,0,17,2,632.0,554.0,615.0
seller_1,p201,2025-02-18,952.3815319148937,999.99,500,0,0,1,18,2,511.0,532.0,614.0
seller_1,p201,2025-02-19,954.574214559387,999.99,535,0,0,2,19,2,500.0,543.0,589.0
seller_1,p201,2025-02-20,959.8000000000001,999.99,473,0,0,3,20,2,535.0,689.0,569.0
seller_1,p201,2025-02-21,952.5496168582376,999.99,543,0,0,4,21,2,473.0,711.0,550.0
seller_1,p201,2025-02-22,902.8399227799229,999.99,606,0,1,5,22,2,543.0,709.0,399.0
seller_1,p201,2025-02-23,901.7155217391305,999.99,599,0,1,6,23,2,606.0,632.0,573.0
seller_1,p201,2025-02-24,953.4943049327354,999.99,454,0,0,0,24,2,599.0,511.0,670.0
seller_1,p201,2025-02-25,910.9067729083665,999.99,550,0,0,1,25,2,454.0,500.0,688.0
seller_1,p201,2025-02-26,903.8533047210301,999.99,510,0,0,2,26,2,550.0,535.0,582.0
seller_1,p201,2025-02-27,908.2511983471074,999.9900000000001,540,0,0,3,27,2,510.0,473.0,569.0
seller_1,p201,2025-02-28,911.1206113537118,999.99,512,0,0,4,28,2,540.0,543.0,565.0
seller_1,p201,2025-03-01,901.6232962962963,999.99,648,0,1,5,1,3,512.0,606.0,581.0
seller_1,p201,2025-03-02,897.5336434108527,999.99,664,0,1,6,2,3,648.0,599.0,597.0
seller_1,p201,2025-03-03,953.4856704980843,999.99,575,0,0,0,3,3,664.0,454.0,716.0
seller_1,p201,2025-03-04,958.0958241758242,999.9900000000001,591,0,0,1,4,3,575.0,550.0,668.0
seller_1,p201,2025-03-05,954.69003875969,999.99,546,0,0,2,5,3,591.0,510.0,593.0
seller_1,p201,2025-03-06,954.4107662835248,999.99,566,0,0,3,6,3,546.0,540.0,549.0
seller_1,p201,2025-03-07,956.3117073170731,999.99,517,0,0,4,7,3,566.0,512.0,578.0
seller_1,p201,2025-03-08,898.8063799283154,999.9900000000001,643,0,1,5,8,3,517.0,648.0,527.0
seller_1,p201,2025-03-09,901.2352898550724,999.99,683,0,1,6,9,3,643.0,664.0,548.0
seller_1,p201,2025-03-10,959.8409999999999,999.99,575,0,0,0,10,3,683.0,575.0,617.0
seller_1,p201,2025-03-11,957.1788768115941,999.99,568,0,0,1,11,3,575.0,591.0,572.0
seller_1,p201,2025-03-12,953.9771052631579,999.9900000000001,553,0,0,2,12,3,568.0,546.0,554.0
seller_1,p201,2025-03-13,956.089328358209,999.99,537,0,0,3,13,3,553.0,566.0,532.0
seller_1,p201,2025-03-14,957.79564,999.99,507,0,0,4,14,3,537.0,517.0,543.0
seller_1,p201,2025-03-15,896.0423758865248,999.99,690,0,1,5,15,3,507.0,643.0,689.0
seller_1,p201,2025-03-16,898.4065799256506,999.99,648,0,1,6,16,3,690.0,683.0,711.0
seller_1,p201,2025-03-17,955.6768487394958,999.99,495,0,0,0,17,3,648.0,575.0,709.0
seller_1,p201,2025-03-18,954.7416165413533,999.9900000000001,578,0,0,1,18,3,495.0,568.0,632.0
seller_1,p201,2025-03-19,951.4636059479553,999.99,544,0,0,2,19,3,578.0,553.0,511.0
seller_1,p201,2025-03-20,956.9613654618474,999.99,494,0,0,3,20,3,544.0,537.0,500.0
seller_1,p201,2025-03-21,954.8842481203008,999.9900000000001,553,0,0,4,21,3,494.0,507.0,535.0
seller_1,p201,2025-03-22,903.9533457249071,999.99,653,0,1,5,22,3,553.0,690.0,473.0
seller_1,p201,2025-03-23,898.8694137931035,999.9899999999999,693,0,1,6,23,3,653.0,648.0,543.0
seller_1,p201,2025-03-24,953.4603249097473,999.9899999999999,615,0,0,0,24,3,693.0,495.0,606.0
seller_1,p201,2025-03-25,911.5175806451613,999.99,534,0,0,1,25,3,615.0,578.0,599.0
seller_1,p201,2025-03-26,906.4901851851852,999.99,654,0,0,2,26,3,534.0,544.0,454.0
seller_1,p201,2025-03-27,905.4255510204082,999.99,525,0,0,3,27,3,654.0,494.0,550.0
seller_1,p201,2025-03-28,907.7528525641026,999.99,695,0,0,4,28,3,525.0,553.0,510.0
seller_1,p201,2025-03-29,851.2364367816092,999.99,684,0,1,5,29,3,695.0,653.0,540.0
seller_1,p201,2025-03-30,852.614625,999.99,619,0,1,6,30,3,684.0,693.0,512.0
seller_1,p201,2025-03-31,908.9200387596899,999.99,570,0,0,0,31,3,619.0,615.0,648.0
seller_1,p201,2025-04-01,957.8627969348659,999.99,568,0,0,1,1,4,570.0,534.0,664.0
seller_1,p201,2025-04-02,957.4169824561404,999.9900000000001,613,0,0,2,2,4,568.0,654.0,575.0
seller_1,p201,2025-04-03,955.7976771653542,999.99,546,0,0,3,3,4,613.0,525.0,591.0
seller_1,p201,2025-04-04,958.1883070866141,999.99,526,0,0,4,4,4,546.0,695.0,546.0
seller_1,p201,2025-04-05,901.9707287449393,999.99,625,0,1,5,5,4,526.0,684.0,566.0
seller_1,p201,2025-04-06,895.04704,999.99,598,0,1,6,6,4,625.0,619.0,517.0
seller_1,p201,2025-04-07,955.6830514705882,999.9900000000001,534,0,0,0,7,4,598.0,570.0,643.0
seller_1,p201,2025-04-08,954.5258174904943,999.99,543,0,0,1,8,4,534.0,568.0,683.0
seller_1,p201,2025-04-09,958.2539840637451,999.99,509,0,0,2,9,4,543.0,613.0,575.0
seller_1,p201,2025-04-10,953.3637916666667,999.99,501,0,0,3,10,4,509.0,546.0,568.0
seller_1,p201,2025-04-11,955.0699583333334,999.99,520,0,0,4,11,4,501.0,526.0,553.0
seller_1,p201,2025-04-12,897.822,999.99,656,0,1,5,12,4,520.0,625.0,537.0
seller_1,p201,2025-04-13,896.5434117647059,999.99,613,0,1,6,13,4,656.0,598.0,507.0
seller_1,p201,2025-04-14,954.067107142857,999.99,586,0,0,0,14,4,613.0,534.0,690.0
seller_1,p201,2025-04-15,954.9927530364372,999.99,502,0,0,1,15,4,586.0,543.0,648.0
seller_1,p201,2025-04-16,954.5000925925925,999.99,454,0,0,2,16,4,502.0,509.0,495.0
seller_1,p201,2025-04-17,956.3504905660377,999.9899999999999,581,0,0,3,17,4,454.0,501.0,578.0
seller_1,p201,2025-04-18,953.6326568265683,999.9899999999999,571,0,0,4,18,4,581.0,520.0,544.0
seller_1,p201,2025-04-19,899.34046875,999.99,634,0,1,5,19,4,571.0,656.0,494.0
seller_1,p201,2025-04-20,899.8414960629921,999.99,614,0,1,6,20,4,634.0,613.0,553.0
seller_1,p201,2025-04-21,953.4435877862595,999.99,561,0,0,0,21,4,614.0,586.0,653.0
seller_1,p201,2025-04-22,952.8775187969925,999.9900000000001,560,0,0,1,22,4,561.0,502.0,693.0
seller_1,p201,2025-04-23,954.4314285714286,999.99,499,0,0,2,23,4,560.0,454.0,615.0
seller_1,p201,2025-04-24,956.1355197132616,999.9900000000001,558,0,0,3,24,4,499.0,581.0,534.0
seller_1,p201,2025-04-25,907.0409881422925,999.99,575,0,0,4,25,4,558.0,571.0,654.0
seller_1,p201,2025-04-26,850.0616287878787,999.9899999999999,677,0,1,5,26,4,575.0,634.0,525.0
seller_1,p201,2025-04-27,849.610578778135,999.99,866,0,1,6,27,4,677.0,614.0,695.0
seller_1,p201,2025-04-28,905.1248260869564,999.99,515,0,0,0,28,4,866.0,561.0,684.0
seller_1,p201,2025-04-29,912.2774666666667,999.99,509,0,0,1,29,4,515.0,560.0,619.0
seller_1,p201,2025-04-30,908.8913793103449,999.9899999999999,644,0,0,2,30,4,509.0,499.0,570.0
seller_1,p201,2025-05-01,954.3123846153846,999.99,604,0,0,3,1,5,644.0,558.0,568.0
seller_1,p201,2025-05-02,955.8861851851851,999.99,587,0,0,4,2,5,604.0,575.0,613.0
seller_1,p201,2025-05-03,900.2984680851065,999.99,566,0,1,5,3,5,587.0,677.0,546.0
seller_1,p201,2025-05-04,901.3251136363635,999.9899999999999,651,0,1,6,4,5,566.0,866.0,526.0
seller_1,p201,2025-05-05,954.3821886792452,999.9899999999999,568,0,0,0,5,5,651.0,515.0,625.0
seller_1,p201,2025-05-06,951.8493172690763,999.99,507,0,0,1,6,5,568.0,509.0,598.0
seller_1,p201,2025-05-07,956.065826446281,999.9900000000001,473,0,0,2,7,5,507.0,644.0,534.0
seller_1,p201,2025-05-08,957.4882421875,999.99,539,0,0,3,8,5,473.0,604.0,543.0
seller_1,p201,2025-05-09,954.6614181818182,999.99,576,0,0,4,9,5,539.0,587.0,509.0
seller_1,p201,2025-05-10,900.279837398374,999.99,577,0,1,5,10,5,576.0,566.0,501.0
seller_1,p201,2025-05-11,898.8274501992032,999.99,601,0,1,6,11,5,577.0,651.0,520.0
seller_1,p201,2025-05-12,955.043625,999.99,511,0,0,0,12,5,601.0,568.0,656.0
seller_1,p201,2025-05-13,957.1690573770492,999.99,502,0,0,1,13,5,511.0,507.0,613.0
seller_1,p201,2025-05-14,954.3651764705883,999.99,523,0,0,2,14,5,502.0,473.0,586.0
seller_1,p201,2025-05-15,952.7121641791045,999.99,548,0,0,3,15,5,523.0,539.0,502.0
seller_1,p201,2025-05-16,959.5429433962264,999.9899999999999,574,0,0,4,16,5,548.0,576.0,454.0
seller_1,p201,2025-05-17,900.5086904761905,999.99,570,0,1,5,17,5,574.0,577.0,581.0
seller_1,p201,2025-05-18,901.5339846743295,999.99,623,0,1,6,18,5,570.0,601.0,571.0
seller_1,p201,2025-05-19,956.8709523809523,999.9900000000001,557,0,0,0,19,5,623.0,511.0,634.0
seller_1,p201,2025-05-20,959.2724107142857,999.99,488,0,0,1,20,5,557.0,502.0,614.0
seller_1,p201,2025-05-21,956.5465948275862,999.99,452,0,0,2,21,5,488.0,523.0,561.0
seller_1,p201,2025-05-22,959.5091235059762,999.99,535,0,0,3,22,5,452.0,548.0,560.0
seller_1,p201,2025-05-23,958.2261363636364,999.9899999999999,551,0,0,4,23,5,535.0,574.0,499.0
seller_1,p201,2025-05-24,900.8196911196911,999.99,600,0,1,5,24,5,551.0,570.0,558.0
seller_1,p300,2023-01-01,110.2257268722467,130.0,914,0,1,6,1,1,0.0,0.0,0.0
seller_1,p300,2023-01-02,110.94584112149532,130.0,803,1,0,0,2,1,914.0,0.0,0.0
seller_1,p300,2023-01-03,123.90155660377359,130.0,587,0,0,1,3,1,803.0,0.0,0.0
seller_1,p300,2023-01-04,123.49358851674641,130.0,571,0,0,2,4,1,587.0,0.0,0.0
seller_1,p300,2023-01-05,124.6165137614679,130.0,618,0,0,3,5,1,571.0,0.0,0.0
seller_1,p300,2023-01-06,124.06058252427184,130.0,580,0,0,4,6,1,618.0,0.0,0.0
seller_1,p300,2023-01-07,117.58702970297031,130.0,586,0,1,5,7,1,580.0,0.0,0.0
seller_1,p300,2023-01-08,116.7232075471698,130.0,660,0,1,6,8,1,586.0,914.0,0.0
seller_1,p300,2023-01-09,124.26379999999999,130.0,536,0,0,0,9,1,660.0,803.0,0.0
seller_1,p300,2023-01-10,124.32000000000001,130.0,539,0,0,1,10,1,536.0,587.0,0.0
seller_1,p300,2023-01-11,123.8749377593361,130.0,662,0,0,2,11,1,539.0,571.0,0.0
seller_1,p300,2023-01-12,124.05392857142859,130.0,589,0,0,3,12,1,662.0,618.0,0.0
seller_1,p300,2023-01-13,124.32591346153846,130.0,581,0,0,4,13,1,589.0,580.0,0.0
seller_1,p300,2023-01-14,117.1890731707317,130.0,662,0,1,5,14,1,581.0,586.0,0.0
seller_1,p300,2023-01-15,117.04742081447964,130.0,700,0,1,6,15,1,662.0,660.0,0.0
seller_1,p300,2023-01-16,124.31985714285713,130.0,512,1,0,0,16,1,700.0,536.0,0.0
seller_1,p300,2023-01-17,124.10523622047243,130.0,704,0,0,1,17,1,512.0,539.0,0.0
seller_1,p300,2023-01-18,124.41709523809524,130.0,549,0,0,2,18,1,704.0,662.0,0.0
seller_1,p300,2023-01-19,124.26995073891625,130.0,531,0,0,3,19,1,549.0,589.0,0.0
seller_1,p300,2023-01-20,124.60676767676767,130.0,536,0,0,4,20,1,531.0,581.0,0.0
seller_1,p300,2023-01-21,116.21565000000001,130.0,576,0,1,5,21,1,536.0,662.0,0.0
seller_1,p300,2023-01-22,117.07371428571429,130.0,530,0,1,6,22,1,576.0,700.0,0.0
seller_1,p300,2023-01-23,124.26160975609757,130.0,539,0,0,0,23,1,530.0,512.0,0.0
seller_1,p300,2023-01-24,124.09444976076556,130.0,586,0,0,1,24,1,539.0,704.0,0.0
seller_1,p300,2023-01-25,117.3420942408377,130.0,579,0,0,2,25,1,586.0,549.0,0.0
seller_1,p300,2023-01-26,117.62854368932038,130.0,645,0,0,3,26,1,579.0,531.0,0.0
seller_1,p300,2023-01-27,118.37291479820628,130.0,672,0,0,4,27,1,645.0,536.0,0.0
seller_1,p300,2023-01-28,110.95303664921465,130.0,646,0,1,5,28,1,672.0,576.0,0.0
seller_1,p300,2023-01-29,110.76105263157895,130.0,769,0,1,6,29,1,646.0,530.0,0.0
seller_1,p300,2023-01-30,118.5423188405797,130.0,666,0,0,0,30,1,769.0,539.0,0.0
seller_1,p300,2023-01-31,117.23109523809524,130.0,616,0,0,1,31,1,666.0,586.0,914.0
seller_1,p300,2023-02-01,124.24896713615023,130.0,601,0,0,2,1,2,616.0,579.0,803.0
seller_1,p300,2023-02-02,123.91644351464434,130.0,700,0,0,3,2,2,601.0,645.0,587.0
seller_1,p300,2023-02-03,124.1284,130.0,534,0,0,4,3,2,700.0,672.0,571.0
seller_1,p300,2023-02-04,116.19495238095237,130.0,672,0,1,5,4,2,534.0,646.0,618.0
seller_1,p300,2023-02-05,117.06379310344828,130.0,665,0,1,6,5,2,672.0,769.0,580.0
seller_1,p300,2023-02-06,124.62863157894736,130.0,515,0,0,0,6,2,665.0,666.0,586.0
seller_1,p300,2023-02-07,123.62850515463917,130.0,525,0,0,1,7,2,515.0,616.0,660.0
seller_1,p300,2023-02-08,124.34859728506788,130.0,628,0,0,2,8,2,525.0,601.0,536.0
seller_1,p300,2023-02-09,124.34766519823788,130.0,634,0,0,3,9,2,628.0,700.0,539.0
seller_1,p300,2023-02-10,124.17467289719626,130.0,539,0,0,4,10,2,634.0,534.0,662.0
seller_1,p300,2023-02-11,116.9875135135135,130.0,638,0,1,5,11,2,539.0,672.0,589.0
seller_1,p300,2023-02-12,117.22178743961352,130.0,659,0,1,6,12,2,638.0,665.0,581.0
seller_1,p300,2023-02-13,110.45066985645933,130.0,735,0,0,0,13,2,659.0,515.0,662.0
seller_1,p300,2023-02-14,110.31214611872146,130.0,882,0,0,1,14,2,735.0,525.0,700.0
seller_1,p300,2023-02-15,111.47633802816901,130.0,791,0,0,2,15,2,882.0,628.0,512.0
seller_1,p300,2023-02-16,123.86242424242424,130.0,530,0,0,3,16,2,791.0,634.0,704.0
seller_1,p300,2023-02-17,124.75928270042195,130.0,626,0,0,4,17,2,530.0,539.0,549.0
seller_1,p300,2023-02-18,117.24257142857142,130.0,659,0,1,5,18,2,626.0,638.0,531.0
seller_1,p300,2023-02-19,116.25280000000001,130.0,682,0,1,6,19,2,659.0,659.0,536.0
seller_1,p300,2023-02-20,124.35896373056994,130.0,479,1,0,0,20,2,682.0,735.0,576.0
seller_1,p300,2023-02-21,124.68581151832461,130.0,520,0,0,1,21,2,479.0,882.0,530.0
seller_1,p300,2023-02-22,124.19411255411255,130.0,601,0,0,2,22,2,520.0,791.0,539.0
seller_1,p300,2023-02-23,124.61932692307693,130.0,557,0,0,3,23,2,601.0,530.0,586.0
seller_1,p300,2023-02-24,124.2789189189189,130.0,449,0,0,4,24,2,557.0,626.0,579.0
seller_1,p300,2023-02-25,110.67679012345678,130.0,843,0,1,5,25,2,449.0,659.0,645.0
seller_1,p300,2023-02-26,111.15892018779343,130.0,717,0,1,6,26,2,843.0,682.0,672.0
seller_1,p300,2023-02-27,117.84915887850468,130.0,674,0,0,0,27,2,717.0,479.0,646.0
seller_1,p300,2023-02-28,118.47246753246753,130.0,693,0,0,1,28,2,674.0,520.0,769.0
seller_1,p300,2023-03-01,124.37148648648649,130.0,656,0,0,2,1,3,693.0,601.0,666.0
seller_1,p300,2023-03-02,124.29162790697674,130.0,621,0,0,3,2,3,656.0,557.0,616.0
seller_1,p300,2023-03-03,124.31986547085202,130.0,691,0,0,4,3,3,621.0,449.0,601.0
seller_1,p300,2023-03-04,116.8824074074074,130.0,768,0,1,5,4,3,691.0,843.0,700.0
seller_1,p300,2023-03-05,116.34590697674417,130.0,850,0,1,6,5,3,768.0,717.0,534.0
seller_1,p300,2023-03-06,124.89748466257669,130.0,460,0,0,0,6,3,850.0,674.0,672.0
seller_1,p300,2023-03-07,124.35569444444445,130.0,659,0,0,1,7,3,460.0,693.0,665.0
seller_1,p300,2023-03-08,124.79478048780489,130.0,628,0,0,2,8,3,659.0,656.0,515.0
seller_1,p300,2023-03-09,123.62769607843137,130.0,590,0,0,3,9,3,628.0,621.0,525.0
seller_1,p300,2023-03-10,124.6023111111111,130.0,680,0,0,4,10,3,590.0,691.0,628.0
seller_1,p300,2023-03-11,116.63152631578949,130.0,678,0,1,5,11,3,680.0,768.0,634.0
seller_1,p300,2023-03-12,117.44629107981221,130.0,744,0,1,6,12,3,678.0,850.0,539.0
seller_1,p300,2023-03-13,124.73297029702971,130.0,581,0,0,0,13,3,744.0,460.0,638.0
seller_1,p300,2023-03-14,124.29921951219512,130.0,625,0,0,1,14,3,581.0,659.0,659.0
seller_1,p300,2023-03-15,124.90143589743589,130.0,565,0,0,2,15,3,625.0,628.0,735.0
seller_1,p300,2023-03-16,124.42726851851852,130.0,630,0,0,3,16,3,565.0,590.0,882.0
seller_1,p300,2023-03-17,124.24400990099011,130.0,580,0,0,4,17,3,630.0,680.0,791.0
seller_1,p300,2023-03-18,116.81879807692309,130.0,716,0,1,5,18,3,580.0,678.0,530.0
seller_1,p300,2023-03-19,116.60464646464646,130.0,712,0,1,6,19,3,716.0,744.0,626.0
seller_1,p300,2023-03-20,124.21316770186336,130.0,441,0,0,0,20,3,712.0,581.0,659.0
seller_1,p300,2023-03-21,123.91502347417841,130.0,589,0,0,1,21,3,441.0,625.0,682.0
seller_1,p300,2023-03-22,124.05263392857144,130.0,670,0,0,2,22,3,589.0,565.0,479.0
seller_1,p300,2023-03-23,124.4272081218274,130.0,591,0,0,3,23,3,670.0,630.0,520.0
seller_1,p300,2023-03-24,123.7882,130.0,605,0,0,4,24,3,591.0,580.0,601.0
seller_1,p300,2023-03-25,111.05307017543859,130.0,865,0,1,5,25,3,605.0,716.0,557.0
seller_1,p300,2023-03-26,110.59645320197045,130.0,748,0,1,6,26,3,865.0,712.0,449.0
seller_1,p300,2023-03-27,117.64670103092783,130.0,650,0,0,0,27,3,748.0,441.0,843.0
seller_1,p300,2023-03-28,117.701592039801,130.0,625,0,0,1,28,3,650.0,589.0,717.0
seller_1,p300,2023-03-29,117.52896396396396,130.0,717,0,0,2,29,3,625.0,670.0,674.0
seller_1,p300,2023-03-30,117.8350243902439,130.0,638,0,0,3,30,3,717.0,591.0,693.0
seller_1,p300,2023-03-31,117.86304568527919,130.0,586,0,0,4,31,3,638.0,605.0,656.0
seller_1,p300,2023-04-01,117.3487165775401,130.0,648,0,1,5,1,4,586.0,865.0,621.0
seller_1,p300,2023-04-02,116.82599078341015,130.0,821,0,1,6,2,4,648.0,748.0,691.0
seller_1,p300,2023-04-03,124.53082051282051,130.0,609,0,0,0,3,4,821.0,650.0,768.0
seller_1,p300,2023-04-04,124.2947894736842,130.0,549,0,0,1,4,4,609.0,625.0,850.0
seller_1,p300,2023-04-05,123.93492610837438,130.0,646,0,0,2,5,4,549.0,717.0,460.0
seller_1,p300,2023-04-06,124.17355670103092,130.0,599,0,0,3,6,4,646.0,638.0,659.0
seller_1,p300,2023-04-07,124.13887323943663,130.0,612,0,0,4,7,4,599.0,586.0,628.0
seller_1,p300,2023-04-08,117.47697777777778,130.0,747,0,1,5,8,4,612.0,648.0,590.0
seller_1,p300,2023-04-09,117.18968036529681,130.0,762,0,1,6,9,4,747.0,821.0,680.0
seller_1,p300,2023-04-10,124.73830985915492,130.0,638,0,0,0,10,4,762.0,609.0,678.0
seller_1,p300,2023-04-11,124.50908296943233,130.0,686,0,0,1,11,4,638.0,549.0,744.0
seller_1,p300,2023-04-12,124.17857740585774,130.0,668,0,0,2,12,4,686.0,646.0,581.0
seller_1,p300,2023-04-13,124.65319047619047,130.0,612,0,0,3,13,4,668.0,599.0,625.0
seller_1,p300,2023-04-14,124.02606986899563,130.0,694,0,0,4,14,4,612.0,612.0,565.0
seller_1,p300,2023-04-15,116.38202185792349,130.0,645,0,1,5,15,4,694.0,747.0,630.0
seller_1,p300,2023-04-16,116.61838383838383,130.0,660,0,1,6,16,4,645.0,762.0,580.0
seller_1,p300,2023-04-17,124.05244791666667,130.0,555,0,0,0,17,4,660.0,638.0,716.0
seller_1,p300,2023-04-18,124.59844036697247,130.0,648,0,0,1,18,4,555.0,686.0,712.0
seller_1,p300,2023-04-19,123.75367647058823,130.0,601,0,0,2,19,4,648.0,668.0,441.0
seller_1,p300,2023-04-20,124.40485294117647,130.0,624,0,0,3,20,4,601.0,612.0,589.0
seller_1,p300,2023-04-21,124.2591794871795,130.0,592,0,0,4,21,4,624.0,694.0,670.0
seller_1,p300,2023-04-22,116.98440217391305,130.0,633,0,1,5,22,4,592.0,645.0,591.0
seller_1,p300,2023-04-23,116.5810138248848,130.0,776,0,1,6,23,4,633.0,660.0,605.0
