product-sale-prediction-AI/data/prepared_daily_sales.csv
seller_id,product_id,date,sale_price,original_price,quantity,is_holiday,is_weekend,day_of_week,day_of_month,month,lag_1,lag_7,lag_30
seller_1,p300,2023-04-24,124.72216216216215,130.0,551,0,0,0,24,4,776.0,555.0,865.0
seller_1,p300,2023-04-25,118.46994871794871,130.0,646,0,0,1,25,4,551.0,648.0,748.0
seller_1,p300,2023-04-26,118.18580487804878,130.0,649,0,0,2,26,4,646.0,601.0,650.0
seller_1,p300,2023-04-27,117.73606060606062,130.0,671,0,0,3,27,4,649.0,624.0,625.0
seller_1,p300,2023-04-28,117.29546391752577,130.0,608,0,0,4,28,4,671.0,592.0,717.0
seller_1,p300,2023-04-29,110.45743842364533,130.0,766,0,1,5,29,4,608.0,633.0,638.0
seller_1,p300,2023-04-30,110.77257142857144,130.0,768,0,1,6,30,4,766.0,776.0,586.0
seller_1,p300,2023-05-01,124.21905660377358,130.0,587,0,0,0,1,5,768.0,551.0,648.0
seller_1,p300,2023-05-02,124.017922705314,130.0,580,0,0,1,2,5,587.0,646.0,821.0
seller_1,p300,2023-05-03,124.2766511627907,130.0,632,0,0,2,3,5,580.0,649.0,609.0
seller_1,p300,2023-05-04,124.2038190954774,130.0,578,0,0,3,4,5,632.0,671.0,549.0
seller_1,p300,2023-05-05,124.53316582914572,130.0,553,0,0,4,5,5,578.0,608.0,646.0
seller_1,p300,2023-05-06,117.14468599033816,130.0,652,0,1,5,6,5,553.0,766.0,599.0
seller_1,p300,2023-05-07,116.71808510638297,130.0,591,0,1,6,7,5,652.0,768.0,612.0
seller_1,p300,2023-05-08,124.35680751173709,130.0,568,0,0,0,8,5,591.0,587.0,747.0
seller_1,p300,2023-05-09,124.21000000000001,130.0,593,0,0,1,9,5,568.0,580.0,762.0
seller_1,p300,2023-05-10,123.98337016574587,130.0,492,0,0,2,10,5,593.0,632.0,638.0
seller_1,p300,2023-05-11,124.58083333333335,130.0,527,0,0,3,11,5,492.0,578.0,686.0
seller_1,p300,2023-05-12,124.2863,130.0,554,0,0,4,12,5,527.0,553.0,668.0
seller_1,p300,2023-05-13,117.00740932642488,130.0,591,0,1,5,13,5,554.0,652.0,612.0
seller_1,p300,2023-05-14,116.98735576923076,130.0,657,0,1,6,14,5,591.0,591.0,694.0
seller_1,p300,2023-05-15,124.12995260663506,130.0,552,0,0,0,15,5,657.0,568.0,645.0
seller_1,p300,2023-05-16,124.33794871794872,130.0,496,0,0,1,16,5,552.0,593.0,660.0
seller_1,p300,2023-05-17,124.09181415929204,130.0,625,0,0,2,17,5,496.0,492.0,555.0
seller_1,p300,2023-05-18,124.07238532110091,130.0,599,0,0,3,18,5,625.0,527.0,648.0
seller_1,p300,2023-05-19,124.42054545454546,130.0,605,0,0,4,19,5,599.0,554.0,601.0
seller_1,p300,2023-05-20,117.08921875,130.0,596,0,1,5,20,5,605.0,591.0,624.0
seller_1,p300,2023-05-21,117.31274038461538,130.0,665,0,1,6,21,5,596.0,657.0,592.0
seller_1,p300,2023-05-22,124.95388601036268,130.0,474,0,0,0,22,5,665.0,552.0,633.0
seller_1,p300,2023-05-23,124.15474178403755,130.0,574,0,0,1,23,5,474.0,496.0,776.0
seller_1,p300,2023-05-24,124.06096618357488,130.0,537,0,0,2,24,5,574.0,625.0,551.0
seller_1,p300,2023-05-25,117.75090452261307,130.0,577,0,0,3,25,5,537.0,599.0,646.0
seller_1,p300,2023-05-26,118.32238341968913,130.0,547,0,0,4,26,5,577.0,605.0,649.0
seller_1,p300,2023-05-27,110.47738317757009,130.0,807,0,1,5,27,5,547.0,596.0,671.0
seller_1,p300,2023-05-28,111.010099009901,130.0,705,0,1,6,28,5,807.0,665.0,608.0
seller_1,p300,2023-05-29,117.55389473684211,130.0,583,1,0,0,29,5,705.0,474.0,766.0
seller_1,p300,2023-05-30,117.76905472636817,130.0,591,0,0,1,30,5,583.0,574.0,768.0
seller_1,p300,2023-05-31,117.74900552486187,130.0,527,0,0,2,31,5,591.0,537.0,587.0
seller_1,p300,2023-06-01,124.15227053140097,130.0,588,0,0,3,1,6,527.0,577.0,580.0
seller_1,p300,2023-06-02,124.50259259259259,130.0,594,0,0,4,2,6,588.0,547.0,632.0
seller_1,p300,2023-06-03,116.8979716981132,130.0,723,0,1,5,3,6,594.0,807.0,578.0
seller_1,p300,2023-06-04,116.99872340425532,130.0,762,0,1,6,4,6,723.0,705.0,553.0
seller_1,p300,2023-06-05,124.05032258064517,130.0,635,0,0,0,5,6,762.0,583.0,652.0
seller_1,p300,2023-06-06,124.08222222222223,130.0,521,0,0,1,6,6,635.0,591.0,591.0
seller_1,p300,2023-06-07,124.39263157894737,130.0,581,0,0,2,7,6,521.0,527.0,568.0
seller_1,p300,2023-06-08,124.08295,130.0,548,0,0,3,8,6,581.0,588.0,593.0
seller_1,p300,2023-06-09,123.88247524752474,130.0,518,0,0,4,9,6,548.0,594.0,492.0
seller_1,p300,2023-06-10,116.74277533039648,130.0,705,0,1,5,10,6,518.0,723.0,527.0
seller_1,p300,2023-06-11,117.16467889908257,130.0,645,0,1,6,11,6,705.0,762.0,554.0
seller_1,p300,2023-06-12,123.64049999999999,130.0,522,0,0,0,12,6,645.0,635.0,591.0
seller_1,p300,2023-06-13,124.11167539267016,130.0,536,0,0,1,13,6,522.0,521.0,657.0
seller_1,p300,2023-06-14,124.16529100529101,130.0,536,0,0,2,14,6,536.0,581.0,552.0
seller_1,p300,2023-06-15,124.26293333333334,130.0,621,0,0,3,15,6,536.0,548.0,496.0
seller_1,p300,2023-06-16,124.2154716981132,130.0,572,0,0,4,16,6,621.0,518.0,625.0
seller_1,p300,2023-06-17,117.23858447488584,130.0,693,0,1,5,17,6,572.0,705.0,599.0
seller_1,p300,2023-06-18,117.11231111111111,130.0,746,0,1,6,18,6,693.0,645.0,605.0
seller_1,p300,2023-06-19,124.3354411764706,130.0,517,1,0,0,19,6,746.0,522.0,596.0
seller_1,p300,2023-06-20,125.33063106796116,130.0,551,0,0,1,20,6,517.0,536.0,665.0
seller_1,p300,2023-06-21,124.13536231884058,130.0,592,0,0,2,21,6,551.0,536.0,474.0
seller_1,p300,2023-06-22,124.65575000000001,130.0,495,0,0,3,22,6,592.0,621.0,574.0
seller_1,p300,2023-06-23,124.45305439330544,130.0,602,0,0,4,23,6,495.0,572.0,537.0
seller_1,p300,2023-06-24,117.26907692307692,130.0,615,0,1,5,24,6,602.0,693.0,577.0
seller_1,p300,2023-06-25,110.63215311004784,130.0,697,0,1,6,25,6,615.0,746.0,547.0
seller_1,p300,2023-06-26,117.94611374407583,130.0,618,0,0,0,26,6,697.0,517.0,807.0
seller_1,p300,2023-06-27,118.94046296296295,130.0,596,0,0,1,27,6,618.0,551.0,705.0
seller_1,p300,2023-06-28,117.79199134199135,130.0,664,0,0,2,28,6,596.0,592.0,583.0
seller_1,p300,2023-06-29,118.54166666666667,130.0,528,0,0,3,29,6,664.0,495.0,591.0
seller_1,p300,2023-06-30,117.26539603960396,130.0,631,0,0,4,30,6,528.0,602.0,527.0
seller_1,p300,2023-07-01,117.00766839378238,130.0,633,0,1,5,1,7,631.0,615.0,588.0
seller_1,p300,2023-07-02,117.56013452914799,130.0,745,0,1,6,2,7,633.0,697.0,594.0
seller_1,p300,2023-07-03,109.95336842105263,130.0,759,0,0,0,3,7,745.0,618.0,723.0
seller_1,p300,2023-07-04,109.97919075144509,130.0,656,1,0,1,4,7,759.0,596.0,762.0
seller_1,p300,2023-07-05,110.56285,130.0,790,0,0,2,5,7,656.0,664.0,635.0
seller_1,p300,2023-07-06,124.43575221238937,130.0,628,0,0,3,6,7,790.0,528.0,521.0
seller_1,p300,2023-07-07,124.26682926829268,130.0,568,0,0,4,7,7,628.0,631.0,581.0
seller_1,p300,2023-07-08,117.33683417085426,130.0,613,0,1,5,8,7,568.0,633.0,548.0
seller_1,p300,2023-07-09,117.26103286384976,130.0,647,0,1,6,9,7,613.0,745.0,518.0
seller_1,p300,2023-07-10,123.69518348623853,130.0,626,0,0,0,10,7,647.0,759.0,705.0
seller_1,p300,2023-07-11,124.02843434343436,130.0,551,0,0,1,11,7,626.0,656.0,645.0
seller_1,p300,2023-07-12,124.13927083333334,130.0,520,0,0,2,12,7,551.0,790.0,522.0
seller_1,p300,2023-07-13,124.78836158192091,130.0,478,0,0,3,13,7,520.0,628.0,536.0
seller_1,p300,2023-07-14,124.52227272727272,130.0,554,0,0,4,14,7,478.0,568.0,536.0
seller_1,p300,2023-07-15,116.68578947368421,130.0,591,0,1,5,15,7,554.0,613.0,621.0
seller_1,p300,2023-07-16,116.69605911330049,130.0,609,0,1,6,16,7,591.0,647.0,572.0
seller_1,p300,2023-07-17,123.84854054054054,130.0,500,0,0,0,17,7,609.0,626.0,693.0
seller_1,p300,2023-07-18,124.32149321266968,130.0,583,0,0,1,18,7,500.0,551.0,746.0
seller_1,p300,2023-07-19,124.23560747663552,130.0,561,0,0,2,19,7,583.0,520.0,517.0
seller_1,p300,2023-07-20,124.48044554455446,130.0,505,0,0,3,20,7,561.0,478.0,551.0
seller_1,p300,2023-07-21,124.06589887640449,130.0,491,0,0,4,21,7,505.0,554.0,592.0
seller_1,p300,2023-07-22,116.97860696517414,130.0,601,0,1,5,22,7,491.0,591.0,495.0
seller_1,p300,2023-07-23,117.13643564356437,130.0,599,0,1,6,23,7,601.0,609.0,602.0
seller_1,p300,2023-07-24,123.92772727272727,130.0,520,0,0,0,24,7,599.0,500.0,615.0
seller_1,p300,2023-07-25,117.91035714285714,130.0,648,0,0,1,25,7,520.0,583.0,697.0
seller_1,p300,2023-07-26,118.22035874439462,130.0,669,0,0,2,26,7,648.0,561.0,618.0
seller_1,p300,2023-07-27,118.48296875,130.0,565,0,0,3,27,7,669.0,505.0,596.0
seller_1,p300,2023-07-28,117.17433497536946,130.0,601,0,0,4,28,7,565.0,491.0,664.0
seller_1,p300,2023-07-29,111.1617435897436,130.0,678,0,1,5,29,7,601.0,601.0,528.0
seller_1,p300,2023-07-30,110.62035897435898,130.0,689,0,1,6,30,7,678.0,599.0,631.0
seller_1,p300,2023-07-31,118.50082191780822,130.0,623,0,0,0,31,7,689.0,520.0,633.0
seller_1,p300,2023-08-01,124.10623255813954,130.0,573,0,0,1,1,8,623.0,648.0,745.0
seller_1,p300,2023-08-02,124.2690909090909,130.0,551,0,0,2,2,8,573.0,669.0,759.0
seller_1,p300,2023-08-03,124.92674757281553,130.0,633,0,0,3,3,8,551.0,565.0,656.0
seller_1,p300,2023-08-04,124.03634259259259,130.0,577,0,0,4,4,8,633.0,601.0,790.0
seller_1,p300,2023-08-05,116.99605,130.0,659,0,1,5,5,8,577.0,678.0,628.0
seller_1,p300,2023-08-06,116.78781249999999,130.0,620,0,1,6,6,8,659.0,689.0,568.0
seller_1,p300,2023-08-07,124.51600961538462,130.0,551,0,0,0,7,8,620.0,623.0,613.0
seller_1,p300,2023-08-08,124.39623188405797,130.0,582,0,0,1,8,8,551.0,573.0,647.0
seller_1,p300,2023-08-09,124.09776699029126,130.0,583,0,0,2,9,8,582.0,551.0,626.0
seller_1,p300,2023-08-10,123.8549756097561,130.0,533,0,0,3,10,8,583.0,633.0,551.0
seller_1,p300,2023-08-11,123.65823529411765,130.0,553,0,0,4,11,8,533.0,577.0,520.0
seller_1,p300,2023-08-12,117.04668316831683,130.0,625,0,1,5,12,8,553.0,659.0,478.0
seller_1,p300,2023-08-13,117.18347826086956,130.0,698,0,1,6,13,8,625.0,620.0,554.0
seller_1,p300,2023-08-14,124.8197435897436,130.0,624,0,0,0,14,8,698.0,551.0,591.0
seller_1,p300,2023-08-15,123.96356807511738,130.0,584,0,0,1,15,8,624.0,582.0,609.0
seller_1,p300,2023-08-16,124.71458762886598,130.0,522,0,0,2,16,8,584.0,583.0,500.0
seller_1,p300,2023-08-17,124.16258771929824,130.0,595,0,0,3,17,8,522.0,533.0,583.0
seller_1,p300,2023-08-18,124.23553488372093,130.0,604,0,0,4,18,8,595.0,553.0,561.0
seller_1,p300,2023-08-19,116.48678048780488,130.0,668,0,1,5,19,8,604.0,625.0,505.0
seller_1,p300,2023-08-20,117.14965367965368,130.0,768,0,1,6,20,8,668.0,698.0,491.0
seller_1,p300,2023-08-21,124.33162303664922,130.0,537,0,0,0,21,8,768.0,624.0,601.0
seller_1,p300,2023-08-22,124.71536036036036,130.0,592,0,0,1,22,8,537.0,584.0,599.0
seller_1,p300,2023-08-23,124.24915841584159,130.0,544,0,0,2,23,8,592.0,522.0,520.0
seller_1,p300,2023-08-24,124.2501,130.0,504,0,0,3,24,8,544.0,595.0,648.0
seller_1,p300,2023-08-25,117.9731527093596,130.0,597,0,0,4,25,8,504.0,604.0,669.0
seller_1,p300,2023-08-26,110.69127071823203,130.0,647,0,1,5,26,8,597.0,668.0,565.0
seller_1,p300,2023-08-27,110.31564220183486,130.0,728,0,1,6,27,8,647.0,768.0,601.0
seller_1,p300,2023-08-28,117.56297674418605,130.0,655,0,0,0,28,8,728.0,537.0,678.0
seller_1,p300,2023-08-29,118.44108108108108,130.0,632,0,0,1,29,8,655.0,592.0,689.0
seller_1,p300,2023-08-30,118.5921608040201,130.0,594,0,0,2,30,8,632.0,544.0,623.0
seller_1,p300,2023-08-31,118.74256038647343,130.0,594,0,0,3,31,8,594.0,504.0,573.0
seller_1,p300,2023-09-01,124.18443349753694,130.0,586,0,0,4,1,9,594.0,597.0,551.0
seller_1,p300,2023-09-02,117.3745945945946,130.0,795,0,1,5,2,9,586.0,647.0,633.0
seller_1,p300,2023-09-03,116.80390134529148,130.0,774,0,1,6,3,9,795.0,728.0,577.0
seller_1,p300,2023-09-04,124.51693121693123,130.0,574,1,0,0,4,9,774.0,655.0,659.0
seller_1,p300,2023-09-05,124.68490476190478,130.0,640,0,0,1,5,9,574.0,632.0,620.0
seller_1,p300,2023-09-06,125.12287356321839,130.0,512,0,0,2,6,9,640.0,594.0,551.0
seller_1,p300,2023-09-07,125.13021390374331,130.0,512,0,0,3,7,9,512.0,594.0,582.0
seller_1,p300,2023-09-08,124.80012711864407,130.0,670,0,0,4,8,9,512.0,586.0,583.0
seller_1,p300,2023-09-09,117.39146017699116,130.0,751,0,1,5,9,9,670.0,795.0,533.0
seller_1,p300,2023-09-10,117.0007305936073,130.0,766,0,1,6,10,9,751.0,774.0,553.0
seller_1,p300,2023-09-11,124.22412621359223,130.0,624,0,0,0,11,9,766.0,574.0,625.0
seller_1,p300,2023-09-12,124.15818604651162,130.0,633,0,0,1,12,9,624.0,640.0,698.0
seller_1,p300,2023-09-13,123.59372340425531,130.0,540,0,0,2,13,9,633.0,512.0,624.0
seller_1,p300,2023-09-14,123.95185714285714,130.0,608,0,0,3,14,9,540.0,512.0,584.0
seller_1,p300,2023-09-15,124.14135,130.0,571,0,0,4,15,9,608.0,670.0,522.0
seller_1,p300,2023-09-16,117.11195121951219,130.0,755,0,1,5,16,9,571.0,751.0,595.0
seller_1,p300,2023-09-17,116.72802139037432,130.0,681,0,1,6,17,9,755.0,766.0,604.0
seller_1,p300,2023-09-18,124.1523076923077,130.0,591,0,0,0,18,9,681.0,624.0,668.0
seller_1,p300,2023-09-19,124.48793427230046,130.0,610,0,0,1,19,9,591.0,633.0,768.0
seller_1,p300,2023-09-20,124.18981395348838,130.0,593,0,0,2,20,9,610.0,540.0,537.0
seller_1,p300,2023-09-21,124.19672897196261,130.0,636,0,0,3,21,9,593.0,608.0,592.0
seller_1,p300,2023-09-22,124.60772277227721,130.0,528,0,0,4,22,9,636.0,571.0,544.0
seller_1,p300,2023-09-23,117.3375,130.0,747,0,1,5,23,9,528.0,755.0,504.0
seller_1,p300,2023-09-24,116.85458128078818,130.0,715,0,1,6,24,9,747.0,681.0,597.0
seller_1,p300,2023-09-25,118.42523809523809,130.0,539,0,0,0,25,9,715.0,591.0,647.0
seller_1,p300,2023-09-26,117.92272300469484,130.0,787,0,0,1,26,9,539.0,610.0,728.0
seller_1,p300,2023-09-27,118.59174157303372,130.0,617,0,0,2,27,9,787.0,593.0,655.0
seller_1,p300,2023-09-28,118.30268656716417,130.0,620,0,0,3,28,9,617.0,636.0,632.0
seller_1,p300,2023-09-29,117.8962447257384,130.0,791,0,0,4,29,9,620.0,528.0,594.0
seller_1,p300,2023-09-30,110.5936931818182,130.0,722,0,1,5,30,9,791.0,747.0,594.0
seller_1,p300,2023-10-01,117.16495689655173,130.0,822,0,1,6,1,10,722.0,715.0,586.0
seller_1,p300,2023-10-02,124.57523584905661,130.0,656,0,0,0,2,10,822.0,539.0,795.0
seller_1,p300,2023-10-03,124.12647342995169,130.0,656,0,0,1,3,10,656.0,787.0,774.0
seller_1,p300,2023-10-04,124.73622009569378,130.0,589,0,0,2,4,10,656.0,617.0,574.0
seller_1,p300,2023-10-05,124.06071065989848,130.0,589,0,0,3,5,10,589.0,620.0,640.0
seller_1,p300,2023-10-06,124.08352941176472,130.0,573,0,0,4,6,10,589.0,791.0,512.0
seller_1,p300,2023-10-07,116.62294736842105,130.0,658,0,1,5,7,10,573.0,722.0,512.0
seller_1,p300,2023-10-08,117.07039215686275,130.0,725,0,1,6,8,10,658.0,822.0,670.0
seller_1,p300,2023-10-09,123.91560344827586,130.0,624,1,0,0,9,10,725.0,656.0,751.0
seller_1,p300,2023-10-10,124.1880904522613,130.0,575,0,0,1,10,10,624.0,656.0,766.0
seller_1,p300,2023-10-11,123.44893805309734,130.0,666,0,0,2,11,10,575.0,589.0,624.0
seller_1,p300,2023-10-12,124.56004716981131,130.0,591,0,0,3,12,10,666.0,589.0,633.0
seller_1,p300,2023-10-13,123.7756846473029,130.0,698,0,0,4,13,10,591.0,573.0,540.0
seller_1,p300,2023-10-14,117.24391111111112,130.0,797,0,1,5,14,10,698.0,658.0,608.0
seller_1,p300,2023-10-15,117.4890990990991,130.0,713,0,1,6,15,10,797.0,725.0,571.0
seller_1,p300,2023-10-16,124.30647959183673,130.0,569,0,0,0,16,10,713.0,624.0,755.0
seller_1,p300,2023-10-17,124.21506726457399,130.0,636,0,0,1,17,10,569.0,575.0,681.0
seller_1,p300,2023-10-18,123.51054455445545,130.0,619,0,0,2,18,10,636.0,666.0,591.0
seller_1,p300,2023-10-19,124.02972972972972,130.0,552,0,0,3,19,10,619.0,591.0,610.0
seller_1,p300,2023-10-20,124.04499999999999,130.0,605,0,0,4,20,10,552.0,698.0,593.0
seller_1,p300,2023-10-21,117.0466985645933,130.0,703,0,1,5,21,10,605.0,797.0,636.0
seller_1,p300,2023-10-22,116.6104854368932,130.0,757,0,1,6,22,10,703.0,713.0,528.0
seller_1,p300,2023-10-23,123.95541666666666,130.0,562,0,0,0,23,10,757.0,569.0,747.0
seller_1,p300,2023-10-24,123.29076233183856,130.0,652,0,0,1,24,10,562.0,636.0,715.0
seller_1,p300,2023-10-25,118.26086956521739,130.0,661,0,0,2,25,10,652.0,619.0,539.0
seller_1,p300,2023-10-26,117.79576576576576,130.0,758,0,0,3,26,10,661.0,552.0,787.0
seller_1,p300,2023-10-27,118.07513368983957,130.0,582,0,0,4,27,10,758.0,605.0,617.0
seller_1,p300,2023-10-28,110.7316425120773,130.0,751,0,1,5,28,10,582.0,703.0,620.0
seller_1,p300,2023-10-29,110.7058064516129,130.0,784,0,1,6,29,10,751.0,757.0,791.0
seller_1,p300,2023-10-30,105.97216216216216,130.0,1002,0,0,0,30,10,784.0,562.0,722.0
seller_1,p300,2023-10-31,106.07406542056074,130.0,965,0,0,1,31,10,1002.0,652.0,822.0
seller_1,p300,2023-11-01,110.24514705882352,130.0,856,0,0,2,1,11,965.0,661.0,656.0
seller_1,p300,2023-11-02,124.30022831050228,130.0,570,0,0,3,2,11,856.0,758.0,656.0
seller_1,p300,2023-11-03,123.84938775510204,130.0,566,0,0,4,3,11,570.0,582.0,589.0
seller_1,p300,2023-11-04,117.15587378640777,130.0,659,0,1,5,4,11,566.0,751.0,589.0
seller_1,p300,2023-11-05,116.8413567839196,130.0,645,0,1,6,5,11,659.0,784.0,573.0
seller_1,p300,2023-11-06,123.84227848101266,130.0,653,0,0,0,6,11,645.0,1002.0,658.0
seller_1,p300,2023-11-07,124.55624999999999,130.0,527,0,0,1,7,11,653.0,965.0,725.0
seller_1,p300,2023-11-08,123.77027649769586,130.0,605,0,0,2,8,11,527.0,856.0,624.0
seller_1,p300,2023-11-09,124.220103626943,130.0,562,0,0,3,9,11,605.0,570.0,575.0
seller_1,p300,2023-11-10,123.91478070175438,130.0,616,1,0,4,10,11,562.0,566.0,666.0
seller_1,p300,2023-11-11,116.91881856540084,130.0,782,0,1,5,11,11,616.0,659.0,591.0
seller_1,p300,2023-11-12,117.03986363636363,130.0,653,0,1,6,12,11,782.0,645.0,698.0
seller_1,p300,2023-11-13,124.2477339901478,130.0,531,0,0,0,13,11,653.0,653.0,797.0
seller_1,p300,2023-11-14,123.71848314606741,130.0,485,0,0,1,14,11,531.0,527.0,713.0
seller_1,p300,2023-11-15,124.54872928176795,130.0,487,0,0,2,15,11,485.0,605.0,569.0
seller_1,p300,2023-11-16,124.08189054726368,130.0,563,0,0,3,16,11,487.0,562.0,636.0
seller_1,p300,2023-11-17,124.71484716157205,130.0,638,0,0,4,17,11,563.0,616.0,619.0
seller_1,p300,2023-11-18,116.86386138613861,130.0,638,0,1,5,18,11,638.0,782.0,552.0
seller_1,p300,2023-11-19,116.60274336283186,130.0,733,0,1,6,19,11,638.0,653.0,605.0
seller_1,p300,2023-11-20,124.36980676328503,130.0,567,0,0,0,20,11,733.0,531.0,703.0
seller_1,p300,2023-11-21,124.58252577319587,130.0,520,0,0,1,21,11,567.0,485.0,757.0
seller_1,p300,2023-11-22,111.02765,130.0,751,0,0,2,22,11,520.0,487.0,562.0
seller_1,p300,2023-11-23,110.28739999999999,130.0,765,1,0,3,23,11,751.0,563.0,652.0
seller_1,p300,2023-11-24,110.60375545851528,130.0,855,0,0,4,24,11,765.0,638.0,661.0
seller_1,p300,2023-11-25,110.9153982300885,130.0,773,0,1,5,25,11,855.0,638.0,758.0
