product-sale-prediction-AI/data/prepared_daily_sales.csv
seller_id,product_id,date,sale_price,original_price,quantity,is_holiday,is_weekend,day_of_week,day_of_month,month,lag_1,lag_7,lag_30
seller_1,p300,2023-11-26,110.33358744394619,130.0,757,0,1,6,26,11,773.0,733.0,582.0
seller_1,p300,2023-11-27,118.5553807106599,130.0,603,0,0,0,27,11,757.0,567.0,751.0
seller_1,p300,2023-11-28,117.29413461538462,130.0,675,0,0,1,28,11,603.0,520.0,784.0
seller_1,p300,2023-11-29,118.0479534883721,130.0,634,0,0,2,29,11,675.0,751.0,1002.0
seller_1,p300,2023-11-30,118.57109375,130.0,558,0,0,3,30,11,634.0,765.0,965.0
seller_1,p300,2023-12-01,124.54253588516747,130.0,593,0,0,4,1,12,558.0,855.0,856.0
seller_1,p300,2023-12-02,117.1649268292683,130.0,686,0,1,5,2,12,593.0,773.0,570.0
seller_1,p300,2023-12-03,117.06349056603773,130.0,691,0,1,6,3,12,686.0,757.0,566.0
seller_1,p300,2023-12-04,124.43723577235772,130.0,657,0,0,0,4,12,691.0,603.0,659.0
seller_1,p300,2023-12-05,124.44490825688074,130.0,596,0,0,1,5,12,657.0,675.0,645.0
seller_1,p300,2023-12-06,124.55215596330275,130.0,553,0,0,2,6,12,596.0,634.0,653.0
seller_1,p300,2023-12-07,124.3158695652174,130.0,608,0,0,3,7,12,553.0,558.0,527.0
seller_1,p300,2023-12-08,124.34985849056604,130.0,559,0,0,4,8,12,608.0,593.0,605.0
seller_1,p300,2023-12-09,116.94009090909091,130.0,711,0,1,5,9,12,559.0,686.0,562.0
seller_1,p300,2023-12-10,116.79237623762377,130.0,653,0,1,6,10,12,711.0,691.0,616.0
seller_1,p300,2023-12-11,123.83217171717172,130.0,546,0,0,0,11,12,653.0,657.0,782.0
seller_1,p300,2023-12-12,124.06625615763546,130.0,524,0,0,1,12,12,546.0,596.0,653.0
seller_1,p300,2023-12-13,124.48948453608247,130.0,499,0,0,2,13,12,524.0,553.0,531.0
seller_1,p300,2023-12-14,124.2987922705314,130.0,548,0,0,3,14,12,499.0,608.0,485.0
seller_1,p300,2023-12-15,124.60151960784313,130.0,515,0,0,4,15,12,548.0,559.0,487.0
seller_1,p300,2023-12-16,116.63075757575757,130.0,591,0,1,5,16,12,515.0,711.0,563.0
seller_1,p300,2023-12-17,116.9548,130.0,672,0,1,6,17,12,591.0,653.0,638.0
seller_1,p300,2023-12-18,123.87223255813953,130.0,568,0,0,0,18,12,672.0,546.0,638.0
seller_1,p300,2023-12-19,124.41370731707318,130.0,534,0,0,1,19,12,568.0,524.0,733.0
seller_1,p300,2023-12-20,123.94448780487804,130.0,524,0,0,2,20,12,534.0,499.0,567.0
seller_1,p300,2023-12-21,124.88010204081633,130.0,522,0,0,3,21,12,524.0,548.0,520.0
seller_1,p300,2023-12-22,124.2499557522124,130.0,618,0,0,4,22,12,522.0,515.0,751.0
seller_1,p300,2023-12-23,117.05411483253589,130.0,627,0,1,5,23,12,618.0,591.0,765.0
seller_1,p300,2023-12-24,110.37152777777777,130.0,820,0,1,6,24,12,627.0,672.0,855.0
seller_1,p300,2023-12-25,105.83280612244897,130.0,754,1,0,0,25,12,820.0,568.0,773.0
seller_1,p300,2023-12-26,106.36079787234044,130.0,762,0,0,1,26,12,754.0,534.0,757.0
seller_1,p300,2023-12-27,118.31211267605633,130.0,625,0,0,2,27,12,762.0,524.0,603.0
seller_1,p300,2023-12-28,118.46385714285714,130.0,683,0,0,3,28,12,625.0,522.0,675.0
seller_1,p300,2023-12-29,117.95425837320573,130.0,646,0,0,4,29,12,683.0,618.0,634.0
seller_1,p300,2023-12-30,110.64409909909911,130.0,779,0,1,5,30,12,646.0,627.0,558.0
seller_1,p300,2023-12-31,106.19028571428571,130.0,916,0,1,6,31,12,779.0,820.0,593.0
seller_1,p300,2024-01-01,110.50940886699507,130.0,826,1,0,0,1,1,916.0,754.0,686.0
seller_1,p300,2024-01-02,110.40323008849558,130.0,909,0,0,1,2,1,826.0,762.0,691.0
seller_1,p300,2024-01-03,124.0166504854369,130.0,603,0,0,2,3,1,909.0,625.0,657.0
seller_1,p300,2024-01-04,124.01699481865285,130.0,509,0,0,3,4,1,603.0,683.0,596.0
seller_1,p300,2024-01-05,123.811628959276,130.0,608,0,0,4,5,1,509.0,646.0,553.0
seller_1,p300,2024-01-06,117.24372340425532,130.0,568,0,1,5,6,1,608.0,779.0,608.0
seller_1,p300,2024-01-07,117.29038461538462,130.0,627,0,1,6,7,1,568.0,916.0,559.0
seller_1,p300,2024-01-08,124.31113207547169,130.0,560,0,0,0,8,1,627.0,826.0,711.0
seller_1,p300,2024-01-09,124.15086956521738,130.0,481,0,0,1,9,1,560.0,909.0,653.0
seller_1,p300,2024-01-10,123.95704433497536,130.0,559,0,0,2,10,1,481.0,603.0,546.0
seller_1,p300,2024-01-11,124.81700534759358,130.0,470,0,0,3,11,1,559.0,509.0,524.0
seller_1,p300,2024-01-12,123.97704225352113,130.0,558,0,0,4,12,1,470.0,608.0,499.0
seller_1,p300,2024-01-13,116.93039647577093,130.0,731,0,1,5,13,1,558.0,568.0,548.0
seller_1,p300,2024-01-14,117.35968181818183,130.0,688,0,1,6,14,1,731.0,627.0,515.0
seller_1,p300,2024-01-15,124.11530172413794,130.0,670,1,0,0,15,1,688.0,560.0,591.0
seller_1,p300,2024-01-16,123.94995833333334,130.0,631,0,0,1,16,1,670.0,481.0,672.0
seller_1,p300,2024-01-17,124.06257142857143,130.0,645,0,0,2,17,1,631.0,559.0,568.0
seller_1,p300,2024-01-18,124.1440948275862,130.0,625,0,0,3,18,1,645.0,470.0,534.0
seller_1,p300,2024-01-19,123.99438596491228,130.0,473,0,0,4,19,1,625.0,558.0,524.0
seller_1,p300,2024-01-20,117.29030303030302,130.0,610,0,1,5,20,1,473.0,731.0,522.0
seller_1,p300,2024-01-21,117.34682926829268,130.0,756,0,1,6,21,1,610.0,688.0,618.0
seller_1,p300,2024-01-22,124.26249999999999,130.0,548,0,0,0,22,1,756.0,670.0,627.0
seller_1,p300,2024-01-23,124.16389743589743,130.0,536,0,0,1,23,1,548.0,631.0,820.0
seller_1,p300,2024-01-24,123.95959459459459,130.0,628,0,0,2,24,1,536.0,645.0,754.0
seller_1,p300,2024-01-25,117.99631067961165,130.0,651,0,0,3,25,1,628.0,625.0,762.0
seller_1,p300,2024-01-26,117.45872832369943,130.0,534,0,0,4,26,1,651.0,473.0,625.0
seller_1,p300,2024-01-27,110.46123853211009,130.0,737,0,1,5,27,1,534.0,610.0,683.0
seller_1,p300,2024-01-28,110.49423076923078,130.0,775,0,1,6,28,1,737.0,756.0,646.0
seller_1,p300,2024-01-29,117.20186274509804,130.0,608,0,0,0,29,1,775.0,548.0,779.0
seller_1,p300,2024-01-30,118.16723958333334,130.0,582,0,0,1,30,1,608.0,536.0,916.0
seller_1,p300,2024-01-31,117.76558375634518,130.0,600,0,0,2,31,1,582.0,628.0,826.0
seller_1,p300,2024-02-01,124.45798882681564,130.0,552,0,0,3,1,2,600.0,651.0,909.0
seller_1,p300,2024-02-02,124.21654545454545,130.0,602,0,0,4,2,2,552.0,534.0,603.0
seller_1,p300,2024-02-03,117.3194921875,130.0,815,0,1,5,3,2,602.0,737.0,509.0
seller_1,p300,2024-02-04,117.4827397260274,130.0,656,0,1,6,4,2,815.0,775.0,608.0
seller_1,p300,2024-02-05,123.6101554404145,130.0,523,0,0,0,5,2,656.0,608.0,568.0
seller_1,p300,2024-02-06,124.35074866310161,130.0,509,0,0,1,6,2,523.0,582.0,627.0
seller_1,p300,2024-02-07,124.18386138613862,130.0,550,0,0,2,7,2,509.0,600.0,560.0
seller_1,p300,2024-02-08,123.88172897196262,130.0,595,0,0,3,8,2,550.0,552.0,481.0
seller_1,p300,2024-02-09,124.99308080808082,130.0,549,0,0,4,9,2,595.0,602.0,559.0
seller_1,p300,2024-02-10,117.20352631578946,130.0,554,0,1,5,10,2,549.0,815.0,470.0
seller_1,p300,2024-02-11,117.2325925925926,130.0,692,0,1,6,11,2,554.0,656.0,558.0
seller_1,p300,2024-02-12,124.16133640552995,130.0,575,0,0,0,12,2,692.0,523.0,731.0
seller_1,p300,2024-02-13,110.52444444444444,130.0,786,0,0,1,13,2,575.0,509.0,688.0
seller_1,p300,2024-02-14,110.1111956521739,130.0,736,0,0,2,14,2,786.0,550.0,670.0
seller_1,p300,2024-02-15,110.67196891191709,130.0,728,0,0,3,15,2,736.0,595.0,631.0
seller_1,p300,2024-02-16,124.4549456521739,130.0,495,0,0,4,16,2,728.0,549.0,645.0
seller_1,p300,2024-02-17,117.11917874396134,130.0,672,0,1,5,17,2,495.0,554.0,625.0
seller_1,p300,2024-02-18,116.67999999999999,130.0,668,0,1,6,18,2,672.0,692.0,473.0
seller_1,p300,2024-02-19,123.93820895522389,130.0,539,1,0,0,19,2,668.0,575.0,610.0
seller_1,p300,2024-02-20,124.01241025641025,130.0,512,0,0,1,20,2,539.0,786.0,756.0
seller_1,p300,2024-02-21,124.52331818181818,130.0,589,0,0,2,21,2,512.0,736.0,548.0
seller_1,p300,2024-02-22,124.51698019801981,130.0,520,0,0,3,22,2,589.0,728.0,536.0
seller_1,p300,2024-02-23,123.71746341463415,130.0,562,0,0,4,23,2,520.0,495.0,628.0
seller_1,p300,2024-02-24,117.14634020618557,130.0,588,0,1,5,24,2,562.0,672.0,651.0
seller_1,p300,2024-02-25,110.4535922330097,130.0,664,0,1,6,25,2,588.0,668.0,534.0
seller_1,p300,2024-02-26,117.93840579710145,130.0,649,0,0,0,26,2,664.0,539.0,737.0
seller_1,p300,2024-02-27,118.05138888888888,130.0,631,0,0,1,27,2,649.0,512.0,775.0
seller_1,p300,2024-02-28,117.94354260089686,130.0,646,0,0,2,28,2,631.0,589.0,608.0
seller_1,p300,2024-02-29,117.61788288288288,130.0,682,0,0,3,29,2,646.0,520.0,582.0
seller_1,p300,2024-03-01,123.74045918367348,130.0,644,0,0,4,1,3,682.0,562.0,600.0
seller_1,p300,2024-03-02,116.78622340425532,130.0,688,0,1,5,2,3,644.0,588.0,552.0
seller_1,p300,2024-03-03,116.88287081339713,130.0,775,0,1,6,3,3,688.0,664.0,602.0
seller_1,p300,2024-03-04,124.63746478873239,130.0,682,0,0,0,4,3,775.0,649.0,815.0
seller_1,p300,2024-03-05,123.88308823529412,130.0,648,0,0,1,5,3,682.0,631.0,656.0
seller_1,p300,2024-03-06,124.07579185520362,130.0,690,0,0,2,6,3,648.0,646.0,523.0
seller_1,p300,2024-03-07,123.71585365853659,130.0,611,0,0,3,7,3,690.0,682.0,509.0
seller_1,p300,2024-03-08,123.91737777777777,130.0,672,0,0,4,8,3,611.0,644.0,550.0
seller_1,p300,2024-03-09,117.20118942731278,130.0,767,0,1,5,9,3,672.0,688.0,595.0
seller_1,p300,2024-03-10,116.60509900990098,130.0,729,0,1,6,10,3,767.0,775.0,549.0
seller_1,p300,2024-03-11,124.56019512195122,130.0,603,0,0,0,11,3,729.0,682.0,554.0
